=== Institusjonsledelse prerequisite baseline before materialization ===
node:fs:440
    return binding.readFileUtf8(path, stringToFlags(options.flag));
                   ^

Error: ENOENT: no such file or directory, open '/home/runner/work/History-Go/History-Go/reports/CIVICATION_HISTORIE_INSTITUSJONLEDELSE_PREREQUISITES_SOURCE_FIRST.md'
    at Object.readFileSync (node:fs:440:20)
    at Object.<anonymous> (/home/runner/work/History-Go/History-Go/tests/civication-historie-institusjonsledelse-prerequisites.test.js:1:4482)
    at Module._compile (node:internal/modules/cjs/loader:1781:14)
    at Object..js (node:internal/modules/cjs/loader:1913:10)
    at Module.load (node:internal/modules/cjs/loader:1505:32)
    at Function._load (node:internal/modules/cjs/loader:1309:12)
    at wrapModuleLoad (node:internal/modules/cjs/loader:254:19)
    at Function.executeUserEntryPoint [as runMain] (node:internal/modules/run_main:171:5)
    at node:internal/main/run_main_module:36:49 {
  errno: -2,
  code: 'ENOENT',
  syscall: 'open',
  path: '/home/runner/work/History-Go/History-Go/reports/CIVICATION_HISTORIE_INSTITUSJONLEDELSE_PREREQUISITES_SOURCE_FIRST.md'
}

Node.js v22.23.2
