Wrote 300 role rows to docs/CIVICATION_ROLE_PACK_INDEX.md and data/Civication/rolePackIndex.json
[CivicationSceneRegistry] {"schema":"compiled_scene_registry_v1","version":1,"registry_hash":"36c85c6ac6b6c251db563ba388624daf3fb4ef8ed88476bfd8f4e409a9743502","scenes":1510,"roles":64,"compiled_source_files":530,"ignored_source_files":1,"shadowed_duplicates":0,"legacy_fallback_files":8,"wrote":"data/Civication/compiledSceneRegistryV1.json","checked":null}
Wrote 85 career-eligible worlds, 3 canonical non-career worlds and 1 support worlds to data/Civication/careerGameplayMatrix.json and reports/civication-career-gameplay-matrix.md.
WROTE: data/Civication/roleWorldRolloutReadiness.json
WROTE: reports/civication-role-world-rollout-readiness.md
node:internal/assert/utils:77
    throw err;
    ^

AssertionError [ERR_ASSERTION]: The expression evaluated to a falsy value:

  assert.ok(man.files.includes(M))

    at Object.<anonymous> (/home/runner/work/History-Go/History-Go/tests/civication-historie-museum-og-samling-prerequisites.test.js:1:4785)
    at Module._compile (node:internal/modules/cjs/loader:1781:14)
    at Object..js (node:internal/modules/cjs/loader:1913:10)
    at Module.load (node:internal/modules/cjs/loader:1505:32)
    at Function._load (node:internal/modules/cjs/loader:1309:12)
    at wrapModuleLoad (node:internal/modules/cjs/loader:254:19)
    at Function.executeUserEntryPoint [as runMain] (node:internal/modules/run_main:171:5)
    at node:internal/main/run_main_module:36:49 {
  generatedMessage: true,
  code: 'ERR_ASSERTION',
  actual: false,
  expected: true,
  operator: '==',
  diff: 'simple'
}

Node.js v22.23.2
