✓ civication-history-go-deeplink-session.test.js
✓ civication-history-go-deeplink.test.js
✓ civication-history-go-leksikon-producer.test.js
✓ civication-history-go-mode.test.js
✓ civication-history-go-reads-signal.test.js
✓ civication-history-go-story-producer.test.js
✓ civication-history-go-task-bridge.test.js
✓ civication-history-life-career-split.test.js
✓ civication-history-people-bridge.test.js
✓ civication-historygo-place-menu.test.js
✓ civication-home-snapshot.test.js
✓ civication-inbox-channels.test.js
✓ civication-inbox-top-action-open-status.test.js
✓ civication-incoming-flow.test.js
✓ civication-institution-authority-foundation.test.js
✓ civication-integrated-life-status.test.js
✓ civication-job-eligibility.test.js
✓ civication-job-learning-view-model.test.js
✓ civication-job-offer-eligibility-ui.test.js
✓ civication-kunst-kunstnerisk-ledelse-prerequisites.test.js
✓ civication-kunst-kunstnerisk-ledelse-role-world-rollout.test.js
✓ civication-kunst-life-career-split.test.js
✓ civication-kunst-utstillingsproduksjon-prerequisites.test.js
✓ civication-kunst-utstillingsproduksjon-role-world-rollout.test.js
✓ civication-lager-og-driftsmedarbeider-first-week-praksisfortellinger.test.js
✓ civication-lager-og-driftsmedarbeider-readiness-prerequisites.test.js
✓ civication-lager-og-driftsmedarbeider-role-package.test.js
✓ civication-lager-og-driftsmedarbeider-role-world-rollout.test.js
✓ civication-lager-og-driftsmedarbeider-rollout-playability.test.js
✓ civication-lager-og-driftsmedarbeider-second-week-praksisfortellinger.test.js
✓ civication-lager-og-driftsmedarbeider-two-week-flow.test.js
✓ civication-legacy-work-fallback-closed.test.js
✓ civication-life-position-career-split.test.js
✓ civication-life-status-economy-guard.test.js
✓ civication-lifestory-actions.test.js
✓ civication-lifestory-arbeidsledig.test.js
✓ civication-lifestory-barnehageassistent.test.js
✓ civication-lifestory-day3.test.js
✓ civication-lifestory-dayphase-guard.test.js
✓ civication-lifestory-ekspeditor.test.js
✓ civication-lifestory-endings.test.js
✓ civication-lifestory-engine.test.js
✓ civication-lifestory-lifestyle-bridge.test.js
✓ civication-lifestory-livelihood-bridge.test.js
✓ civication-lifestory-place-marker.test.js
✓ civication-lifestory-profile-conditions.test.js
✓ civication-lifestory-renholder.test.js
✓ civication-lifestory-responsive-layout.test.js
✓ civication-lifestory-runner.test.js
✓ civication-lifestory-shell-psyche-bridge.test.js
✓ civication-lifestory-shell-role-bridge.test.js
✓ civication-literature-life-career-split.test.js
✓ civication-literature-life-status-split.test.js
✓ civication-litteratur-redaksjonsmedarbeider-role-world-rollout.test.js
✓ civication-litteratur-redaksjonsmedarbeider-rollout-playability.test.js
✓ civication-litteratur-redaktor-bok-role-world-rollout.test.js
✓ civication-litteratur-redaktor-bok-rollout-playability.test.js
✓ civication-livelihood-engine.test.js
✓ civication-livelihood-opportunity-bridge.test.js
✓ civication-mail-choice-uniqueness.test.js
✓ civication-mail-loop.test.js
✓ civication-mail-thread-dedupe.test.js
✓ civication-media-life-career-split.test.js
✓ civication-media-redaksjon-role-world-realism-pilot.test.js
✓ civication-media-redaksjon-rollout-playability.test.js
✓ civication-media-redaksjonell-ledelse-role-world-rollout.test.js
✓ civication-media-redaksjonell-ledelse-rollout-playability.test.js
✓ civication-mellomleder-first-week-praksisfortellinger.test.js
✓ civication-mellomleder-readiness-prerequisites.test.js
✓ civication-mellomleder-role-world-rollout.test.js
✓ civication-mellomleder-rollout-playability.test.js
✓ civication-mellomleder-second-week-praksisfortellinger.test.js
✓ civication-mellomleder-two-week-flow.test.js
✓ civication-milestone-highlight.test.js
✓ civication-mini-sections-home-settled.test.js
✓ civication-music-life-career-split.test.js
✓ civication-naeringsliv-avdelingsleder-role-world-rollout.test.js
✓ civication-naeringsliv-finansanalytiker-role-world-rollout.test.js
✓ civication-naeringsliv-finansanalytiker-rollout-playability.test.js
✓ civication-naeringsliv-finansdirektor-role-world-rollout.test.js
✓ civication-naeringsliv-finansdirektor-rollout-playability.test.js
✓ civication-naeringsliv-life-career-split.test.js
✓ civication-naeringsliv-okonomi-og-finanssjef-role-world-rollout.test.js
✓ civication-naeringsliv-okonomi-og-finanssjef-rollout-playability.test.js
✓ civication-nature-life-career-split.test.js
✓ civication-next-action-consolidation.test.js
✓ civication-next-action-new-day.test.js
✓ civication-no-evening-work-gate.test.js
✓ civication-outcome-status-ui.test.js
✓ civication-persistent-work-object-foundation.test.js
✓ civication-phase-bundle.test.js
✓ civication-philosophy-life-career-split.test.js
✓ civication-pilot-wave-closure.test.js
✓ civication-place-menu-city-map-role.test.js
✓ civication-player-phase-snapshots.test.js
✓ civication-politics-life-career-split.test.js
✓ civication-politics-role-resolver.test.js
✓ civication-praksisfortellinger-cross-role.test.js
✓ civication-praksisfortellinger-registry-audit.test.js
✓ civication-praksisfortellinger-two-week-flow.test.js
✓ civication-private-phase-mailers.test.js
✓ civication-private-phase-profile-bridge.test.js
✓ civication-psychology-academic-career-ladder.test.js
✓ civication-psychology-career-contract.test.js
✓ civication-psychology-clinical-career-ladder.test.js
✓ civication-psychology-competence.test.js
✓ civication-psychology-entry-career-ladder.test.js
✓ civication-psychology-guidance-career-ladder.test.js
✓ civication-psychology-room-tools.test.js
✓ civication-psykolog-rollout-playability.test.js
✓ civication-psykologi-arbeids-og-karriereveiledning-prerequisites.test.js
✓ civication-psykologi-arbeids-og-karriereveiledning-role-world-rollout.test.js
✓ civication-psykologi-fagansvarlig-role-world-rollout.test.js
✓ civication-psykologi-fagansvarlig-rollout-playability.test.js
✓ civication-psykologi-forsker-psykologi-role-world-rollout.test.js
✓ civication-psykologi-forsker_psykologi-rollout-playability.test.js
✓ civication-psykologi-klinikkleder-prerequisites.test.js
✓ civication-psykologi-klinikkleder-role-world-rollout.test.js
✓ civication-psykologi-miljoarbeid-playability.test.js
✓ civication-psykologi-miljoarbeid-role-world-rollout.test.js
✓ civication-psykologi-professor-psykologi-role-world-rollout.test.js
✓ civication-psykologi-professor_psykologi-rollout-playability.test.js
✓ civication-psykologi-psykolog-role-world-rollout.test.js
✓ civication-psykologi-spesialistpsykolog-prerequisites.test.js
✓ civication-psykologi-spesialistpsykolog-role-world-rollout.test.js
✓ civication-readiness-health.test.js
✓ civication-reference-role-playability.test.js
✓ civication-reference-roles-choice-contract.test.js
✓ civication-relationship-engine.test.js
✓ civication-religion-forskning-playability.test.js
✓ civication-religion-forskning-role-world-rollout.test.js
✓ civication-religion-life-career-split.test.js
✓ civication-renholder-first-week-praksisfortellinger.test.js
✓ civication-renholder-mail-plan.test.js
✓ civication-renholder-role-package.test.js
✓ civication-renholder-role-world.test.js
✓ civication-renholder-second-week-praksisfortellinger.test.js
✓ civication-renholder-two-week-flow.test.js
✓ civication-role-pack-depth.test.js
✓ civication-role-world-broad-rollout-policy.test.js
✓ civication-role-world-contract.test.js
✓ civication-role-world-realism-matrix.test.js
✓ civication-role-world-rollout-readiness.test.js
✓ civication-role-world-runtime-governance.test.js
✓ civication-scene-director-daily-catalog.test.js
✓ civication-scene-director-ownership.test.js
✓ civication-scene-interaction-contract.test.js
✓ civication-scene-interaction-no-fallback.test.js
✓ civication-scene-pipeline-reachability.test.js
✓ civication-scene-source-adapter-life.test.js
✓ civication-scene-source-adapter-narrative.test.js
✓ civication-scene-source-adapter-private.test.js
✓ civication-scene-source-adapter-social.test.js
✓ civication-scenekunst-dramaturgi-og-utvikling-prerequisites.test.js
✓ civication-scenekunst-dramaturgi-og-utvikling-role-world-rollout.test.js
✓ civication-scenekunst-institusjonsledelse-prerequisites.test.js
✓ civication-scenekunst-institusjonsledelse-role-world-rollout.test.js
✓ civication-scenekunst-life-career-split.test.js
✓ civication-scenekunst-program-og-kuratering-prerequisites.test.js
✓ civication-scenekunst-program-og-kuratering-role-world-rollout.test.js
✓ civication-scenekunst-regi-og-koreografi-prerequisites.test.js
✓ civication-scenekunst-regi-og-koreografi-role-world-rollout.test.js
✓ civication-scenekunst-scene-og-produksjon-prerequisites.test.js
✓ civication-scenekunst-scene-og-produksjon-role-world-rollout.test.js
✓ civication-scenekunst-utoving-og-ensemble-prerequisites.test.js
✓ civication-scenekunst-utoving-og-ensemble-role-world-rollout.test.js
✓ civication-second-week-praksisfortellinger.test.js
✓ civication-semantic-playthrough-gate.test.js
✓ civication-situated-reputation.test.js
✓ civication-social-conversations.test.js
✓ civication-social-encounter-responses.test.js
✓ civication-social-encounters.test.js
✓ civication-social-place-resolver.test.js
✓ civication-spatial-day-bridge.test.js
✓ civication-spatial-day-integration.test.js
✓ civication-sport-life-career-split.test.js
✓ civication-sport-sportsledelse-role-world-rollout.test.js
✓ civication-sport-sportsledelse-rollout-playability.test.js
✓ civication-sport-trener-role-world-rollout.test.js
✓ civication-sport-trener-rollout-playability.test.js
✓ civication-sport-utover-role-world-realism-pilot.test.js
✓ civication-sport-utover-role-world.test.js
✓ civication-state-parse-cache.test.js
✓ civication-storage-adapter.test.js
✓ civication-subkultur-arrangementsdrift-playability.test.js
✓ civication-subkultur-arrangementsdrift-role-world-rollout.test.js
✓ civication-subkultur-career-architecture.test.js
✓ civication-subkultur-kulturarena-ledelse-prerequisites.test.js
✓ civication-subkultur-kulturarena-ledelse-role-world-rollout.test.js
✓ civication-subkultur-produksjon-og-prosjekt-prerequisites.test.js
✓ civication-subkultur-produksjon-og-prosjekt-role-world-rollout.test.js
✓ civication-subkultur-produksjonsledelse-prerequisites.test.js
✓ civication-subkultur-produksjonsledelse-role-world-rollout.test.js
✓ civication-subkultur-program-og-koordinering-prerequisites.test.js
✓ civication-subkultur-program-og-koordinering-role-world-rollout.test.js
✓ civication-task-gate-inline.test.js
✓ civication-test-mode-ui.test.js
✓ civication-three-map-groundhopper.test.js
✓ civication-three-map-place-miniatures.test.js
✓ civication-three-map-postprocess.test.js
✓ civication-three-map-projection.test.js
✓ civication-travel-state.test.js
✓ civication-ui-workday-helper.test.js
✓ civication-v2-main-flow.test.js
✓ civication-v2-min-dag-ui.test.js
✓ civication-vitenskap-career-architecture.test.js
✓ civication-work-grammar-story-simulation.test.js
✓ civication-work-object-scene-pipeline.test.js
✓ civication-workday-panel-phase-model.test.js

365/366 testfiler OK (36.4s)

1 feilet:

=== civication-historie-institusjonsledelse-prerequisites.test.js ===
AssertionError [ERR_ASSERTION]: Expected values to be strictly deep-equal:
+ actual - expected

+ []
- [
-   'situated_reputation'
- ]

    at Object.<anonymous> (/home/runner/work/History-Go/History-Go/tests/civication-historie-institusjonsledelse-prerequisites.test.js:1:3890)
    at Module._compile (node:internal/modules/cjs/loader:1781:14)
    at Object..js (node:internal/modules/cjs/loader:1913:10)
    at Module.load (node:internal/modules/cjs/loader:1505:32)
    at Function._load (node:internal/modules/cjs/loader:1309:12)
    at wrapModuleLoad (node:internal/modules/cjs/loader:254:19)
    at Function.executeUserEntryPoint [as runMain] (node:internal/modules/run_main:171:5)
    at node:internal/main/run_main_module:36:49 {
  generatedMessage: true,
  code: 'ERR_ASSERTION',
  actual: [],
  expected: [ 'situated_reputation' ],
  operator: 'deepStrictEqual',
  diff: 'simple'
}

Node.js v22.23.2
