=== Career gameplay audit ===
Wrote 85 career-eligible worlds, 3 canonical non-career worlds and 1 support worlds to data/Civication/careerGameplayMatrix.json and reports/civication-career-gameplay-matrix.md.
=== Role World rollout readiness audit ===
WROTE: data/Civication/roleWorldRolloutReadiness.json
WROTE: reports/civication-role-world-rollout-readiness.md
=== Focused Kunst Kuratering og program Role World test ===
node:assert:883
    throw err;
    ^

AssertionError [ERR_ASSERTION]: The input did not match the regular expression /korrigering/i. Input:

'Denne verdenen er research-, utvalgs-, proveniens-/attribusjons-, rettighets-, habilitets-, kunstnerdialog-, tekst- og korreksjonssentrert. Den er ikke portefølje-/styreledelse, produksjonsdrift eller materialbehandling, selv når de samme institusjonene og enkelte handoff-grenser møtes.'

    at Object.<anonymous> (/home/runner/work/History-Go/History-Go/tests/civication-kunst-kuratering-og-program-role-world-rollout.test.js:171:10)
    at Module._compile (node:internal/modules/cjs/loader:1781:14)
    at Object..js (node:internal/modules/cjs/loader:1913:10)
    at Module.load (node:internal/modules/cjs/loader:1505:32)
    at Function._load (node:internal/modules/cjs/loader:1309:12)
    at wrapModuleLoad (node:internal/modules/cjs/loader:254:19)
    at Function.executeUserEntryPoint [as runMain] (node:internal/modules/run_main:171:5)
    at node:internal/main/run_main_module:36:49 {
  generatedMessage: true,
  code: 'ERR_ASSERTION',
  actual: 'Denne verdenen er research-, utvalgs-, proveniens-/attribusjons-, rettighets-, habilitets-, kunstnerdialog-, tekst- og korreksjonssentrert. Den er ikke portefølje-/styreledelse, produksjonsdrift eller materialbehandling, selv når de samme institusjonene og enkelte handoff-grenser møtes.',
  expected: /korrigering/i,
  operator: 'match',
  diff: 'simple'
}

Node.js v22.23.2
