=== Role Pack audit ===
Wrote 300 role rows to docs/CIVICATION_ROLE_PACK_INDEX.md and data/Civication/rolePackIndex.json
=== Scene Registry build ===
[CivicationSceneRegistry] {"schema":"compiled_scene_registry_v1","version":1,"registry_hash":"057425782ea839a50a775812b592802123da737dc6e16aea035f15bb1ab21aa2","scenes":1555,"roles":67,"compiled_source_files":557,"ignored_source_files":1,"shadowed_duplicates":0,"legacy_fallback_files":8,"wrote":"data/Civication/compiledSceneRegistryV1.json","checked":null}
=== Career gameplay audit ===
Wrote 85 career-eligible worlds, 3 canonical non-career worlds and 1 support worlds to data/Civication/careerGameplayMatrix.json and reports/civication-career-gameplay-matrix.md.
=== Role World rollout readiness audit ===
WROTE: data/Civication/roleWorldRolloutReadiness.json
WROTE: reports/civication-role-world-rollout-readiness.md
=== Focused Kunst Museumsledelse prerequisite test ===
node:assert:150
  throw new AssertionError(obj);
  ^

AssertionError [ERR_ASSERTION]: Expected values to be strictly equal:
+ actual - expected

+ 'foundation_ready'
- 'needs_role_authored_work'

    at Object.<anonymous> (/home/runner/work/History-Go/History-Go/tests/civication-kunst-museumsledelse-prerequisites.test.js:159:8)
    at Module._compile (node:internal/modules/cjs/loader:1781:14)
    at Object..js (node:internal/modules/cjs/loader:1913:10)
    at Module.load (node:internal/modules/cjs/loader:1505:32)
    at Function._load (node:internal/modules/cjs/loader:1309:12)
    at wrapModuleLoad (node:internal/modules/cjs/loader:254:19)
    at Function.executeUserEntryPoint [as runMain] (node:internal/modules/run_main:171:5)
    at node:internal/main/run_main_module:36:49 {
  generatedMessage: true,
  code: 'ERR_ASSERTION',
  actual: 'foundation_ready',
  expected: 'needs_role_authored_work',
  operator: 'strictEqual',
  diff: 'simple'
}

Node.js v22.23.2
