=== Focused Natur Felt og formidling Role World test ===
node:assert:883
    throw err;
    ^

AssertionError [ERR_ASSERTION]: The input did not match the regular expression /korrig/i. Input:

'Natur / Felt og formidling er særskilt bundet til direkte observasjon, prøve/foto-metadata, HMS, vær, sårbar natur, artsusikkerhet, besøksveiledning og offentlig korreksjon i felt. Den er ikke en forskningsverden med laboratorie/replikasjonsfokus, ikke en kunstpublikumsverden og ikke generell programkoordinering. Privat etterklang er koblet til feltberedskap, usikre funn og publikumspress.'

    at Object.<anonymous> (/home/runner/work/History-Go/History-Go/tests/civication-natur-felt-og-formidling-role-world-rollout.test.js:112:129)
    at Module._compile (node:internal/modules/cjs/loader:1781:14)
    at Object..js (node:internal/modules/cjs/loader:1913:10)
    at Module.load (node:internal/modules/cjs/loader:1505:32)
    at Function._load (node:internal/modules/cjs/loader:1309:12)
    at wrapModuleLoad (node:internal/modules/cjs/loader:254:19)
    at Function.executeUserEntryPoint [as runMain] (node:internal/modules/run_main:171:5)
    at node:internal/main/run_main_module:36:49 {
  generatedMessage: true,
  code: 'ERR_ASSERTION',
  actual: 'Natur / Felt og formidling er særskilt bundet til direkte observasjon, prøve/foto-metadata, HMS, vær, sårbar natur, artsusikkerhet, besøksveiledning og offentlig korreksjon i felt. Den er ikke en forskningsverden med laboratorie/replikasjonsfokus, ikke en kunstpublikumsverden og ikke generell programkoordinering. Privat etterklang er koblet til feltberedskap, usikre funn og publikumspress.',
  expected: /korrig/i,
  operator: 'match',
  diff: 'simple'
}

Node.js v22.23.2
