{
  "candidates": [
    {"id": "jan_henning_jespersen", "name": "Jan Henning Jespersen", "aliases": ["Jan Henning Jespersen", "Jan H. Jespersen", "J. H. Jespersen", "Jan Jespersen"]},
    {"id": "leif_jonny_johansen", "name": "Leif Jonny Johansen", "aliases": ["Leif Jonny Johansen", "Leif J. Johansen", "L. J. Johansen"]}
  ],
  "placeId": "skanevik_kultur_og_idrettshall",
  "baseline": {
    "files": 545,
    "entries": 1117,
    "identityHits": {"jan_henning_jespersen": [], "leif_jonny_johansen": []},
    "placeLinkHits": []
  },
  "current": {
    "files": 546,
    "entries": 1119,
    "identityHits": {
      "jan_henning_jespersen": [{"file": "people/kunst/vestland/etne/people_skanevik_kultur_og_idrettshall_batch1.json", "id": "jan_henning_jespersen", "name": "Jan Henning Jespersen"}],
      "leif_jonny_johansen": [{"file": "people/kunst/vestland/etne/people_skanevik_kultur_og_idrettshall_batch1.json", "id": "leif_jonny_johansen", "name": "Leif Jonny Johansen"}]
    },
    "placeLinkHits": [
      {"file": "people/kunst/vestland/etne/people_skanevik_kultur_og_idrettshall_batch1.json", "id": "jan_henning_jespersen", "name": "Jan Henning Jespersen"},
      {"file": "people/kunst/vestland/etne/people_skanevik_kultur_og_idrettshall_batch1.json", "id": "leif_jonny_johansen", "name": "Leif Jonny Johansen"}
    ]
  }
}
