
> history-go@0.0.0 tools:check
> npm run typecheck:tools && npm run build:tools && npm run audit:places-split-manifest-sync && npm run places:index:check && npm run places:coords:quality && npm run places:coords:intake && npm run places:emner:check && npm run i18n:dupkeys:check && npm run leksikon:ids:check && npm run places:aliases:check && npm run check:stories && npm run health:places && npm run audit:people-of-places && npm run audit:quiz-manifest:v2 && npm run audit:civication-place-mapping && npm run audit:civication-city-map-entries


> history-go@0.0.0 typecheck:tools
> tsc -p tsconfig.tools.json


> history-go@0.0.0 build:tools
> tsc -p tsconfig.tools.build.json


> history-go@0.0.0 audit:places-split-manifest-sync
> npm run build:tools && node dist/tools/audit-places-split-manifest-sync.mjs


> history-go@0.0.0 build:tools
> tsc -p tsconfig.tools.build.json

{
  "status": "passed",
  "counts": {
    "duplicateActivePlaceIds": 0,
    "staleSplitManifestRows": 0,
    "splitRowsMissingFromAggregate": 0,
    "movedPlacesStillActiveInOldCategory": 0
  },
  "auditReport": "reports/place-split-manifest-category-move-audit.json"
}

> history-go@0.0.0 places:index:check
> npm run build:tools && node dist/tools/check_no_lng_coordinates.mjs && node dist/tools/check_places_index_sync.mjs && npm run places:coords:check


> history-go@0.0.0 build:tools
> tsc -p tsconfig.tools.build.json

OK: Ingen active place-data bruker lng. History Go bruker lat/lon.
places_index.json is in sync with source place files after disabled-place filtering.

> history-go@0.0.0 places:coords:check
> node tests/place-coordinate-index-parity.test.js

Place coordinate index parity OK: runtime index coordinate fields match source files.

> history-go@0.0.0 places:coords:quality
> npm run places:coords:gate


> history-go@0.0.0 places:coords:gate
> npm run build:tools && node dist/tools/place-coordinate-quality-gate.mjs


> history-go@0.0.0 build:tools
> tsc -p tsconfig.tools.build.json

Quality gate ok: 476 filer, 1170 steder, 387 varsel, 674 review-kandidatsignal(er) på 527 steder (se reports/place-coordinate-quality-gate.md).

> history-go@0.0.0 places:coords:intake
> npm run build:tools && node dist/tools/place-coordinate-intake-gate.mjs --strict-new


> history-go@0.0.0 build:tools
> tsc -p tsconfig.tools.build.json

Place coordinate intake gate: 0 blocking, 3869 backlog, 0 warnings. Rapport: reports/place-coordinate-intake-gate.md

> history-go@0.0.0 places:emner:check
> npm run build:tools && node dist/tools/check_place_emne_ids.mjs


> history-go@0.0.0 build:tools
> tsc -p tsconfig.tools.build.json

=== Place emne_id validation ===
Active place files: 476
Canonical emne files scanned: 15
Canonical emne ids loaded: 996

Missing emne_ids: 0

Duplicate emne_ids within same place: 0

Duplicate place ids across active files: 0

Duplicate place ids within same active file: 0

Duplicate canonical emne_ids across canonical files: 0

> history-go@0.0.0 i18n:dupkeys:check
> npm run build:tools && node dist/tools/check_duplicate_json_keys.mjs


> history-go@0.0.0 build:tools
> tsc -p tsconfig.tools.build.json

OK: no duplicate JSON keys in i18n place files.

> history-go@0.0.0 leksikon:ids:check
> npm run build:tools && node dist/tools/check_leksikon_duplicate_ids.mjs


> history-go@0.0.0 build:tools
> tsc -p tsconfig.tools.build.json

OK: no duplicate leksikon article IDs.

> history-go@0.0.0 places:aliases:check
> npm run build:tools && node dist/tools/check_place_id_aliases.mjs


> history-go@0.0.0 build:tools
> tsc -p tsconfig.tools.build.json

OK: no legacy place IDs found in checked JSON data.

> history-go@0.0.0 check:stories
> npm run build:tools && node dist/tools/check_stories_integrity.mjs


> history-go@0.0.0 build:tools
> tsc -p tsconfig.tools.build.json

Stories integrity summary
- Story-filer: 127
- Stories: 165
- Place-koblede stories: 165
- Person-koblede stories: 51
- Next scenes: 164
- Place-sourcefiler lest: 476

Stories integrity FAILED
- Ugyldig place_id: story=st_regjeringskvartalet_terror_2011 field=related_places[0] place_id=utoya file=data/stories/stories_regjeringskvartalet.json
- Ugyldig place_id: story=st_mollergata_19_petter_moens_dagbok field=related_places[1] place_id=norges_hjemmefrontmuseum file=data/stories/stories_mollergata_19.json
- Ugyldig place_id: story=st_mollergata_19_petter_moens_dagbok field=next_scenes[0].place_id place_id=norges_hjemmefrontmuseum file=data/stories/stories_mollergata_19.json
- Ugyldig place_id: story=st_folketeateret_kino_teater_opera_musikal field=related_places[1] place_id=operaen file=data/stories/stories_folketeateret.json
- Ugyldig place_id: story=st_folketeateret_kino_teater_opera_musikal field=next_scenes[0].place_id place_id=operaen file=data/stories/stories_folketeateret.json
PASS: tools:check reached check:stories and stopped only on the five known main-branch invalid place references.
