2026-07-18T22:16:03.7822402Z Current runner version: '2.335.1'
2026-07-18T22:16:03.7844678Z ##[group]Runner Image Provisioner
2026-07-18T22:16:03.7845384Z Hosted Compute Agent
2026-07-18T22:16:03.7845935Z Version: 20260707.563
2026-07-18T22:16:03.7846430Z Commit: 02667638d2b423fbc733a8e32a88b44996a3ba6e
2026-07-18T22:16:03.7847024Z Build Date: 2026-07-07T19:33:50Z
2026-07-18T22:16:03.7847730Z Worker ID: {c39162ad-83b4-4b1b-b0ce-c63539f7eca3}
2026-07-18T22:16:03.7848311Z Azure Region: westus
2026-07-18T22:16:03.7848809Z ##[endgroup]
2026-07-18T22:16:03.7849937Z ##[group]Operating System
2026-07-18T22:16:03.7850409Z Ubuntu
2026-07-18T22:16:03.7850906Z 24.04.4
2026-07-18T22:16:03.7851349Z LTS
2026-07-18T22:16:03.7851784Z ##[endgroup]
2026-07-18T22:16:03.7852232Z ##[group]Runner Image
2026-07-18T22:16:03.7852710Z Image: ubuntu-24.04
2026-07-18T22:16:03.7853201Z Version: 20260714.240.1
2026-07-18T22:16:03.7854262Z Included Software: https://github.com/actions/runner-images/blob/ubuntu24/20260714.240/images/ubuntu/Ubuntu2404-Readme.md
2026-07-18T22:16:03.7855577Z Image Release: https://github.com/actions/runner-images/releases/tag/ubuntu24%2F20260714.240
2026-07-18T22:16:03.7856331Z ##[endgroup]
2026-07-18T22:16:03.7857344Z ##[group]GITHUB_TOKEN Permissions
2026-07-18T22:16:03.7858948Z Contents: read
2026-07-18T22:16:03.7859496Z Metadata: read
2026-07-18T22:16:03.7859945Z ##[endgroup]
2026-07-18T22:16:03.7861720Z Secret source: Actions
2026-07-18T22:16:03.7862404Z Prepare workflow directory
2026-07-18T22:16:03.8133000Z Prepare all required actions
2026-07-18T22:16:03.8164911Z Getting action download info
2026-07-18T22:16:04.1282269Z Download action repository 'actions/checkout@v4' (SHA:34e114876b0b11c390a56381ad16ebd13914f8d5)
2026-07-18T22:16:04.2696652Z Download action repository 'actions/setup-node@v4' (SHA:49933ea5288caeca8642d1e84afbd3f7d6820020)
2026-07-18T22:16:04.4345716Z Complete job name: People data
2026-07-18T22:16:04.4965954Z Node 20 is being deprecated. This workflow is running with Node 24 by default. If you need to temporarily use Node 20, you can set the ACTIONS_ALLOW_USE_UNSECURE_NODE_VERSION=true environment variable. For more information see: https://github.blog/changelog/2025-09-19-deprecation-of-node-20-on-github-actions-runners/
2026-07-18T22:16:04.4973517Z ##[group]Run actions/checkout@v4
2026-07-18T22:16:04.4974061Z with:
2026-07-18T22:16:04.4974422Z   repository: Paradispartiet/History-Go
2026-07-18T22:16:04.4977867Z   token: ***
2026-07-18T22:16:04.4978216Z   ssh-strict: true
2026-07-18T22:16:04.4978562Z   ssh-user: git
2026-07-18T22:16:04.4978914Z   persist-credentials: true
2026-07-18T22:16:04.4979287Z   clean: true
2026-07-18T22:16:04.4979634Z   sparse-checkout-cone-mode: true
2026-07-18T22:16:04.4980037Z   fetch-depth: 1
2026-07-18T22:16:04.4980372Z   fetch-tags: false
2026-07-18T22:16:04.4980718Z   show-progress: true
2026-07-18T22:16:04.4981063Z   lfs: false
2026-07-18T22:16:04.4981431Z   submodules: false
2026-07-18T22:16:04.4981780Z   set-safe-directory: true
2026-07-18T22:16:04.4982298Z ##[endgroup]
2026-07-18T22:16:04.5821222Z Syncing repository: Paradispartiet/History-Go
2026-07-18T22:16:04.5823469Z ##[group]Getting Git version info
2026-07-18T22:16:04.5824456Z Working directory is '/home/runner/work/History-Go/History-Go'
2026-07-18T22:16:04.5825693Z [command]/usr/bin/git version
2026-07-18T22:16:04.5844799Z git version 2.54.0
2026-07-18T22:16:04.5861951Z ##[endgroup]
2026-07-18T22:16:04.5878708Z Temporarily overriding HOME='/home/runner/work/_temp/5cb188e3-4a75-4ed9-97ee-c21bbedf6be7' before making global git config changes
2026-07-18T22:16:04.5880523Z Adding repository directory to the temporary git global config as a safe directory
2026-07-18T22:16:04.5882007Z [command]/usr/bin/git config --global --add safe.directory /home/runner/work/History-Go/History-Go
2026-07-18T22:16:04.5924918Z Deleting the contents of '/home/runner/work/History-Go/History-Go'
2026-07-18T22:16:04.5929286Z ##[group]Initializing the repository
2026-07-18T22:16:04.5935614Z [command]/usr/bin/git init /home/runner/work/History-Go/History-Go
2026-07-18T22:16:04.6305916Z hint: Using 'master' as the name for the initial branch. This default branch name
2026-07-18T22:16:04.6306758Z hint: will change to "main" in Git 3.0. To configure the initial branch name
2026-07-18T22:16:04.6307567Z hint: to use in all of your new repositories, which will suppress this warning,
2026-07-18T22:16:04.6308445Z hint: call:
2026-07-18T22:16:04.6308927Z hint:
2026-07-18T22:16:04.6309569Z hint: 	git config --global init.defaultBranch <name>
2026-07-18T22:16:04.6310362Z hint:
2026-07-18T22:16:04.6310858Z hint: Names commonly chosen instead of 'master' are 'main', 'trunk' and
2026-07-18T22:16:04.6311572Z hint: 'development'. The just-created branch can be renamed via this command:
2026-07-18T22:16:04.6312138Z hint:
2026-07-18T22:16:04.6312464Z hint: 	git branch -m <name>
2026-07-18T22:16:04.6312901Z hint:
2026-07-18T22:16:04.6313454Z hint: Disable this message with "git config set advice.defaultBranchName false"
2026-07-18T22:16:04.6314775Z Initialized empty Git repository in /home/runner/work/History-Go/History-Go/.git/
2026-07-18T22:16:04.6316837Z [command]/usr/bin/git remote add origin https://github.com/Paradispartiet/History-Go
2026-07-18T22:16:04.6351511Z ##[endgroup]
2026-07-18T22:16:04.6352667Z ##[group]Disabling automatic garbage collection
2026-07-18T22:16:04.6355196Z [command]/usr/bin/git config --local gc.auto 0
2026-07-18T22:16:04.6389047Z ##[endgroup]
2026-07-18T22:16:04.6389965Z ##[group]Setting up auth
2026-07-18T22:16:04.6396325Z [command]/usr/bin/git config --local --name-only --get-regexp core\.sshCommand
2026-07-18T22:16:04.6435206Z [command]/usr/bin/git submodule foreach --recursive sh -c "git config --local --name-only --get-regexp 'core\.sshCommand' && git config --local --unset-all 'core.sshCommand' || :"
2026-07-18T22:16:04.6711495Z [command]/usr/bin/git config --local --name-only --get-regexp http\.https\:\/\/github\.com\/\.extraheader
2026-07-18T22:16:04.6744634Z [command]/usr/bin/git submodule foreach --recursive sh -c "git config --local --name-only --get-regexp 'http\.https\:\/\/github\.com\/\.extraheader' && git config --local --unset-all 'http.https://github.com/.extraheader' || :"
2026-07-18T22:16:04.6952358Z [command]/usr/bin/git config --local --name-only --get-regexp ^includeIf\.gitdir:
2026-07-18T22:16:04.6985593Z [command]/usr/bin/git submodule foreach --recursive git config --local --show-origin --name-only --get-regexp remote.origin.url
2026-07-18T22:16:04.7192488Z [command]/usr/bin/git config --local http.https://github.com/.extraheader AUTHORIZATION: basic ***
2026-07-18T22:16:04.7228739Z ##[endgroup]
2026-07-18T22:16:04.7229624Z ##[group]Fetching the repository
2026-07-18T22:16:04.7237328Z [command]/usr/bin/git -c protocol.version=2 fetch --no-tags --prune --no-recurse-submodules --depth=1 origin +e7f0ee11811b54c7f0cb436a6345de7bac84124f:refs/remotes/pull/2354/merge
2026-07-18T22:16:12.0533260Z From https://github.com/Paradispartiet/History-Go
2026-07-18T22:16:12.0534903Z  * [new ref]         e7f0ee11811b54c7f0cb436a6345de7bac84124f -> pull/2354/merge
2026-07-18T22:16:12.0568977Z ##[endgroup]
2026-07-18T22:16:12.0578196Z ##[group]Determining the checkout info
2026-07-18T22:16:12.0578903Z ##[endgroup]
2026-07-18T22:16:12.0579313Z [command]/usr/bin/git sparse-checkout disable
2026-07-18T22:16:12.0613926Z [command]/usr/bin/git config --local --unset-all extensions.worktreeConfig
2026-07-18T22:16:12.0647416Z ##[group]Checking out the ref
2026-07-18T22:16:12.0653058Z [command]/usr/bin/git checkout --progress --force refs/remotes/pull/2354/merge
2026-07-18T22:16:12.9014206Z Note: switching to 'refs/remotes/pull/2354/merge'.
2026-07-18T22:16:12.9014940Z 
2026-07-18T22:16:12.9015378Z You are in 'detached HEAD' state. You can look around, make experimental
2026-07-18T22:16:12.9016329Z changes and commit them, and you can discard any commits you make in this
2026-07-18T22:16:12.9017590Z state without impacting any branches by switching back to a branch.
2026-07-18T22:16:12.9018143Z 
2026-07-18T22:16:12.9018566Z If you want to create a new branch to retain commits you create, you may
2026-07-18T22:16:12.9019726Z do so (now or later) by using -c with the switch command. Example:
2026-07-18T22:16:12.9020274Z 
2026-07-18T22:16:12.9020554Z   git switch -c <new-branch-name>
2026-07-18T22:16:12.9020969Z 
2026-07-18T22:16:12.9021257Z Or undo this operation with:
2026-07-18T22:16:12.9021637Z 
2026-07-18T22:16:12.9021879Z   git switch -
2026-07-18T22:16:12.9022212Z 
2026-07-18T22:16:12.9022769Z Turn off this advice by setting config variable advice.detachedHead to false
2026-07-18T22:16:12.9023468Z 
2026-07-18T22:16:12.9024287Z HEAD is now at e7f0ee1 Merge a97fce716c6fbe4a273e6e543efd9d10264f5fc2 into 28913eb588cdac01539435ea357dd4e5885f670d
2026-07-18T22:16:12.9103929Z ##[endgroup]
2026-07-18T22:16:12.9152154Z [command]/usr/bin/git log -1 --format=%H
2026-07-18T22:16:12.9176253Z e7f0ee11811b54c7f0cb436a6345de7bac84124f
2026-07-18T22:16:12.9466351Z Node 20 is being deprecated. This workflow is running with Node 24 by default. If you need to temporarily use Node 20, you can set the ACTIONS_ALLOW_USE_UNSECURE_NODE_VERSION=true environment variable. For more information see: https://github.blog/changelog/2025-09-19-deprecation-of-node-20-on-github-actions-runners/
2026-07-18T22:16:12.9470173Z ##[group]Run actions/setup-node@v4
2026-07-18T22:16:12.9470954Z with:
2026-07-18T22:16:12.9471559Z   node-version: 20
2026-07-18T22:16:12.9472231Z   always-auth: false
2026-07-18T22:16:12.9472903Z   check-latest: false
2026-07-18T22:16:12.9479811Z   token: ***
2026-07-18T22:16:12.9480462Z ##[endgroup]
2026-07-18T22:16:13.0950237Z Attempting to download 20...
2026-07-18T22:16:13.1043283Z (node:2078) [DEP0040] DeprecationWarning: The `punycode` module is deprecated. Please use a userland alternative instead.
2026-07-18T22:16:13.1046063Z (Use `node --trace-deprecation ...` to show where the warning was created)
2026-07-18T22:16:14.1457012Z Acquiring 20.20.2 - x64 from https://github.com/actions/node-versions/releases/download/20.20.2-23521894959/node-20.20.2-linux-x64.tar.gz
2026-07-18T22:16:14.4748918Z Extracting ...
2026-07-18T22:16:14.4847280Z [command]/usr/bin/tar xz --strip 1 --warning=no-unknown-keyword --overwrite -C /home/runner/work/_temp/bba5e8ec-ef38-4488-b7c1-7ed3dd05646b -f /home/runner/work/_temp/f2d108eb-d903-482c-ae38-d004bdb09d0a
2026-07-18T22:16:15.3332697Z Adding to the cache ...
2026-07-18T22:16:17.5575772Z ##[group]Environment details
2026-07-18T22:16:17.9149827Z node: v20.20.2
2026-07-18T22:16:17.9150282Z npm: 10.8.2
2026-07-18T22:16:17.9150533Z yarn: 1.22.22
2026-07-18T22:16:17.9151110Z ##[endgroup]
2026-07-18T22:16:17.9324098Z ##[group]Run npm install --no-audit --no-fund
2026-07-18T22:16:17.9324451Z [36;1mnpm install --no-audit --no-fund[0m
2026-07-18T22:16:17.9444756Z shell: /usr/bin/bash -e {0}
2026-07-18T22:16:17.9445016Z ##[endgroup]
2026-07-18T22:16:20.2456424Z 
2026-07-18T22:16:20.2462954Z added 55 packages in 2s
2026-07-18T22:16:20.2604578Z ##[group]Run bash scripts/check-people.sh
2026-07-18T22:16:20.2604879Z [36;1mbash scripts/check-people.sh[0m
2026-07-18T22:16:20.2661376Z shell: /usr/bin/bash -e {0}
2026-07-18T22:16:20.2661622Z ##[endgroup]
2026-07-18T22:16:20.2769789Z == People JSON parse and duplicate ID check ==
2026-07-18T22:16:20.3212158Z json ok (551 files)
2026-07-18T22:16:20.3213277Z people ids ok (1126 entries, 1126 unique ids)
2026-07-18T22:16:20.3243134Z == Build tools ==
2026-07-18T22:16:20.4142455Z 
2026-07-18T22:16:20.4143131Z > history-go@0.0.0 build:tools
2026-07-18T22:16:20.4143520Z > tsc -p tsconfig.tools.build.json
2026-07-18T22:16:20.4143716Z 
2026-07-18T22:16:22.4712314Z == People invalid place refs ==
2026-07-18T22:16:22.6154406Z Wrote reports/people-invalid-place-refs.json and reports/people-invalid-place-refs.md
2026-07-18T22:16:22.6199462Z == People of places status ==
2026-07-18T22:16:22.7706299Z Wrote reports/people-of-places-status.json and reports/people-of-places-status.md
2026-07-18T22:16:22.7709477Z People: 1126; flat files: 0; geographic files: 549; invalid refs: 0; duplicate IDs: 0
2026-07-18T22:16:22.7782805Z == People place coverage ==
2026-07-18T22:16:22.8916008Z People-place audit complete: reports/people-place-coverage.json
2026-07-18T22:16:22.8920837Z People-place report complete: reports/people-place-coverage.md
2026-07-18T22:16:22.9010699Z == Etne people manifest integration ==
2026-07-18T22:16:22.9452586Z Etne people manifest integration OK (14 recovered people, 1126 active people)
2026-07-18T22:16:22.9487578Z == Etne People of Places batch 9 ==
2026-07-18T22:16:22.9908858Z Etne People of Places batch 9 OK (3 literary people, 3 direct place links)
2026-07-18T22:16:22.9939292Z == Etne People of Places batch 10 ==
2026-07-18T22:16:23.0371610Z Etne People of Places batch 10 OK (3 people, 2 direct physical-place anchors)
2026-07-18T22:16:23.0401484Z == Etne People of Places batch 11 ==
2026-07-18T22:16:23.0813030Z Etne People of Places batch 11 OK (3 museum founders, 1 direct physical-place anchor)
2026-07-18T22:16:23.0845066Z == Etne People of Places batch 12 ==
2026-07-18T22:16:23.1260545Z Etne People of Places batch 12 OK (3 canonical people, 2 newly covered physical places, 0 new people IDs)
2026-07-18T22:16:23.1290791Z == Etne People of Places batch 13 ==
2026-07-18T22:16:23.1739589Z Etne People of Places batch 13 OK (1 founder/head coach, 1 newly covered physical dojo, 1 canonical identity)
2026-07-18T22:16:23.1777838Z == Etne People of Places batch 14 ==
2026-07-18T22:16:23.2231859Z Etne People of Places batch 14 OK (1 bounded collective, 1 newly covered physical pavilion, 1 canonical identity)
2026-07-18T22:16:23.2265181Z == Etne People of Places batch 15 ==
2026-07-18T22:16:23.2717815Z Etne People of Places batch 15 OK (1 named initiator, 1 newly covered physical disc-golf course, 1 canonical identity)
2026-07-18T22:16:23.2749953Z == Etne People of Places batch 16 ==
2026-07-18T22:16:23.3252938Z Etne People of Places batch 16 OK (2 named work leaders, 1 newly covered outdoor sports facility, 2 canonical identities)
2026-07-18T22:16:23.3286604Z == Etne People of Places batch 17 ==
2026-07-18T22:16:23.3768795Z Etne People of Places batch 17 OK (2 named physical construction leaders, 1 newly covered culture hall, 2 canonical identities)
2026-07-18T22:16:23.3801002Z == Etne People of Places batch 18 ==
2026-07-18T22:16:23.4303338Z Etne People of Places batch 18 OK (3 named physical project roles, 1 newly covered swimming facility, 3 canonical identities)
2026-07-18T22:16:23.4758171Z Etne People of Places batch 19 OK (1 documented construction leader, 1 newly covered power plant, 1 canonical identity)
2026-07-18T22:16:23.4789223Z == Etne People of Places batch 20 ==
2026-07-18T22:16:23.5284689Z Etne People of Places batch 20 OK (3 documented initiators/builders, 1 newly covered disc golf course, 3 canonical identities)
2026-07-18T22:16:23.5317782Z == People check complete ==
2026-07-18T22:16:23.5407403Z Node 20 is being deprecated. This workflow is running with Node 24 by default. If you need to temporarily use Node 20, you can set the ACTIONS_ALLOW_USE_UNSECURE_NODE_VERSION=true environment variable. For more information see: https://github.blog/changelog/2025-09-19-deprecation-of-node-20-on-github-actions-runners/
2026-07-18T22:16:23.5408346Z Post job cleanup.
2026-07-18T22:16:23.6409691Z (node:2308) [DEP0040] DeprecationWarning: The `punycode` module is deprecated. Please use a userland alternative instead.
2026-07-18T22:16:23.6410681Z (Use `node --trace-deprecation ...` to show where the warning was created)
2026-07-18T22:16:23.6625558Z Node 20 is being deprecated. This workflow is running with Node 24 by default. If you need to temporarily use Node 20, you can set the ACTIONS_ALLOW_USE_UNSECURE_NODE_VERSION=true environment variable. For more information see: https://github.blog/changelog/2025-09-19-deprecation-of-node-20-on-github-actions-runners/
2026-07-18T22:16:23.6627242Z Post job cleanup.
2026-07-18T22:16:23.7333617Z [command]/usr/bin/git version
2026-07-18T22:16:23.7372695Z git version 2.54.0
2026-07-18T22:16:23.7408504Z Temporarily overriding HOME='/home/runner/work/_temp/85b5c24e-1dfe-43ab-8f93-23926aee928f' before making global git config changes
2026-07-18T22:16:23.7409915Z Adding repository directory to the temporary git global config as a safe directory
2026-07-18T22:16:23.7413793Z [command]/usr/bin/git config --global --add safe.directory /home/runner/work/History-Go/History-Go
2026-07-18T22:16:23.7451918Z [command]/usr/bin/git config --local --name-only --get-regexp core\.sshCommand
2026-07-18T22:16:23.7516401Z [command]/usr/bin/git submodule foreach --recursive sh -c "git config --local --name-only --get-regexp 'core\.sshCommand' && git config --local --unset-all 'core.sshCommand' || :"
2026-07-18T22:16:23.7735579Z [command]/usr/bin/git config --local --name-only --get-regexp http\.https\:\/\/github\.com\/\.extraheader
2026-07-18T22:16:23.7761145Z http.https://github.com/.extraheader
2026-07-18T22:16:23.7778826Z [command]/usr/bin/git config --local --unset-all http.https://github.com/.extraheader
2026-07-18T22:16:23.7811072Z [command]/usr/bin/git submodule foreach --recursive sh -c "git config --local --name-only --get-regexp 'http\.https\:\/\/github\.com\/\.extraheader' && git config --local --unset-all 'http.https://github.com/.extraheader' || :"
2026-07-18T22:16:23.8041203Z [command]/usr/bin/git config --local --name-only --get-regexp ^includeIf\.gitdir:
2026-07-18T22:16:23.8078093Z [command]/usr/bin/git submodule foreach --recursive git config --local --show-origin --name-only --get-regexp remote.origin.url
2026-07-18T22:16:23.8433356Z Cleaning up orphan processes
2026-07-18T22:16:23.8706271Z ##[warning]Node.js 20 is deprecated. The following actions target Node.js 20 but are being forced to run on Node.js 24: actions/checkout@v4, actions/setup-node@v4. For more information see: https://github.blog/changelog/2025-09-19-deprecation-of-node-20-on-github-actions-runners/
