2026-07-18T22:16:03.2158929Z Current runner version: '2.335.1'
2026-07-18T22:16:03.2198697Z ##[group]Runner Image Provisioner
2026-07-18T22:16:03.2200128Z Hosted Compute Agent
2026-07-18T22:16:03.2201265Z Version: 20260707.563
2026-07-18T22:16:03.2202323Z Commit: 02667638d2b423fbc733a8e32a88b44996a3ba6e
2026-07-18T22:16:03.2203537Z Build Date: 2026-07-07T19:33:50Z
2026-07-18T22:16:03.2204720Z Worker ID: {6cde9348-49af-4e88-9985-6f3d51183dff}
2026-07-18T22:16:03.2205853Z Azure Region: eastus2
2026-07-18T22:16:03.2206822Z ##[endgroup]
2026-07-18T22:16:03.2209112Z ##[group]Operating System
2026-07-18T22:16:03.2210330Z Ubuntu
2026-07-18T22:16:03.2211266Z 24.04.4
2026-07-18T22:16:03.2212038Z LTS
2026-07-18T22:16:03.2212903Z ##[endgroup]
2026-07-18T22:16:03.2213755Z ##[group]Runner Image
2026-07-18T22:16:03.2214706Z Image: ubuntu-24.04
2026-07-18T22:16:03.2215685Z Version: 20260714.240.1
2026-07-18T22:16:03.2217566Z Included Software: https://github.com/actions/runner-images/blob/ubuntu24/20260714.240/images/ubuntu/Ubuntu2404-Readme.md
2026-07-18T22:16:03.2220421Z Image Release: https://github.com/actions/runner-images/releases/tag/ubuntu24%2F20260714.240
2026-07-18T22:16:03.2222102Z ##[endgroup]
2026-07-18T22:16:03.2227172Z ##[group]GITHUB_TOKEN Permissions
2026-07-18T22:16:03.2230466Z Actions: write
2026-07-18T22:16:03.2231340Z ArtifactMetadata: write
2026-07-18T22:16:03.2232443Z Attestations: write
2026-07-18T22:16:03.2233292Z Checks: write
2026-07-18T22:16:03.2234199Z CodeQuality: write
2026-07-18T22:16:03.2235079Z Contents: write
2026-07-18T22:16:03.2235924Z CopilotRequests: write
2026-07-18T22:16:03.2236996Z Deployments: write
2026-07-18T22:16:03.2237847Z Discussions: write
2026-07-18T22:16:03.2238741Z Drives: write
2026-07-18T22:16:03.2239566Z Issues: write
2026-07-18T22:16:03.2240588Z Metadata: read
2026-07-18T22:16:03.2241714Z Models: read
2026-07-18T22:16:03.2242533Z Packages: write
2026-07-18T22:16:03.2243409Z Pages: write
2026-07-18T22:16:03.2244254Z PullRequests: write
2026-07-18T22:16:03.2245167Z RepositoryProjects: write
2026-07-18T22:16:03.2246332Z SecurityEvents: write
2026-07-18T22:16:03.2247234Z Statuses: write
2026-07-18T22:16:03.2248184Z VulnerabilityAlerts: read
2026-07-18T22:16:03.2249149Z ##[endgroup]
2026-07-18T22:16:03.2252343Z Secret source: Actions
2026-07-18T22:16:03.2253606Z Prepare workflow directory
2026-07-18T22:16:03.2762824Z Prepare all required actions
2026-07-18T22:16:03.2853899Z Getting action download info
2026-07-18T22:16:03.4402042Z Download action repository 'actions/checkout@v4' (SHA:34e114876b0b11c390a56381ad16ebd13914f8d5)
2026-07-18T22:16:03.6285261Z Download action repository 'actions/setup-node@v4' (SHA:49933ea5288caeca8642d1e84afbd3f7d6820020)
2026-07-18T22:16:03.8248381Z Complete job name: TypeScript typecheck and build guard
2026-07-18T22:16:03.9008313Z Node 20 is being deprecated. This workflow is running with Node 24 by default. If you need to temporarily use Node 20, you can set the ACTIONS_ALLOW_USE_UNSECURE_NODE_VERSION=true environment variable. For more information see: https://github.blog/changelog/2025-09-19-deprecation-of-node-20-on-github-actions-runners/
2026-07-18T22:16:03.9017339Z ##[group]Run actions/checkout@v4
2026-07-18T22:16:03.9018047Z with:
2026-07-18T22:16:03.9018502Z   repository: Paradispartiet/History-Go
2026-07-18T22:16:03.9023136Z   token: ***
2026-07-18T22:16:03.9023582Z   ssh-strict: true
2026-07-18T22:16:03.9024017Z   ssh-user: git
2026-07-18T22:16:03.9024468Z   persist-credentials: true
2026-07-18T22:16:03.9024944Z   clean: true
2026-07-18T22:16:03.9025384Z   sparse-checkout-cone-mode: true
2026-07-18T22:16:03.9025890Z   fetch-depth: 1
2026-07-18T22:16:03.9026309Z   fetch-tags: false
2026-07-18T22:16:03.9026743Z   show-progress: true
2026-07-18T22:16:03.9027178Z   lfs: false
2026-07-18T22:16:03.9027644Z   submodules: false
2026-07-18T22:16:03.9028095Z   set-safe-directory: true
2026-07-18T22:16:03.9028902Z ##[endgroup]
2026-07-18T22:16:04.0053524Z Syncing repository: Paradispartiet/History-Go
2026-07-18T22:16:04.0056259Z ##[group]Getting Git version info
2026-07-18T22:16:04.0057903Z Working directory is '/home/runner/work/History-Go/History-Go'
2026-07-18T22:16:04.0059476Z [command]/usr/bin/git version
2026-07-18T22:16:04.0097377Z git version 2.54.0
2026-07-18T22:16:04.0120855Z ##[endgroup]
2026-07-18T22:16:04.0137378Z Temporarily overriding HOME='/home/runner/work/_temp/b03d7ed3-0fc1-48a2-b66f-1075fedd2a94' before making global git config changes
2026-07-18T22:16:04.0139275Z Adding repository directory to the temporary git global config as a safe directory
2026-07-18T22:16:04.0143650Z [command]/usr/bin/git config --global --add safe.directory /home/runner/work/History-Go/History-Go
2026-07-18T22:16:04.0197042Z Deleting the contents of '/home/runner/work/History-Go/History-Go'
2026-07-18T22:16:04.0208343Z ##[group]Initializing the repository
2026-07-18T22:16:04.0209574Z [command]/usr/bin/git init /home/runner/work/History-Go/History-Go
2026-07-18T22:16:04.0304902Z hint: Using 'master' as the name for the initial branch. This default branch name
2026-07-18T22:16:04.0306554Z hint: will change to "main" in Git 3.0. To configure the initial branch name
2026-07-18T22:16:04.0308104Z hint: to use in all of your new repositories, which will suppress this warning,
2026-07-18T22:16:04.0309300Z hint: call:
2026-07-18T22:16:04.0310031Z hint:
2026-07-18T22:16:04.0310753Z hint: 	git config --global init.defaultBranch <name>
2026-07-18T22:16:04.0311608Z hint:
2026-07-18T22:16:04.0312296Z hint: Names commonly chosen instead of 'master' are 'main', 'trunk' and
2026-07-18T22:16:04.0313631Z hint: 'development'. The just-created branch can be renamed via this command:
2026-07-18T22:16:04.0314384Z hint:
2026-07-18T22:16:04.0314807Z hint: 	git branch -m <name>
2026-07-18T22:16:04.0315280Z hint:
2026-07-18T22:16:04.0315935Z hint: Disable this message with "git config set advice.defaultBranchName false"
2026-07-18T22:16:04.0317505Z Initialized empty Git repository in /home/runner/work/History-Go/History-Go/.git/
2026-07-18T22:16:04.0321991Z [command]/usr/bin/git remote add origin https://github.com/Paradispartiet/History-Go
2026-07-18T22:16:04.0400638Z ##[endgroup]
2026-07-18T22:16:04.0401670Z ##[group]Disabling automatic garbage collection
2026-07-18T22:16:04.0405323Z [command]/usr/bin/git config --local gc.auto 0
2026-07-18T22:16:04.0441431Z ##[endgroup]
2026-07-18T22:16:04.0442332Z ##[group]Setting up auth
2026-07-18T22:16:04.0448947Z [command]/usr/bin/git config --local --name-only --get-regexp core\.sshCommand
2026-07-18T22:16:04.0489595Z [command]/usr/bin/git submodule foreach --recursive sh -c "git config --local --name-only --get-regexp 'core\.sshCommand' && git config --local --unset-all 'core.sshCommand' || :"
2026-07-18T22:16:04.0865825Z [command]/usr/bin/git config --local --name-only --get-regexp http\.https\:\/\/github\.com\/\.extraheader
2026-07-18T22:16:04.0910077Z [command]/usr/bin/git submodule foreach --recursive sh -c "git config --local --name-only --get-regexp 'http\.https\:\/\/github\.com\/\.extraheader' && git config --local --unset-all 'http.https://github.com/.extraheader' || :"
2026-07-18T22:16:04.1255231Z [command]/usr/bin/git config --local --name-only --get-regexp ^includeIf\.gitdir:
2026-07-18T22:16:04.1259277Z [command]/usr/bin/git submodule foreach --recursive git config --local --show-origin --name-only --get-regexp remote.origin.url
2026-07-18T22:16:04.1495389Z [command]/usr/bin/git config --local http.https://github.com/.extraheader AUTHORIZATION: basic ***
2026-07-18T22:16:04.1538177Z ##[endgroup]
2026-07-18T22:16:04.1540137Z ##[group]Fetching the repository
2026-07-18T22:16:04.1550921Z [command]/usr/bin/git -c protocol.version=2 fetch --no-tags --prune --no-recurse-submodules --depth=1 origin +e7f0ee11811b54c7f0cb436a6345de7bac84124f:refs/remotes/pull/2354/merge
2026-07-18T22:16:09.9353078Z From https://github.com/Paradispartiet/History-Go
2026-07-18T22:16:09.9354350Z  * [new ref]         e7f0ee11811b54c7f0cb436a6345de7bac84124f -> pull/2354/merge
2026-07-18T22:16:09.9381222Z ##[endgroup]
2026-07-18T22:16:09.9382745Z ##[group]Determining the checkout info
2026-07-18T22:16:09.9384920Z ##[endgroup]
2026-07-18T22:16:09.9388856Z [command]/usr/bin/git sparse-checkout disable
2026-07-18T22:16:09.9442707Z [command]/usr/bin/git config --local --unset-all extensions.worktreeConfig
2026-07-18T22:16:09.9478241Z ##[group]Checking out the ref
2026-07-18T22:16:09.9482175Z [command]/usr/bin/git checkout --progress --force refs/remotes/pull/2354/merge
2026-07-18T22:16:10.9594618Z Updating files:  88% (5857/6588)
2026-07-18T22:16:10.9626219Z Updating files:  89% (5864/6588)
2026-07-18T22:16:10.9730404Z Updating files:  90% (5930/6588)
2026-07-18T22:16:10.9782987Z Updating files:  91% (5996/6588)
2026-07-18T22:16:10.9820261Z Updating files:  92% (6061/6588)
2026-07-18T22:16:10.9875493Z Updating files:  93% (6127/6588)
2026-07-18T22:16:10.9900146Z Updating files:  94% (6193/6588)
2026-07-18T22:16:10.9936309Z Updating files:  95% (6259/6588)
2026-07-18T22:16:10.9982386Z Updating files:  96% (6325/6588)
2026-07-18T22:16:11.0033423Z Updating files:  97% (6391/6588)
2026-07-18T22:16:11.0084739Z Updating files:  98% (6457/6588)
2026-07-18T22:16:11.0145515Z Updating files:  99% (6523/6588)
2026-07-18T22:16:11.0146032Z Updating files: 100% (6588/6588)
2026-07-18T22:16:11.0146358Z Updating files: 100% (6588/6588), done.
2026-07-18T22:16:11.0234905Z Note: switching to 'refs/remotes/pull/2354/merge'.
2026-07-18T22:16:11.0235812Z 
2026-07-18T22:16:11.0236533Z You are in 'detached HEAD' state. You can look around, make experimental
2026-07-18T22:16:11.0237353Z changes and commit them, and you can discard any commits you make in this
2026-07-18T22:16:11.0238109Z state without impacting any branches by switching back to a branch.
2026-07-18T22:16:11.0238559Z 
2026-07-18T22:16:11.0238903Z If you want to create a new branch to retain commits you create, you may
2026-07-18T22:16:11.0239682Z do so (now or later) by using -c with the switch command. Example:
2026-07-18T22:16:11.0240287Z 
2026-07-18T22:16:11.0240452Z   git switch -c <new-branch-name>
2026-07-18T22:16:11.0240640Z 
2026-07-18T22:16:11.0240747Z Or undo this operation with:
2026-07-18T22:16:11.0240940Z 
2026-07-18T22:16:11.0241032Z   git switch -
2026-07-18T22:16:11.0241164Z 
2026-07-18T22:16:11.0241386Z Turn off this advice by setting config variable advice.detachedHead to false
2026-07-18T22:16:11.0241719Z 
2026-07-18T22:16:11.0242145Z HEAD is now at e7f0ee1 Merge a97fce716c6fbe4a273e6e543efd9d10264f5fc2 into 28913eb588cdac01539435ea357dd4e5885f670d
2026-07-18T22:16:11.0397871Z ##[endgroup]
2026-07-18T22:16:11.0457860Z [command]/usr/bin/git log -1 --format=%H
2026-07-18T22:16:11.0489099Z e7f0ee11811b54c7f0cb436a6345de7bac84124f
2026-07-18T22:16:11.0838954Z Node 20 is being deprecated. This workflow is running with Node 24 by default. If you need to temporarily use Node 20, you can set the ACTIONS_ALLOW_USE_UNSECURE_NODE_VERSION=true environment variable. For more information see: https://github.blog/changelog/2025-09-19-deprecation-of-node-20-on-github-actions-runners/
2026-07-18T22:16:11.0841379Z ##[group]Run actions/setup-node@v4
2026-07-18T22:16:11.0841660Z with:
2026-07-18T22:16:11.0841896Z   node-version: 22
2026-07-18T22:16:11.0842101Z   cache: npm
2026-07-18T22:16:11.0842300Z   always-auth: false
2026-07-18T22:16:11.0842522Z   check-latest: false
2026-07-18T22:16:11.0844896Z   token: ***
2026-07-18T22:16:11.0845111Z ##[endgroup]
2026-07-18T22:16:11.2287509Z Found in cache @ /opt/hostedtoolcache/node/22.23.1/x64
2026-07-18T22:16:11.2291206Z (node:2283) [DEP0040] DeprecationWarning: The `punycode` module is deprecated. Please use a userland alternative instead.
2026-07-18T22:16:11.2292057Z (Use `node --trace-deprecation ...` to show where the warning was created)
2026-07-18T22:16:11.2293899Z ##[group]Environment details
2026-07-18T22:16:11.5741845Z node: v22.23.1
2026-07-18T22:16:11.5742335Z npm: 10.9.8
2026-07-18T22:16:11.5742646Z yarn: 1.22.22
2026-07-18T22:16:11.5743527Z ##[endgroup]
2026-07-18T22:16:11.5795120Z [command]/opt/hostedtoolcache/node/22.23.1/x64/bin/npm config get cache
2026-07-18T22:16:11.6895298Z /home/runner/.npm
2026-07-18T22:16:11.7702592Z Cache hit for: node-cache-Linux-x64-npm-f63bd1ed52a86d7850bc281505970c770f2a4ed121d2cd99efbde06fe2ae2514
2026-07-18T22:16:11.7805188Z (node:2283) [DEP0169] DeprecationWarning: `url.parse()` behavior is not standardized and prone to errors that have security implications. Use the WHATWG URL API instead. CVEs are not issued for `url.parse()` vulnerabilities.
2026-07-18T22:16:12.0659163Z Received 42428277 of 42428277 (100.0%), 163.2 MBs/sec
2026-07-18T22:16:12.0667821Z Cache Size: ~40 MB (42428277 B)
2026-07-18T22:16:12.0727647Z [command]/usr/bin/tar -xf /home/runner/work/_temp/7caf63c9-26b6-47c8-a834-947a6aa3dab6/cache.tzst -P -C /home/runner/work/History-Go/History-Go --use-compress-program unzstd
2026-07-18T22:16:12.1552163Z Cache restored successfully
2026-07-18T22:16:12.1576760Z Cache restored from key: node-cache-Linux-x64-npm-f63bd1ed52a86d7850bc281505970c770f2a4ed121d2cd99efbde06fe2ae2514
2026-07-18T22:16:12.1762995Z ##[group]Run npm install --no-audit --no-fund
2026-07-18T22:16:12.1763453Z [36;1mnpm install --no-audit --no-fund[0m
2026-07-18T22:16:12.1860525Z shell: /usr/bin/bash -e {0}
2026-07-18T22:16:12.1860838Z ##[endgroup]
2026-07-18T22:16:14.4621495Z 
2026-07-18T22:16:14.4628384Z added 55 packages in 2s
2026-07-18T22:16:14.5197837Z ##[group]Run npm run typecheck
2026-07-18T22:16:14.5198184Z [36;1mnpm run typecheck[0m
2026-07-18T22:16:14.5264910Z shell: /usr/bin/bash -e {0}
2026-07-18T22:16:14.5265201Z ##[endgroup]
2026-07-18T22:16:14.6313437Z 
2026-07-18T22:16:14.6314198Z > history-go@0.0.0 typecheck
2026-07-18T22:16:14.6314806Z > tsc -p tsconfig.json
2026-07-18T22:16:14.6315051Z 
2026-07-18T22:16:21.4484268Z ##[group]Run npm run typecheck:scripts
2026-07-18T22:16:21.4484616Z [36;1mnpm run typecheck:scripts[0m
2026-07-18T22:16:21.4550135Z shell: /usr/bin/bash -e {0}
2026-07-18T22:16:21.4550423Z ##[endgroup]
2026-07-18T22:16:21.5588263Z 
2026-07-18T22:16:21.5589111Z > history-go@0.0.0 typecheck:scripts
2026-07-18T22:16:21.5590138Z > tsc -p tsconfig.scripts.json
2026-07-18T22:16:21.5590486Z 
2026-07-18T22:16:22.7968760Z ##[group]Run npm run build:scripts
2026-07-18T22:16:22.7969097Z [36;1mnpm run build:scripts[0m
2026-07-18T22:16:22.8033861Z shell: /usr/bin/bash -e {0}
2026-07-18T22:16:22.8034153Z ##[endgroup]
2026-07-18T22:16:22.9058027Z 
2026-07-18T22:16:22.9058761Z > history-go@0.0.0 build:scripts
2026-07-18T22:16:22.9059376Z > tsc -p tsconfig.scripts.build.json
2026-07-18T22:16:22.9059700Z 
2026-07-18T22:16:24.3089539Z ##[group]Run npm run typecheck:tools
2026-07-18T22:16:24.3090368Z [36;1mnpm run typecheck:tools[0m
2026-07-18T22:16:24.3178189Z shell: /usr/bin/bash -e {0}
2026-07-18T22:16:24.3178632Z ##[endgroup]
2026-07-18T22:16:24.4237138Z 
2026-07-18T22:16:24.4237686Z > history-go@0.0.0 typecheck:tools
2026-07-18T22:16:24.4238228Z > tsc -p tsconfig.tools.json
2026-07-18T22:16:24.4238428Z 
2026-07-18T22:16:26.5502147Z ##[group]Run npm run build:tools
2026-07-18T22:16:26.5502470Z [36;1mnpm run build:tools[0m
2026-07-18T22:16:26.5564692Z shell: /usr/bin/bash -e {0}
2026-07-18T22:16:26.5564994Z ##[endgroup]
2026-07-18T22:16:26.6567031Z 
2026-07-18T22:16:26.6567877Z > history-go@0.0.0 build:tools
2026-07-18T22:16:26.6568559Z > tsc -p tsconfig.tools.build.json
2026-07-18T22:16:26.6568880Z 
2026-07-18T22:16:29.0855004Z Node 20 is being deprecated. This workflow is running with Node 24 by default. If you need to temporarily use Node 20, you can set the ACTIONS_ALLOW_USE_UNSECURE_NODE_VERSION=true environment variable. For more information see: https://github.blog/changelog/2025-09-19-deprecation-of-node-20-on-github-actions-runners/
2026-07-18T22:16:29.0856180Z Post job cleanup.
2026-07-18T22:16:29.2089023Z (node:2474) [DEP0040] DeprecationWarning: The `punycode` module is deprecated. Please use a userland alternative instead.
2026-07-18T22:16:29.2090111Z (Use `node --trace-deprecation ...` to show where the warning was created)
2026-07-18T22:16:29.2093653Z Cache hit occurred on the primary key node-cache-Linux-x64-npm-f63bd1ed52a86d7850bc281505970c770f2a4ed121d2cd99efbde06fe2ae2514, not saving cache.
2026-07-18T22:16:29.2245498Z Node 20 is being deprecated. This workflow is running with Node 24 by default. If you need to temporarily use Node 20, you can set the ACTIONS_ALLOW_USE_UNSECURE_NODE_VERSION=true environment variable. For more information see: https://github.blog/changelog/2025-09-19-deprecation-of-node-20-on-github-actions-runners/
2026-07-18T22:16:29.2246656Z Post job cleanup.
2026-07-18T22:16:29.3151568Z [command]/usr/bin/git version
2026-07-18T22:16:29.3197551Z git version 2.54.0
2026-07-18T22:16:29.3239394Z Temporarily overriding HOME='/home/runner/work/_temp/a58c8dc7-b347-4f3f-9d1c-a2d3fc5bbfe4' before making global git config changes
2026-07-18T22:16:29.3241102Z Adding repository directory to the temporary git global config as a safe directory
2026-07-18T22:16:29.3246437Z [command]/usr/bin/git config --global --add safe.directory /home/runner/work/History-Go/History-Go
2026-07-18T22:16:29.3288836Z [command]/usr/bin/git config --local --name-only --get-regexp core\.sshCommand
2026-07-18T22:16:29.3350357Z [command]/usr/bin/git submodule foreach --recursive sh -c "git config --local --name-only --get-regexp 'core\.sshCommand' && git config --local --unset-all 'core.sshCommand' || :"
2026-07-18T22:16:29.3634580Z [command]/usr/bin/git config --local --name-only --get-regexp http\.https\:\/\/github\.com\/\.extraheader
2026-07-18T22:16:29.3664307Z http.https://github.com/.extraheader
2026-07-18T22:16:29.3676199Z [command]/usr/bin/git config --local --unset-all http.https://github.com/.extraheader
2026-07-18T22:16:29.3731925Z [command]/usr/bin/git submodule foreach --recursive sh -c "git config --local --name-only --get-regexp 'http\.https\:\/\/github\.com\/\.extraheader' && git config --local --unset-all 'http.https://github.com/.extraheader' || :"
2026-07-18T22:16:29.4122131Z [command]/usr/bin/git config --local --name-only --get-regexp ^includeIf\.gitdir:
2026-07-18T22:16:29.4181060Z [command]/usr/bin/git submodule foreach --recursive git config --local --show-origin --name-only --get-regexp remote.origin.url
2026-07-18T22:16:29.4643038Z Cleaning up orphan processes
2026-07-18T22:16:29.4941877Z ##[warning]Node.js 20 is deprecated. The following actions target Node.js 20 but are being forced to run on Node.js 24: actions/checkout@v4, actions/setup-node@v4. For more information see: https://github.blog/changelog/2025-09-19-deprecation-of-node-20-on-github-actions-runners/
