[
  {
    "label": "Akershus festning",
    "case_id": "case_his_akershus_festning",
    "place_ids": [
      "akershus_festning"
    ],
    "place_records": 1,
    "leksikon_records": 0,
    "source_urls": 4
  },
  {
    "label": "Hovedøya kloster",
    "case_id": "case_his_hovedoya_kloster",
    "place_ids": [
      "hovedoya_kloster",
      "hovedoya_kloster_nedre_foss",
      "hovedoya"
    ],
    "place_records": 6,
    "leksikon_records": 2,
    "source_urls": 7
  },
  {
    "label": "Eidsvollsbygningen",
    "case_id": "case_his_eidsvollsbygningen",
    "place_ids": [
      "eidsvollsbygningen"
    ],
    "place_records": 1,
    "leksikon_records": 1,
    "source_urls": 12
  },
  {
    "label": "Folkets Hus",
    "case_id": "case_his_folkets_hus",
    "place_ids": [
      "folkets_hus_oslo",
      "folkets_hus_fasaderuten",
      "folkets_hus_grunnsteinen_1955",
      "folkets_hus_lo_merket",
      "folkets_hus_1907",
      "folkets_hus_knut_knutsen",
      "folkets_hus_kongressenteret"
    ],
    "place_records": 6,
    "leksikon_records": 8,
    "source_urls": 8
  },
  {
    "label": "Akerselva",
    "case_id": "case_his_akerselva",
    "place_ids": [
      "akerselva",
      "akerselva_actor",
      "akerselva_utlop_bjorvika"
    ],
    "place_records": 6,
    "leksikon_records": 5,
    "source_urls": 12
  },
  {
    "label": "HL-senteret / Villa Grande",
    "case_id": "case_his_hl_senteret_villa_grande",
    "place_ids": [
      "villa_grande",
      "criciuma_morro_casagrande_morro_do_ceu"
    ],
    "place_records": 4,
    "leksikon_records": 1,
    "source_urls": 7
  },
  {
    "label": "Bispelokket",
    "case_id": "case_his_bispelokket",
    "place_ids": [
      "bispelokket",
      "bispelokket_task_barriere",
      "bispelokket_task_forbindelser",
      "bispelokket_task_skala",
      "bispelokket_work_trafikkmaskinen",
      "bispelokket_work_rampe_og_nivasystemet",
      "bispelokket_work_rivingen",
      "bispelokket_work_bjorvikatunnelen_vendepunkt",
      "bispelokket_work_fjordbyen_grepet",
      "bispelokket_trafikkmaskin_kort",
      "bispelokket_rampefragment",
      "bispelokket_barriere_symbol",
      "bispelokket_bjorvikatunnel_symbol",
      "bispelokket_fjordbyen_brikke"
    ],
    "place_records": 6,
    "leksikon_records": 1,
    "source_urls": 2
  },
  {
    "label": "22. juli-senteret",
    "case_id": "case_his_22_juli_senteret",
    "place_ids": [
      "22_juli_senteret"
    ],
    "place_records": 4,
    "leksikon_records": 2,
    "source_urls": 10
  },
  {
    "label": "Gamle Deichman på Hammersborg",
    "case_id": "case_his_gamle_deichman_pa_hammersborg",
    "place_ids": [
      "gamle_deichman",
      "frogner_gamle_kirke",
      "fredrikstad_festning_gamlebyen"
    ],
    "place_records": 4,
    "leksikon_records": 0,
    "source_urls": 17
  }
]
