== People JSON parse and duplicate ID check ==
json ok (546 files)
people ids ok (1115 entries, 1115 unique ids)
== Build tools ==
npm warn Unknown env config "http-proxy". This will stop working in the next major version of npm.

> history-go@0.0.0 build:tools
> tsc -p tsconfig.tools.build.json

npm notice
npm notice New minor version of npm available! 11.9.0 -> 11.18.0
npm notice Changelog: https://github.com/npm/cli/releases/tag/v11.18.0
npm notice To update run: npm install -g npm@11.18.0
npm notice
== People invalid place refs ==
Wrote reports/people-invalid-place-refs.json and reports/people-invalid-place-refs.md
== People of places status ==
Wrote reports/people-of-places-status.json and reports/people-of-places-status.md
People: 1115; flat files: 0; geographic files: 544; invalid refs: 0; duplicate IDs: 0
== People place coverage ==
People-place audit complete: reports/people-place-coverage.json
People-place report complete: reports/people-place-coverage.md
== Etne people manifest integration ==
Etne people manifest integration OK (14 recovered people, 1115 active people)
== Etne People of Places batch 9 ==
Etne People of Places batch 9 OK (3 literary people, 3 direct place links)
== Etne People of Places batch 10 ==
Etne People of Places batch 10 OK (3 people, 2 direct physical-place anchors)
== Etne People of Places batch 11 ==
Etne People of Places batch 11 OK (3 museum founders, 1 direct physical-place anchor)
== Etne People of Places batch 12 ==
Etne People of Places batch 12 OK (3 canonical people, 2 newly covered physical places, 0 new people IDs)
== Etne People of Places batch 13 ==
Etne People of Places batch 13 OK (1 founder/head coach, 1 newly covered physical dojo, 1 canonical identity)
== Etne People of Places batch 14 ==
Etne People of Places batch 14 OK (1 bounded collective, 1 newly covered physical pavilion, 1 canonical identity)
== Etne People of Places batch 15 ==
Etne People of Places batch 15 OK (1 named initiator, 1 newly covered physical disc-golf course, 1 canonical identity)
== People check complete ==
