{
  "candidate": {
    "id": "solve_funderud",
    "name": "Sølve Funderud",
    "placeId": "skanevik_discgolf",
    "aliasesChecked": [
      "solve_funderud",
      "Sølve Funderud",
      "Sølve W. Funderud",
      "Solve Funderud",
      "Solve W Funderud",
      "Soelve Funderud",
      "Sölve Funderud",
      "Solvi Funderud"
    ]
  },
  "baseline": {
    "files": 543,
    "entries": 1114,
    "identityHits": [],
    "placeLinkHits": []
  },
  "current": {
    "files": 544,
    "entries": 1115,
    "identityHits": [
      {
        "file": "people/sport/vestland/etne/people_skanevik_discgolf_batch1.json",
        "id": "solve_funderud",
        "name": "Sølve Funderud"
      }
    ],
    "placeLinkHits": [
      {
        "file": "people/sport/vestland/etne/people_skanevik_discgolf_batch1.json",
        "id": "solve_funderud",
        "name": "Sølve Funderud"
      }
    ]
  }
}
