
> history-go@0.0.0 test:civication
> node tests/run-civication-tests.mjs && npm run audit:job-learning-profiles && npm run audit:job-knowledge-requirements

✓ civication-administrasjonsmedarbeider-first-week-praksisfortellinger.test.js
✓ civication-administrasjonsmedarbeider-second-week-praksisfortellinger.test.js
✓ civication-administrasjonsmedarbeider-two-week-flow.test.js
✓ civication-all-badges-life-positions.test.js
✓ civication-answer-followup-contract.test.js
✓ civication-answer-prefetch.test.js
✓ civication-arealplanlegger-mail-plan.test.js
✓ civication-async-answer-surfaces.test.js
✓ civication-avdelingsleder-first-week-praksisfortellinger.test.js
✓ civication-avdelingsleder-playability.test.js
✓ civication-avdelingsleder-second-week-praksisfortellinger.test.js
✓ civication-avdelingsleder-two-week-flow.test.js
✓ civication-badge-career-closeout.test.js
✓ civication-badge-career-contract.test.js
✓ civication-badge-career-matrix.test.js
✓ civication-barnehageassistent-mail-plan.test.js
✓ civication-blocked-job-messages.test.js
✓ civication-boot-split.test.js
✓ civication-brand-access.test.js
✓ civication-brand-employer-bridge.test.js
✓ civication-brand-job-progression.test.js
✓ civication-brand-job-state.test.js
✓ civication-brand-job-ui.test.js
✓ civication-brand-loop-visible-handover.test.js
✗ civication-brand-mail-runtime.test.js
✓ civication-by-career-architecture.test.js
✓ civication-canvas-map-groundhopper.test.js
✓ civication-canvas-map-projection.test.js
✗ civication-career-gameplay-matrix.test.js
✓ civication-career-knowledge-bridge.test.js
✓ civication-career-outcome-reachability.test.js
✓ civication-career-outcome-view-model.test.js
✓ civication-career-outcomes.test.js
✓ civication-career-role-resolver.test.js
✓ civication-choice-director-answer-boundary.test.js
✓ civication-choice-director-answer-ownership.test.js
✓ civication-choice-director-career-outcome-middleware.test.js
✓ civication-choice-director-daily-middleware.test.js
✓ civication-choice-director-day-patches-middleware.test.js
✓ civication-choice-director-eligibility-middleware.test.js
✓ civication-choice-director-learning-middleware.test.js
✓ civication-choice-director-mail-runtime-middleware.test.js
✓ civication-choice-director-middleware-spine.test.js
✓ civication-city-layer-icon-only-markers.test.js
✓ civication-city-layer-map-anchor.test.js
✓ civication-city-layer-three-map-anchor.test.js
✓ civication-city-map-entries-loader.test.js
✓ civication-city-map-node-roles.test.js
✓ civication-city-map-read-model.test.js
✓ civication-city-map-unknown-building-type-diagnostic.test.js
✓ civication-city-place-role-classes.test.js
✓ civication-compiled-scene-registry-parity.test.js
✓ civication-compiled-scene-registry.test.js
✓ civication-consequence-feedback.test.js
✗ civication-controller-day1-daily-builder.test.js
✗ civication-controller-first-week-praksisfortellinger.test.js
✗ civication-controller-second-week-praksisfortellinger.test.js
✗ civication-controller-two-week-flow.test.js
✓ civication-daily-answer-latency-regression.test.js
✓ civication-daily-gameplay-loop.test.js
✓ civication-daily-mail-builder-pending-lock.test.js
✓ civication-daily-mail-force-new-ids.test.js
✓ civication-dailymailbuilder-phase-generators.test.js
✓ civication-dashboard-travel-focus.test.js
✓ civication-day-end-completed-phases.test.js
✓ civication-day-end-summary-score.test.js
✓ civication-day-phase-onappopen-defer.test.js
✓ civication-day-phase-single-owner.test.js
✓ civication-day-phase-ui-day-end.test.js
✓ civication-day-phase-ui-learning-banner.test.js
✓ civication-day-phase-ui-reentry-lock.test.js
✓ civication-day-plan.test.js
✓ civication-day-progression-day-end.test.js
✓ civication-day-roll-new-day.test.js
✓ civication-day-workday-split.test.js
✓ civication-district-modal-embed.test.js
✓ civication-economy-snapshot.test.js
✗ civication-ekspeditor-brand-flow.test.js
✓ civication-ekspeditor-first-week-praksisfortellinger.test.js
✗ civication-ekspeditor-second-week-praksisfortellinger.test.js
✓ civication-ekspeditor-two-week-flow.test.js
✗ civication-ekspeditor-ui-flow.test.js
✓ civication-ekspeditor-workmodel.test.js
✓ civication-event-channels.test.js
✓ civication-event-display-model.test.js
✓ civication-fagarbeider-first-week-praksisfortellinger.test.js
✓ civication-fagarbeider-second-week-praksisfortellinger.test.js
✗ civication-fagarbeider-two-week-flow.test.js
✓ civication-film-tv-career-architecture.test.js
✓ civication-film-tv-life-career-split.test.js
✗ civication-film-tv-produksjonsassistent-playability.test.js
✗ civication-first-week-praksisfortellinger.test.js
✗ civication-formann-first-week-praksisfortellinger.test.js
✗ civication-formann-second-week-praksisfortellinger.test.js
✗ civication-formann-two-week-flow.test.js
✓ civication-friend-action-router.test.js
✓ civication-friend-detail-card.test.js
✓ civication-friend-home-anchors.test.js
✓ civication-friend-phase-snapshots.test.js
✓ civication-friend-presence-social-places.test.js
✓ civication-friend-private-messages.test.js
✓ civication-friends-phases.test.js
✓ civication-history-figures.test.js
✓ civication-history-go-debate-leaning.test.js
✓ civication-history-go-debate-signal.test.js
✓ civication-history-go-debate-surface.test.js
✓ civication-history-go-deeplink.test.js
✓ civication-history-go-leksikon-producer.test.js
✓ civication-history-go-reads-signal.test.js
✓ civication-history-go-story-producer.test.js
✓ civication-history-go-task-bridge.test.js
✓ civication-history-life-career-split.test.js
✓ civication-history-people-bridge.test.js
✓ civication-historygo-place-menu.test.js
✓ civication-home-snapshot.test.js
✓ civication-inbox-channels.test.js
✓ civication-inbox-top-action-open-status.test.js
✓ civication-incoming-flow.test.js
✓ civication-integrated-life-status.test.js
✓ civication-job-eligibility.test.js
✓ civication-job-learning-view-model.test.js
✓ civication-job-offer-eligibility-ui.test.js
✓ civication-kunst-life-career-split.test.js
✓ civication-lager-og-driftsmedarbeider-first-week-praksisfortellinger.test.js
✓ civication-lager-og-driftsmedarbeider-role-package.test.js
✓ civication-lager-og-driftsmedarbeider-second-week-praksisfortellinger.test.js
✓ civication-lager-og-driftsmedarbeider-two-week-flow.test.js
✓ civication-legacy-work-fallback-closed.test.js
✓ civication-life-position-career-split.test.js
✓ civication-life-status-economy-guard.test.js
✓ civication-lifestory-actions.test.js
✓ civication-lifestory-arbeidsledig.test.js
✓ civication-lifestory-barnehageassistent.test.js
✓ civication-lifestory-day3.test.js
✓ civication-lifestory-dayphase-guard.test.js
✓ civication-lifestory-ekspeditor.test.js
✓ civication-lifestory-endings.test.js
✓ civication-lifestory-engine.test.js
✓ civication-lifestory-lifestyle-bridge.test.js
✓ civication-lifestory-livelihood-bridge.test.js
✓ civication-lifestory-place-marker.test.js
✓ civication-lifestory-profile-conditions.test.js
✓ civication-lifestory-renholder.test.js
✓ civication-lifestory-responsive-layout.test.js
✓ civication-lifestory-runner.test.js
✓ civication-lifestory-shell-psyche-bridge.test.js
✓ civication-lifestory-shell-role-bridge.test.js
✓ civication-literature-life-career-split.test.js
✓ civication-literature-life-status-split.test.js
✓ civication-livelihood-engine.test.js
✓ civication-livelihood-opportunity-bridge.test.js
✓ civication-mail-choice-uniqueness.test.js
✓ civication-mail-loop.test.js
✓ civication-mail-thread-dedupe.test.js
✓ civication-media-life-career-split.test.js
✓ civication-mellomleder-first-week-praksisfortellinger.test.js
✓ civication-mellomleder-second-week-praksisfortellinger.test.js
✗ civication-mellomleder-two-week-flow.test.js
✓ civication-milestone-highlight.test.js
✓ civication-mini-sections-home-settled.test.js
✓ civication-music-life-career-split.test.js
✓ civication-naeringsliv-life-career-split.test.js
✓ civication-nature-life-career-split.test.js
✓ civication-next-action-consolidation.test.js
✓ civication-next-action-new-day.test.js
✓ civication-no-evening-work-gate.test.js
✓ civication-outcome-status-ui.test.js
✓ civication-phase-bundle.test.js
✓ civication-philosophy-life-career-split.test.js
✓ civication-place-menu-city-map-role.test.js
✓ civication-player-phase-snapshots.test.js
✓ civication-politics-life-career-split.test.js
✓ civication-politics-role-resolver.test.js
✗ civication-praksisfortellinger-cross-role.test.js
✓ civication-praksisfortellinger-registry-audit.test.js
✗ civication-praksisfortellinger-two-week-flow.test.js
✓ civication-private-phase-mailers.test.js
✓ civication-private-phase-profile-bridge.test.js
✓ civication-psychology-academic-career-ladder.test.js
✓ civication-psychology-career-contract.test.js
✓ civication-psychology-clinical-career-ladder.test.js
✓ civication-psychology-competence.test.js
✓ civication-psychology-entry-career-ladder.test.js
✓ civication-psychology-guidance-career-ladder.test.js
✓ civication-psychology-room-tools.test.js
✓ civication-readiness-health.test.js
✓ civication-reference-role-playability.test.js
✓ civication-reference-roles-choice-contract.test.js
✓ civication-relationship-engine.test.js
✓ civication-religion-life-career-split.test.js
✓ civication-renholder-first-week-praksisfortellinger.test.js
✓ civication-renholder-mail-plan.test.js
✓ civication-renholder-role-package.test.js
✓ civication-renholder-second-week-praksisfortellinger.test.js
✓ civication-renholder-two-week-flow.test.js
✓ civication-role-pack-depth.test.js
✓ civication-scene-director-daily-catalog.test.js
✓ civication-scene-director-ownership.test.js
✓ civication-scene-interaction-contract.test.js
✓ civication-scene-interaction-no-fallback.test.js
✓ civication-scene-pipeline-reachability.test.js
✓ civication-scene-source-adapter-life.test.js
✓ civication-scene-source-adapter-narrative.test.js
✓ civication-scene-source-adapter-private.test.js
✓ civication-scene-source-adapter-social.test.js
✓ civication-scenekunst-life-career-split.test.js
✗ civication-second-week-praksisfortellinger.test.js
✓ civication-semantic-playthrough-gate.test.js
✓ civication-social-conversations.test.js
✓ civication-social-encounter-responses.test.js
✓ civication-social-encounters.test.js
✓ civication-social-place-resolver.test.js
✓ civication-sport-life-career-split.test.js
✓ civication-state-parse-cache.test.js
✓ civication-storage-adapter.test.js
✓ civication-subkultur-career-architecture.test.js
✓ civication-task-gate-inline.test.js
✓ civication-test-mode-ui.test.js
✓ civication-three-map-groundhopper.test.js
✓ civication-three-map-place-miniatures.test.js
✓ civication-three-map-postprocess.test.js
✓ civication-three-map-projection.test.js
✓ civication-travel-state.test.js
✓ civication-ui-workday-helper.test.js
✓ civication-v2-main-flow.test.js
✓ civication-v2-min-dag-ui.test.js
✓ civication-vitenskap-career-architecture.test.js
✓ civication-work-grammar-story-simulation.test.js
✓ civication-workday-panel-phase-model.test.js

210/229 testfiler OK (20.1s)

19 feilet:

=== civication-brand-mail-runtime.test.js ===
node:internal/process/promises:391
    triggerUncaughtException(err, true /* fromPromise */);
    ^

AssertionError [ERR_ASSERTION]: generic ekspeditor candidates should load
    at run (/home/runner/work/History-Go/History-Go/tests/civication-brand-mail-runtime.test.js:65:3) {
  generatedMessage: false,
  code: 'ERR_ASSERTION',
  actual: false,
  expected: true,
  operator: '=='
}

Node.js v20.20.2

=== civication-career-gameplay-matrix.test.js ===
      108, 101,  46,  32,  82, 117, 110,  32, 110, 111, 100, 101,
       32, 115,  99, 114, 105, 112, 116, 115,  47,  97, 117, 100,
      105, 116,  45,  99, 105, 118, 105,  99,  97, 116, 105, 111,
      110,  45,  99,  97, 114, 101, 101, 114,  45, 103,  97, 109,
      101, 112, 108,  97,
      ... 15 more items
    ]
  ],
  pid: 2570,
  stdout: Buffer(0) [Uint8Array] [],
  stderr: Buffer(115) [Uint8Array] [
    100,  97, 116,  97,  47,  67, 105, 118, 105,  99,  97, 116,
    105, 111, 110,  47,  99,  97, 114, 101, 101, 114,  71,  97,
    109, 101, 112, 108,  97, 121,  77,  97, 116, 114, 105, 120,
     46, 106, 115, 111, 110,  32, 105, 115,  32, 115, 116,  97,
    108, 101,  46,  32,  82, 117, 110,  32, 110, 111, 100, 101,
     32, 115,  99, 114, 105, 112, 116, 115,  47,  97, 117, 100,
    105, 116,  45,  99, 105, 118, 105,  99,  97, 116, 105, 111,
    110,  45,  99,  97, 114, 101, 101, 114,  45, 103,  97, 109,
    101, 112, 108,  97,
    ... 15 more items
  ]
}

Node.js v20.20.2

=== civication-controller-day1-daily-builder.test.js ===
AssertionError [ERR_ASSERTION]: only the primary plan mail should use source_type=planned

0 !== 1

    at run (/home/runner/work/History-Go/History-Go/tests/civication-controller-day1-daily-builder.test.js:103:10) {
  generatedMessage: false,
  code: 'ERR_ASSERTION',
  actual: 0,
  expected: 1,
  operator: 'strictEqual'
}

=== civication-controller-first-week-praksisfortellinger.test.js ===
      116, 101, 115,  32, 115, 104, 111, 117, 108, 100,  32,  98,
      101,  32,  97, 118,  97, 105, 108,  97,  98, 108, 101,  32,
      116, 104, 114, 111, 117, 103, 104,  32, 114, 117, 110, 116,
      105, 109, 101,  10,  32,  32,  32,  32,  97, 116,  32,  97,
      115, 115, 101, 114,
      ... 1357 more items
    ]
  ],
  pid: 2800,
  stdout: Buffer(0) [Uint8Array] [],
  stderr: Buffer(1457) [Uint8Array] [
     65, 115, 115, 101, 114, 116, 105, 111, 110,  69, 114, 114,
    111, 114,  32,  91,  69,  82,  82,  95,  65,  83,  83,  69,
     82,  84,  73,  79,  78,  93,  58,  32,  97, 114,  98, 101,
    105, 100, 101, 114,  32,  99,  97, 110, 100, 105, 100,  97,
    116, 101, 115,  32, 115, 104, 111, 117, 108, 100,  32,  98,
    101,  32,  97, 118,  97, 105, 108,  97,  98, 108, 101,  32,
    116, 104, 114, 111, 117, 103, 104,  32, 114, 117, 110, 116,
    105, 109, 101,  10,  32,  32,  32,  32,  97, 116,  32,  97,
    115, 115, 101, 114,
    ... 1357 more items
  ]
}

Node.js v20.20.2

=== civication-controller-second-week-praksisfortellinger.test.js ===
      116, 101, 115,  32, 115, 104, 111, 117, 108, 100,  32,  98,
      101,  32,  97, 118,  97, 105, 108,  97,  98, 108, 101,  32,
      116, 104, 114, 111, 117, 103, 104,  32, 114, 117, 110, 116,
      105, 109, 101,  10,  32,  32,  32,  32,  97, 116,  32,  97,
      115, 115, 101, 114,
      ... 1357 more items
    ]
  ],
  pid: 2828,
  stdout: Buffer(0) [Uint8Array] [],
  stderr: Buffer(1457) [Uint8Array] [
     65, 115, 115, 101, 114, 116, 105, 111, 110,  69, 114, 114,
    111, 114,  32,  91,  69,  82,  82,  95,  65,  83,  83,  69,
     82,  84,  73,  79,  78,  93,  58,  32,  97, 114,  98, 101,
    105, 100, 101, 114,  32,  99,  97, 110, 100, 105, 100,  97,
    116, 101, 115,  32, 115, 104, 111, 117, 108, 100,  32,  98,
    101,  32,  97, 118,  97, 105, 108,  97,  98, 108, 101,  32,
    116, 104, 114, 111, 117, 103, 104,  32, 114, 117, 110, 116,
    105, 109, 101,  10,  32,  32,  32,  32,  97, 116,  32,  97,
    115, 115, 101, 114,
    ... 1357 more items
  ]
}

Node.js v20.20.2

=== civication-controller-two-week-flow.test.js ===
AssertionError [ERR_ASSERTION]: presis-talloversetter: controller week 1 candidates should start at step 1
+ actual - expected

+ undefined
- 'job_controller_week1_month_report_before_explanation'
    at playStyle (/home/runner/work/History-Go/History-Go/tests/civication-controller-two-week-flow.test.js:343:10)
    at async run (/home/runner/work/History-Go/History-Go/tests/civication-controller-two-week-flow.test.js:516:19) {
  generatedMessage: false,
  code: 'ERR_ASSERTION',
  actual: undefined,
  expected: 'job_controller_week1_month_report_before_explanation',
  operator: 'strictEqual'
}

=== civication-ekspeditor-brand-flow.test.js ===
[Civication Career] badge career contract overlay failed closed Error: badge_career_contract_overlay_unknown_badge:film_tv
    at applyBadgeCareerContractOverlay (js/Civication/merits-and-jobs.js:13:52)
    at ensureBadgeCareerContractsApplied (js/Civication/merits-and-jobs.js:88:21)
    at async ensureCivicationBadgesLoaded (js/Civication/merits-and-jobs.js:105:5)
    at async rebuildJobOffersFromCurrentMerits (js/Civication/merits-and-jobs.js:337:3)
    at async scenarioUnlockedEmployer (/home/runner/work/History-Go/History-Go/tests/civication-ekspeditor-brand-flow.test.js:133:18)
    at async run (/home/runner/work/History-Go/History-Go/tests/civication-ekspeditor-brand-flow.test.js:200:3)
node:internal/process/promises:391
    triggerUncaughtException(err, true /* fromPromise */);
    ^

AssertionError [ERR_ASSERTION]: The expression evaluated to a falsy value:

  assert.ok(Array.isArray(candidates) && candidates.length > 0)

    at scenarioUnlockedEmployer (/home/runner/work/History-Go/History-Go/tests/civication-ekspeditor-brand-flow.test.js:169:10)
    at async run (/home/runner/work/History-Go/History-Go/tests/civication-ekspeditor-brand-flow.test.js:200:3) {
  generatedMessage: true,
  code: 'ERR_ASSERTION',
  actual: false,
  expected: true,
  operator: '=='
}

Node.js v20.20.2

=== civication-ekspeditor-second-week-praksisfortellinger.test.js ===
      116, 101, 115,  32, 115, 104, 111, 117, 108, 100,  32,  98,
      101,  32,  97, 118,  97, 105, 108,  97,  98, 108, 101,  32,
      116, 104, 114, 111, 117, 103, 104,  32, 114, 117, 110, 116,
      105, 109, 101,  10,  32,  32,  32,  32,  97, 116,  32,  97,
      115, 115, 101, 114,
      ... 1357 more items
    ]
  ],
  pid: 3042,
  stdout: Buffer(0) [Uint8Array] [],
  stderr: Buffer(1457) [Uint8Array] [
     65, 115, 115, 101, 114, 116, 105, 111, 110,  69, 114, 114,
    111, 114,  32,  91,  69,  82,  82,  95,  65,  83,  83,  69,
     82,  84,  73,  79,  78,  93,  58,  32,  97, 114,  98, 101,
    105, 100, 101, 114,  32,  99,  97, 110, 100, 105, 100,  97,
    116, 101, 115,  32, 115, 104, 111, 117, 108, 100,  32,  98,
    101,  32,  97, 118,  97, 105, 108,  97,  98, 108, 101,  32,
    116, 104, 114, 111, 117, 103, 104,  32, 114, 117, 110, 116,
    105, 109, 101,  10,  32,  32,  32,  32,  97, 116,  32,  97,
    115, 115, 101, 114,
    ... 1357 more items
  ]
}

Node.js v20.20.2

=== civication-ekspeditor-ui-flow.test.js ===
AssertionError [ERR_ASSERTION]: first app-open should enqueue planned ekspeditor mail

false !== true

    at run (/home/runner/work/History-Go/History-Go/tests/civication-ekspeditor-ui-flow.test.js:127:10)

=== civication-fagarbeider-two-week-flow.test.js ===
AssertionError [ERR_ASSERTION]: craft-safe-professional: opening app should enqueue job_fagarbeider_week1_first_inspection: {"enqueued":false,"type":"none","reason":"no_runtime_candidates"}

false !== true

    at playStyle (/home/runner/work/History-Go/History-Go/tests/civication-fagarbeider-two-week-flow.test.js:291:14)
    at async run (/home/runner/work/History-Go/History-Go/tests/civication-fagarbeider-two-week-flow.test.js:441:21) {
  generatedMessage: false,
  code: 'ERR_ASSERTION',
  actual: false,
  expected: true,
  operator: 'strictEqual'
}

=== civication-film-tv-produksjonsassistent-playability.test.js ===
AssertionError [ERR_ASSERTION]: the generic mail runtime must open the role at plan step one
+ actual - expected

+ undefined
- 'film_tv_pa_job_to_call_sheet'
    at run (/home/runner/work/History-Go/History-Go/tests/civication-film-tv-produksjonsassistent-playability.test.js:110:10) {
  generatedMessage: false,
  code: 'ERR_ASSERTION',
  actual: undefined,
  expected: 'film_tv_pa_job_to_call_sheet',
  operator: 'strictEqual'
}

=== civication-first-week-praksisfortellinger.test.js ===
AssertionError [ERR_ASSERTION]: arbeider should have runtime candidates
    at run (/home/runner/work/History-Go/History-Go/tests/civication-first-week-praksisfortellinger.test.js:131:3) {
  generatedMessage: false,
  code: 'ERR_ASSERTION',
  actual: false,
  expected: true,
  operator: '=='
}

=== civication-formann-first-week-praksisfortellinger.test.js ===
}
node:child_process:930
    throw err;
    ^

Error: Command failed: /opt/hostedtoolcache/node/20.20.2/x64/bin/node /home/runner/work/History-Go/History-Go/tests/civication-praksisfortellinger-cross-role.test.js
    at genericNodeError (node:internal/errors:984:15)
    at wrappedFn (node:internal/errors:538:14)
    at checkExecSyncError (node:child_process:891:11)
    at execFileSync (node:child_process:927:15)
    at Object.<anonymous> (/home/runner/work/History-Go/History-Go/tests/civication-formann-first-week-praksisfortellinger.test.js:132:1)
    at Module._compile (node:internal/modules/cjs/loader:1521:14)
    at Module._extensions..js (node:internal/modules/cjs/loader:1623:10)
    at Module.load (node:internal/modules/cjs/loader:1266:32)
    at Module._load (node:internal/modules/cjs/loader:1091:12)
    at Function.executeUserEntryPoint [as runMain] (node:internal/modules/run_main:164:12) {
  status: 1,
  signal: null,
  output: [ null, null, null ],
  pid: 3158,
  stdout: null,
  stderr: null
}

Node.js v20.20.2

=== civication-formann-second-week-praksisfortellinger.test.js ===
}
node:child_process:930
    throw err;
    ^

Error: Command failed: /opt/hostedtoolcache/node/20.20.2/x64/bin/node /home/runner/work/History-Go/History-Go/tests/civication-praksisfortellinger-cross-role.test.js
    at genericNodeError (node:internal/errors:984:15)
    at wrappedFn (node:internal/errors:538:14)
    at checkExecSyncError (node:child_process:891:11)
    at execFileSync (node:child_process:927:15)
    at Object.<anonymous> (/home/runner/work/History-Go/History-Go/tests/civication-formann-second-week-praksisfortellinger.test.js:145:1)
    at Module._compile (node:internal/modules/cjs/loader:1521:14)
    at Module._extensions..js (node:internal/modules/cjs/loader:1623:10)
    at Module.load (node:internal/modules/cjs/loader:1266:32)
    at Module._load (node:internal/modules/cjs/loader:1091:12)
    at Function.executeUserEntryPoint [as runMain] (node:internal/modules/run_main:164:12) {
  status: 1,
  signal: null,
  output: [ null, null, null ],
  pid: 3186,
  stdout: null,
  stderr: null
}

Node.js v20.20.2

=== civication-formann-two-week-flow.test.js ===
AssertionError [ERR_ASSERTION]: rettferdig-gulvleder: opening app should enqueue job_formann_week1_first_shift_board: {"enqueued":false,"type":"none","reason":"no_runtime_candidates"}

false !== true

    at playStyle (/home/runner/work/History-Go/History-Go/tests/civication-formann-two-week-flow.test.js:320:14)
    at async run (/home/runner/work/History-Go/History-Go/tests/civication-formann-two-week-flow.test.js:473:27) {
  generatedMessage: false,
  code: 'ERR_ASSERTION',
  actual: false,
  expected: true,
  operator: 'strictEqual'
}

=== civication-mellomleder-two-week-flow.test.js ===
AssertionError [ERR_ASSERTION]: aerlig-oversetter: opening app should enqueue job_mellomleder_week1_first_monday_report: {"enqueued":false,"type":"none","reason":"no_runtime_candidates"}

false !== true

    at playStyle (/home/runner/work/History-Go/History-Go/tests/civication-mellomleder-two-week-flow.test.js:354:14)
    at async run (/home/runner/work/History-Go/History-Go/tests/civication-mellomleder-two-week-flow.test.js:510:28) {
  generatedMessage: false,
  code: 'ERR_ASSERTION',
  actual: false,
  expected: true,
  operator: 'strictEqual'
}

=== civication-praksisfortellinger-cross-role.test.js ===
    at async run (/home/runner/work/History-Go/History-Go/tests/civication-praksisfortellinger-cross-role.test.js:455:5) {
  generatedMessage: false,
  code: 'ERR_ASSERTION',
  actual: false,
  expected: true,
  operator: '=='
}
Error: Command failed: /opt/hostedtoolcache/node/20.20.2/x64/bin/node /home/runner/work/History-Go/History-Go/tests/civication-praksisfortellinger-cross-role.test.js --runtime-role arbeider
    at genericNodeError (node:internal/errors:984:15)
    at wrappedFn (node:internal/errors:538:14)
    at checkExecSyncError (node:child_process:891:11)
    at execFileSync (node:child_process:927:15)
    at run (/home/runner/work/History-Go/History-Go/tests/civication-praksisfortellinger-cross-role.test.js:473:5)
    at Object.<anonymous> (/home/runner/work/History-Go/History-Go/tests/civication-praksisfortellinger-cross-role.test.js:479:1)
    at Module._compile (node:internal/modules/cjs/loader:1521:14)
    at Module._extensions..js (node:internal/modules/cjs/loader:1623:10)
    at Module.load (node:internal/modules/cjs/loader:1266:32)
    at Module._load (node:internal/modules/cjs/loader:1091:12) {
  status: 1,
  signal: null,
  output: [ null, null, null ],
  pid: 3788,
  stdout: null,
  stderr: null
}

=== civication-praksisfortellinger-two-week-flow.test.js ===
AssertionError [ERR_ASSERTION]: responsible-professional: opening app should enqueue job_first_week_unowned_task: {"enqueued":false,"type":"none","reason":"no_runtime_candidates"}

false !== true

    at playStyle (/home/runner/work/History-Go/History-Go/tests/civication-praksisfortellinger-two-week-flow.test.js:267:14)
    at async run (/home/runner/work/History-Go/History-Go/tests/civication-praksisfortellinger-two-week-flow.test.js:406:23) {
  generatedMessage: false,
  code: 'ERR_ASSERTION',
  actual: false,
  expected: true,
  operator: 'strictEqual'
}

=== civication-second-week-praksisfortellinger.test.js ===
AssertionError [ERR_ASSERTION]: opening app should enqueue job_first_week_unowned_task

false !== true

    at run (/home/runner/work/History-Go/History-Go/tests/civication-second-week-praksisfortellinger.test.js:173:14) {
  generatedMessage: false,
  code: 'ERR_ASSERTION',
  actual: false,
  expected: true,
  operator: 'strictEqual'
}
