{
  "import_ok": true,
  "summary": {
    "scene_source_files": 1117,
    "scene_records": 5157,
    "source_formats": 39,
    "schema_less_files": 54,
    "duplicate_scene_ids": 0,
    "missing_internal_references": 0,
    "plans": 89,
    "plan_steps": 1362,
    "direct_plan_steps": 1354,
    "content_exists_but_not_loaded_steps": 0,
    "semantic_substitution_steps": 0,
    "missing_runtime_types": 0,
    "answer_wrappers": 1,
    "generic_fallback_choice_sources": 0,
    "blocking_issues": 1
  },
  "duplicate_ids": [],
  "duplicate_occurrences": [],
  "legacy_inventory": {
    "data/Civication/jobbmails/byCivic.json": true,
    "data/Civication/jobbmails/mediaCivic.json": true,
    "data/Civication/jobbmails/naeringCivic.json": false
  },
  "synthetic_duplicate_ids": [
    "runtime_duplicate_probe"
  ]
}
node_exit=0
