=== node --check ===
check_status=0
=== materializer ===
claim_tollpakkhuset_quiz_13: ukjent påstandsfamilie comparison
node:internal/errors:986
  const err = new Error(message);
              ^

Error: Command failed: /opt/hostedtoolcache/node/24.20.0/x64/bin/node scripts/build-quiz-production-context.mjs --category naeringsliv --target tollpakkhuset --output data/quiz/production_context/naeringsliv/tollpakkhuset.json
    at genericNodeError (node:internal/errors:986:15)
    at wrappedFn (node:internal/errors:540:14)
    at checkExecSyncError (node:child_process:942:11)
    at execFileSync (node:child_process:978:15)
    at file:///home/runner/work/History-Go/History-Go/tools/build-tollpakkhuset-completion.mjs:895:1 {
  status: 1,
  signal: null,
  output: [ null, null, null ],
  pid: 2385,
  stdout: null,
  stderr: null
}

Node.js v24.20.0
run_status=1
