== base materializer ==
Etne non-nature materializer changed 2 place files.
{"normalizedBeforeNow":0,"addedBeforeNowSources":0,"addedWorkSources":0,"addedCivicationSources":0,"correctedPhysicalObjects":0,"strengthenedCivicationReasons":0,"localizedSportExercises":0,"differentiatedFootballExercises":2}
base_status=0
== religion materializer ==
Etne religion rounds materialized for 3 places.
religion_status=0
== religion regression ==
node:internal/assert/utils:77
    throw err;
    ^

AssertionError [ERR_ASSERTION]: The expression evaluated to a falsy value:

  assert(/2013/.test(stories.find(x=>x.place_id==='etne_kyrkje').story)&&!/middelalderkyrkje[^.]*er/.test(stories.find(x=>x.place_id==='etne_kyrkje').story))

    at Object.<anonymous> (/home/runner/work/History-Go/History-Go/tests/etne-religion-round-content.test.js:25:1)
    at Module._compile (node:internal/modules/cjs/loader:1781:14)
    at Object..js (node:internal/modules/cjs/loader:1913:10)
    at Module.load (node:internal/modules/cjs/loader:1505:32)
    at Function._load (node:internal/modules/cjs/loader:1309:12)
    at wrapModuleLoad (node:internal/modules/cjs/loader:254:19)
    at Function.executeUserEntryPoint [as runMain] (node:internal/modules/run_main:171:5)
    at node:internal/main/run_main_module:36:49 {
  generatedMessage: true,
  code: 'ERR_ASSERTION',
  actual: false,
  expected: true,
  operator: '==',
  diff: 'simple'
}

Node.js v22.23.1
test_status=1
