{
  "ok": true,
  "status": "verified_candidate",
  "reason": "Geonorge returnerte ett tydelig adressetreff.",
  "query": "Standardveien 1 0581 Oslo",
  "sourceProvider": "official_address",
  "sourceName": "Geonorge Adresser API v1",
  "sourceUrl": "https://ws.geonorge.no/adresser/v1/sok?sok=Standardveien%201%200581%20Oslo",
  "sourceObjectId": "geonorge-adresser-v1:0301:21534:1",
  "coordinate": {
    "lat": 59.924017628728656,
    "lon": 10.81017987877654,
    "r": 60,
    "locatorType": "building",
    "sourceProvider": "official_address",
    "sourceObjectId": "geonorge-adresser-v1:0301:21534:1",
    "address": {
      "street": "Standardveien",
      "number": "1",
      "postcode": "0581",
      "city": "Oslo",
      "country": "NO"
    },
    "geocodeAccuracy": "rooftop",
    "coordRole": "display_marker",
    "coordStatus": "verified",
    "coordSource": "geonorge_adresser_v1",
    "coordType": "address_point",
    "coordNote": "Offisiell adressekoordinat fra Geonorge Adresser API for Standardveien 1, OSLO. Punktet er representasjonspunktet for adressen og brukes som display-marker, ikke som kai-, vei-, vannflate- eller generelt områdeanker."
  },
  "rawHit": {
    "adressenavn": "Standardveien",
    "adressetekst": "Standardveien 1",
    "adressetilleggsnavn": null,
    "adressekode": 21534,
    "nummer": 1,
    "bokstav": "",
    "kommunenummer": "0301",
    "kommunenavn": "OSLO",
    "gardsnummer": 131,
    "bruksnummer": 22,
    "festenummer": 0,
    "undernummer": null,
    "bruksenhetsnummer": [],
    "objtype": "Vegadresse",
    "poststed": "OSLO",
    "postnummer": "0581",
    "adressetekstutenadressetilleggsnavn": "Standardveien 1",
    "stedfestingverifisert": true,
    "representasjonspunkt": {
      "epsg": "EPSG:4258",
      "lat": 59.924017628728656,
      "lon": 10.81017987877654
    },
    "oppdateringsdato": "2025-06-24T15:44:44"
  }
}
