{ “ { ; er
¢ < é — » \ {>
a 4 tr i
y { <e\ & | | ‘ —
ae D BAA ae
ta toy (9 3 RAR . os t
tease aes See ‘s
Poe te es Ki 1 ae: .
ASS (ont ‘x. > ee
BeSt a | {: Mak atc. S
By: i my igre Se ee sisi
NT bat . 4 ¥ 4 a
ee a \ , ro » ia oil be bf
ay EA, 4 Le mar ees lr i
ak ew ees q ) ‘ ~ * ~< tine
eens | yo 5 7 _ ae
TER dha, Te ie 4 > es ; oes
Sie 7 es
‘plies Je : i SED | J
a Se aay . eee 11 ae I ce hag OS sail eee
ON he _ ‘A a ik tA fii
Seep | APRS bike . Bas A aie
‘ He id pe _ tf ay ty St a ie ‘Ny
; rae a Nae ARS eS vi x #4, fy, ~~ ah \)
: eee A (ae < nA Was) Ne . ¥
a teh ee De Mee lg “a8 hb shia
: Me ae a sa agi ey Bey ee
i Sey oe De ae yf roe ib) = Se : ; a 444
ti he , _ 4 ‘ POE ee i
ce 74 i ee < rae RB, Ae Lee Pe Ri pige
% Reef | > eS 2 Age ligt ious OO, Mate catia Tie ata! Sai ae Ieper 28 To
SV fy ie sae ‘ ” Wee oR: = PO ete eR Ae 2 CPR a it i Rae Siar ce bh 3
ig ieaees oe ey ek eee ae Ree oe 3 ke RE ge ee
bas ei ee ees Non ge Be bed hea ini ieee ae ge A wg ae Bee
ie. Mh OR Ke Baghem | aes UE A een ORR ae B Mee s des 1e ee et Pig PE EM os (i aaah gi BF pat De: Leesa Bie Cee i tial ie
a. ‘” hel) 2a pes pr whi wi eae Ae red s. 5 AB, wy Meee a ga cy. ete SOME Xt Ay ger he La OE,
oe ei bi v¥? ~ rs G5 ys GF: ing 3. bs tehy ie en Ld ™= ‘Rit 2's SLE PON ee Pee. y Fea es
MES, & erik Pr; | 1 | $e pede’ f, itig. “2% i, hie SAE SP od ie TE ed A ee er ¥
ae By yh £27 | i ie bit 4 LOR I Nite De: af = ae ene Ie - a, Pi gee r e! F r oe tiae Ie, «far
‘% ae Cig % hoe ae rey tw, th SLI IA OE GMT Ye? RE ne ones, :
3 ane § 2 ey Cc . ae yt SOLE Da - cles aod LIES eats See ag Re totes ES ey
THE a Z| a i 4~ v i We bem OM CTLSS Be Lae eee gigZ tip ep is Rae Fe
Sah pais Ye aus eo et) / AAS = GO ee se hd 7 he, Gath de he EE TMS hago eae Bae ea
Me oe cs co oe 7% = = — am sate! he sa, As BEL yi FF phe ne A Le a eed Pee a ied
2 5 = be Eee rt PS i or, Celene? Gaal oP a oe Fa oper LaF ar he
s2) Eat Sa St Bey fxg 1 gs Beene pe x RH geht MOG E = BE AES Be fe GEG $2
SBR. Ase ey : . ce Pf Waar pete GACY ce j teas Lie a enero cor GP ie eee iM erede hime pete ee Cbs
4) Begins ae h Leet tae : a FF tT ae al Ay sf be we \ Cue en EY pie (era in pear re Le ta OL et pale BF rs ; Be es i. “4
MO ee dy ae \ SCE i, gee ty: 6 oe een Ae oF EP
ft Rd Tre & Puts 4 5 ie a" eee EERE, ese a> tae f SSS
oo eee . AES im Fog be | Sa, ee +A 5 \ ot epg Eee Neo, : oe me EEE (2) eS pene
Seren il . oS, Since bet Jock males Be we’) Peete oe P Shoes Sal Sena acs Vie Se Bee
t ee ig VRE fy Pp 43 e is = ad ae os. is a Sey tg ne te my = Kins: ee OE IBLE age #
: Spee mic Ao emnge ee : Sa ee fe a | ee NRE ir CET
y tine ed t et © ar SS “3 Saree he Wiss a SO ee eo BX. ROR: Peg ‘sghgerwios
aed agate? sg HS v. Sec eae ae BEA aaa Ee Ee RR ERS ce
re, aS ag < - eo =, = >: P-FS. .“¥ i nts, = Ma aX, ‘“L “i oe Saas “se = A i past
= > aS ee ie iy . ne oe 4 Bik ce ROT ga : Bays ne 3 Brae
ee ee i te, : . ~M Ps Se Oe — oe ae Nite BS at EE
: | ae §di A peel BB 3 Sas ad
see eee yf A “*s “nea ylgattees Whe eee = Ba
—_=5 Sa en | he hee so
= - Sea —_ =e enw “a < 5 E — — Eee
» : : Sy Dee an aA <n ~\ Wars pa
x : pees Fee a BS . —
Z ; Oe > * Sirens \
r POTS ~ . a
- esti a i 4s '
= % ms oA S hoe < * ——
hy, ts s
Me See 1 4
- = lee = 5 Sas ; s
* mint a
°4 a Se Y aN PS
rae ‘A. > “i x PP p> . a
= “ —- Z —— x es
‘ j oe SS KR
= 5 Sieae rch eM ATEN EET AA” a eatiie a,
SSR atin eee Ges, ee Pe ages
; Se BS Pe ar HERI Rat Ne POS ay = SOON -
Breese eres OR SO ns eS er a oa ee ee Sos :
Rate tose oy i oe Sp Pra eerie SFR TS ae, a B.. = ;
Sr anes andy SAPO Hee ef NI I EN : ol = : 2
26 eR Spelt Sera pa RO am ee VS ee
iS TS etn ee aha ee Neo Rar a eb ee a a a Sh “ies oe rk
7 Bap AES oem Neri a arene I Ri See TO en RR Dad ee ee PN etn -
as NI Res ee ig eT a, Se ORS ts aes INR SAE Yim ar pee ei aary sc SMa ee en 5 Scena ae te ey ek ee ee a
Sr ES eee a pe ae Aer tet aig aA a aha pr MT OR a ye Pre a ee Lee SONS Se a Sa :
Spee eee Ae ee oem «neuen Nepean nae ee ec eerie PRT tS —
Bia MTR ee a a ee «= ere 2 emma Os gee. :
BRS pee Sp Ra Se alee Ro Ie ae In Mie OPA SO AE TNE ES papier) W: Letie arate toi aaa Wig tein fae PST :
Se Pie Fen Raa Ee LAS RN RR PRO AI a Ie DR IEA See aati tae ep Di Be nike SV et oral. fight iediphe sy Sees epe nes Rad ae te . me
pip fe LIEV tee Reg Be i cle eS iol CeO ix ON RLY Key Re OS te Syeda ta LAR Loic OR ure ee Os em RON: bes Sea ae EN OR Bn eg ea AS Tes . =
FED Re eer oe RAN eT Fine ato Oe clue AE Ue mG DES gat ES A NON HOE : aS Be Vgfteer ote age ae mer eagat aR re Oe yey ne: Nee
ae SARE i teag EE Sey rata eo eee Op Beet Lea Pe ae eo. Geet, ae er a = Ss PO gt nrc PR se ie iad Bek ap baraeds Nate a ieee .
Bes sata Costs a a ee RTL ee tice i OS Fa OI. Tay ei Senn Peas Soe Mae ae nea PEER Se
COR Baten Bet Ti ee Te EE Eeraat Sasi & i Sr ae a ie 2x . ee J OT ES | Sis oe par Peace sity a oa SS Nees ERE rn Eye
PG SC PII CON OCR nO ER Tgee SS, bigs BE I ag TES agape | 0 Sig 2, EE RRR I er Sear Ne ce cee PRN ag oe OTe
ES it se Bhp IE AN AIS eee T UCI TANG, BS BES Stee ME : 94 RTS 5 VM AO FR AR Rng RRR SRN he NER SRS
Lp Ee SEE GPR) SER asp EE MR OTT test ek Bl < I ATI 1, DBS eae Webinar Fn Sey wee pecans = PN ee REN a
GEE ETD Sys MARE A LE TET eee ce POPS Re as EE Gg ap = . tS Soa | Se feo aaa as Cte ee eel NS po Tee. ae Fe
PEELED pe EE sag ge oe LN AON a oie on Stns Rea) ap x baie.) Gee sy eens x ARETE BEY eT Sa gate he rn era eee ih eat ae
ENED eM mal nips NLM rn Oe ag tee Sop TOPE NE APTI Cg oo : mM Kine | Pepe ta, lees <tr e bp ESET gee einen
FET peeen sea cgae en Dia SEL Pan AS Ra. pe?) 6/7 Ge eee Cal ate Re. Sa
ip EEE isla Fr ie ete Rea See Peale sa = 2 St ay <= / oy Sas oro pos A toiey Bese SSL ae. See
Cf Pipi pe hn (oa AN MOREL SGD Ch aes DLE LR ONES aa GAT ee Fim Bang . " 7} by Beene Lettres na: ES: ae eh Li Steen Say ESS a
pe AS LOL eae Mera tabaci re IAP SISO e Cages N lene ie a a >; 4 Be hes. ; pa hse ee gS See
LE OU TOON Coe Pay Set EN MEA De OP RIP NTE nay Grae Pee Reracu et tayo non as eaenote, Rot Soh CRE ya ee ae
EEG ao gy UO ag Be HL a | Beets: Cee Oonas. Se eum mn
MASE OR RASC LIB LY I CAS ASE Tai ta fee is . ee ) Ore he nig, Cp mR
pe be ee es Lk Mine neg ap: ergy . v y : See A SNe gS NS aE ey a rey WSR tes
Paice Sg ante lake ds UOT TAT . a ata - Qaida bate secs pe te eS
ade. y z <5 ‘ A 5 ~ Fes - ‘ - rn 3 a Sa
. / “ 5 £ ale : & ; f } bf age 5 SES rea
f y f 64 r 4 s e : A) ; : ~ : .
Ms r , ioe

exit=0
