=

—_ Ts

a»

2a

xu

SS

e

Qe

:

xd:

sf

*

bas

inal

4)

it

i

as

er

as

ee

45

ig

A

4

:

\

ae

bei

»

nt

Lt

P ‘

%

aa

Vd,

ao

i.

rs

_

=

mr

y

wah BS

ys

Me od

~~

ta)

—

—

——

ee

3

He

>

Set

stg

ay

+

do

a >

ib

uy

——

i

att

ve |)

ay Bt

Tet

~

ts

13,

1

‘

a

~,

way

®

omy,

ue

a

LOS:

> ee

zy

*\

tks

~*

ed

>.

SA,

=

eal

v

>

4 S=

ane

FT

Tid io

BP a

ar

%

23

itt

ve

eae

“a

\

>

Ar

“?

:

oe

ae

a ae

|

‘|

Say

on

&

‘

EN

a Nes

be

ys

ve

Me

if

,

w~

a

y

So

<7

oe

‘+

c

=

¢

Wai,

a

i:

4

7

nee

g

R

‘G

¥

Coan, 5

=

.

potas

fs

+

;

¥

3

-*

af

me =

ed

1 &

H

a

if

tits

%

f

Ys

Z

rd - ¥

by

}

f

Fa

A oe

v

:

et

~~

f

4

oh

1 ey

oS

La

y

4

.)

ae

we

=

St

=

iS

~~ Aree

¥

‘

oe

Sd!

Yen

sor

RAS

Pe

ry

;

=

"

Se

E

a

.

eS

‘

¥

=

y

*<

i"

ES

™“~

ae

Ra)

rt

>.

=

a

A

aes

s

~~

ot

ve

~~

ww

:

Ye,

we

Y

~

ER

Se

Nk

—,

~

A

1 |

4

Kg x

~~

;

a,

*

s

!

ee

ts

ie

‘=

ete tak

—¥

Paes

ef

“v

: :

:

)

Daa

aed

el

}

s

=<

ae

AN

*\

SN

SS

i

Y

.

= We

ae

N

=

ha

;

SS

}

wo

:

St

i |

ny

:

‘

ee

me Sec

ss

ay

Ten

=

>a]

\

~=\

ch

She

4 ||
Estimating resolution as 248
OSD: Weak margin (5.94) for 333 blob text block, but using orientation anyway: 2

exit=0
