>

q

ee

—

haa a

ie

——

<<

1 gr

re

46

ae

<n

a

AP,

am oy

(Ss

#2

-

Che

ss

ze

og

a>

eve 3

4

7

Pinan

a

taclg

pa

i

~—h Aiateana—\ mayitipthatntiae

ae aoe

7 aa

Am milla

Z

ey

e

ane ak

gee Ped re J

+

lem 4

y

FAR

=

in LL

my

4

Z

PX,

es

ws

i

_

ri

Soe

i¢

5S

Sel

bots

t

1

S

“4

ee

at

—

as

oz

oF:

hy

“e

—-

a

—_

ee

+>

ie

AM

vey

i

eS

fF

ome

ea:

ne

x

ee

gs

‘=e

iP

Py

ae

ae: :

4

ht

“+

SN

&

tr

ae

=

%

whe

ve

. ey.

4

ifs 18

“ao

*

des

=

a

~

Sf

=

4

eae

&

i

i

“s

a

~~

a)

Lok

eee

es

at

f

~~

Be

+ ay

~

3h

~_>

-_

—

rr

ay

"

7 =e P

K——~

z;

"y

ene Ne

os

ne

Be.

PAS

oe

ae

oy

ie

«

x

———

Per>

e-

6

=

i |

7%

es

“

se

ss

"

=

“Pe

at

#

va &

2

.

ae

>

=

~ 4

ty

=

-2

=--

ai

> es

pe

f &

ae oy

-

"

)

«

“Ne

t«

te

—

Me

wy

ae

*,

aS

—

as

oe

a)

ey

ees

ot

~~

ean“

ie

—

—

t.

Why

age?

Ae

i

.

Ste te

jae

—<

Le

ee

ha

”

*>

ee SF:

aah

he

ae

rue

Pa

Fae

we

=I

—

.S

3H

Tet.

ws

ee

3-3

f

ae

moa tnt

san

+,

os

pot)

fee

wes

yee:

weed

ae

Sete

es

<a

be

~

Pea

on

eae

vt

piven’:

She.

ee

con

os

—%

rte

fee

>

a%

=

tl a

see

eae

es

vi

ie

ee)

ty

Pn,

We

Sy

ex

Loe

27

76.

Pint by

Ree

Soe

i

=

a

a

Ie

Cx:

—

-.

ae

és

oy

=

7

e

ae

pr

-

a

Se,

<<

ae

te

—

~<a

~\

5

%

hg:

PN

pan

=

wea

<<!

as ae

>

ce

tone

Ti.

Ss

ae

he

we,

see

ae

aa

ioe

ane

_

ti)

~™

Sen

me

me

<>

<

ny a

~~

Pe

CODEN be,

—

“Ny

ees

c

ah

7x

pte

Ae

—S

Pe

\-

aa

pur

oe eile ot

ae?

td

54

”

Ci

Pee

-s

~~

=A

Sat

ae

Ge

<oe

i

Any

on

yx

9K

ivy

EEE

Sear,

os

>

fant

Ae

ee.

e

tie

oft ere

+*

Se

ib

ee

—

ah

~

‘%

5

wet

a

<

Ay

ip

ond

Pete

iy

(oi)

<a e

ie

S

bares

~~

~—

a

aes

ay

7)

vA

rows

seo

one

et

tS

=

eo

eee

ee

+>

sos

Foret

Ws

i.

a

eS

a *

>=

aa

rt

oh

or ec

ra

—_

y

i ra

as

Bae ot Sox)

4

2s

Ve

=

Bre and

r ec “4

Suet

ast <

Peek a

on

oh

Slee

ia,

=

raya:

aS

eae.

<<

a

we

a pee

“i

aa

7

hs

East

Las

“yo

Le

+

i

iF

Seen

ee

<i

”

<=

sy

ate ea

¥

ne

x

+t

late

ee

as

om

peat

<

ire a

#2

oY

ka

es

+<-

SF

ee

ys

Lede

ca

—

aa

at

vig

=

i”

So

Se

os

CLG A

Las

Dae

eon

e

ey

eat

ss

~~

~?

aed

oes

bape

ia

te

Se

<s

artes

eet

A

es

ERR

te

“23

Te te

aye

Nee

“

35

Petite st

Ke

Be

te ;

y,

as

%

es

Qoea hk

Ne NO

Se

= be

x

“as

Ailes

a

fad

2a

a

see

Eat

ve Sy

aie

=

ae

ar

ay

4

he

ae

Fe

~~

pits

P9,

ax

rs

TA

os

pS

ie

ss

ay

>

rt

so)

ra

~

ot

ss

ae

tiie,

eee

=<

Hs

+A

es

‘a

Se,

ake

cs

sie

7

mare

tx

*!

oo

tte

es

ne

x

Se

ace

ch

Tes as

02

tA

(ELS EAD:

ae

Vy.

ee

oat

5

ae

es

>

$ Lay

bs

Aes

ws

(aay:

(ae!

te

o

a5)

aes

ay

S.

“a

sae

Gest

ay.

ee

hoy

utr

$7

Soen

Ses

ee

aS

ee

e

i

*

eee

£5

ee

v4,

7

‘hr

ed

3

if,

on

ze

&

Ceo

wt

ale

Tide

eA

=

=a

tao

pa

Cay

thy

<2

et

Apes

a?

acs

re

‘

ve

AGE

i

Swi

Ch OP

ay

Ef)

+

SRpeiy

eae

V3

San og

>

=

aes

ee

i

a

+,

_”*

of

4

ane

ee

at

oy

=

~~

i

WEF,

oe

ze

oe

Ta

ana

4S

SERS

SS

a

Go Se

a4

@

22

os Bat Gs

sa

ne

2. Be

aye

as

ay

x at

~~

ie

oS

~o

1S

%

an

rr

. on

rae

Fie id

BS

car

es

‘sf

GM or Fes

“sa

ae

ri

in,

lin 5

“ae

a,

et

Fa.

Sa)

oF

te,

Bi

a

A ha fine

aw

=e

we

+

ics

a

t**

~~

en

‘S

Be

fe

ee

if

ae

»

uh

>

at

VW

e

2

a

Ay

£3

Ag

oy,

Ph

yi

~~

se

cS

CF

Jes

‘

RS

‘

er

~s

Fi

SVEN

SN

Pee)

PAWSON

Te

1%.

oa)

Com

BABI,

re

sey

iS

us

a

Way

ob eBay

ie

tA

ie

hs

te ee

ae

a

Sara

Sen

See

ee a

ary

Y

%

red

Cre

AER % tg

Jy

>

yy

Sm

“

oN

sony

se

Se

4,

yt

am

om

ny

vA

a

y

Ed

ap

ie,

Pade

ef tied

Lee

7

mts

Aa

p EAR)

wa

oe

A.

a ry

hi

ee

ie

set

ro

ia

na!

Os

Z

4 Ge

hs

Se

‘

s

et ses

ie

vf

Ss

¥

jes

Zn.

Jey

Sey

B I

Gg

ee

=

ie

ae

YEG

BF;

iy

Bar ac§

cu

ie

oe

Das

A.

Nath

tke

i

ew)

y?

fe

4

pe fo

oa

Paki,

Sy

tf

wie

see

ae

i

my

ae:

Pay

i

a

a,

pi

Mey

a

i}

Fs

ae

Les

eS

vay

=

a

ry

“Ee

= a

uF

iP,

eypis

Pad

ee

see

"fs

+o,

i

>

i*

at

he

oy

es

vs

7

Yee

ty

Ie.

hile 7

A

Fitgh

on!

7 ~

Lae

4

eps

ol otal

AY

oe

=

N 2

<a

7

Ye

a

cA

ti

A apy oA,

aby

ar

be

¥

bres

ty

Tanne

i“

3

~~ *

ee bin

IY

ri
Estimating resolution as 218

exit=0
