="

be ul

“2

we

Fi ehe |

Abe

ss

ice

9]

27

ae

f

a

a

¥

st

,

tf

7 ay

7 ¥,

f,

VI;

sip)

Aces

f

f

reel

wy

is

oiphp

ay

)

”

;

ty

was

C=) ae

i

i

“ve

in

&

‘e

po

3

Wes

%

)

ft

he

AG

So iw

bg

PETS,

F

p

iy

“ey

she

hina

wo

Bs

Meal

cD

SFiot

|

ve

eS

iF

Pia

44

TT

¢

Tn

Va

ray

wd “8,

e

pry

/ ’

te

UN Sp

em at

4s

*

ee

Fe

fig

Sd pe

*

$>

7

Sy

-

f

ee

(ee

Pra

¥

7

Piao

‘tee

a4

a, 5

mis

¥

Bi

is

ce)

a

Sty

4

@

y

Par

4

2

o

5

‘Ay

a

Ms

+

i

oe

Pp

us

<< a a ls,

dl

Bu

3

$0

ee eS

rth

Up

va?

oh

5

Yar

nS

1)

4

rT

NAY od

et

{%

ws,

he

wr

<

mn

Bho

“

he

a

eit

a. |

q

4B or at

Pt

v2)

peo

mah 5

vi.

my,

in

pe

ye aa

i

ve

aK

™~

Fp

~s

Mn

ae

tar

ve

Gk

fe

peat

E

ee

~<a

%

x

ie

ei

>

4

y

oe

th?

2

nr)

fet

“oA

J

in

72

i

Neth

-,

cK

wa,

#1,

if

Wad

ta

rf

rey

Bt

&

ips

fig!

raft

\

ve

Sf

i.

Af

oi

a,

Ae

fi

ate!

B

te ae

6

hs,

(apg

Spee

i

Gf

a

«)

ett.

é

4

:

n bag

a

sd

hee

M;

=)

Pur},

&

eo fe

roe

@ hea

iy

ab

ae

rt

be

al,

a?

to

Eyes

=

Sen

4

a

ives

J,

rt

re.

fo

4

a)

eaty

yF

ate.

ial

f

ahs

vie

Ste

-<

Lue

ke

a ha

NS oo

Pe

“

ae

ee i i)

»

St

iD

bade §

=

‘

Aa

rege

we

-

we

As

+

Mane

25

vad

:

|

‘

ae

“a

e

,

&r.

Se

oe

‘e

5)

A

Pr

dee

\

Ne

en

fs

“

hy

5

~

7

‘ie

o

oP

ys

es

Fe

he

ef,

a

4

eo.

4

>»

pe

™

tak.

te

range

+e

+

re

we

fe

i

ie

ef

—

vet;

ei

Mya

nies

y OF

oe,

tH

reg.

>

Y

W

49)

ah

rs

arse,

a

ees

y irate

era

OE

£

F

4

=

seed

Sa.

Sd

f

4

—~

i"

et

&

+?

&)

o £

-_

“a

>

“

7

4

r

5

fi

a

PS

—

De x

a

=

st

Ure

a

af

:'

*

%

vw

Jere.

a eee

rg

a

Wr

=

a9

f

Ting

ye

yy

j

fy’ mee

al

;

he

g

a,

of

/

>

"Spt

a

4

4?

%

iy

9) A

“1

ah

LS Naot!

a

& i. A vs

> %.

W

id

&

‘>

A

id

2 ys

4. 5°t

;

ett

wd

kif

2

ys

ad

ay

Ba

;

ey a

a =

7

Ye

”

iy

4

9

>

a:

Ht

a

ope

oly

?

yy

“4

et

, sf

2

Sn

5

a9

J

Z

s

ss

_

5 fe

“5

?

;

4

oe

<a

£

WJ

aS

aig

:

“~

Rey

ar

aS

“

x

>

1%

ay

oo be

4

Yi

a

ot

te

I

|

5h

Wi

ibs

Zz

2

Wt

i

iy

ys

oe

s

r<

oe

if

S-

w

:

a

Sal

ay,

;

Se

it

a

ae

Ty bs

Ae

Se |

=

=J

ow

¥

SOE

:

AS

Ss

~~

Ke,

e

ee

%

Arh

oe

es

oS

SE

&

4

cas

oe

\\

ay

sé

SP)

oy

bs

e

“)

Re

yy

RY

iw

+6

NK

nv

oe

ay

a

<

x

py

a

i

2%

at

wit

oes

oR

aera

WF

S

4

Ceage:

x

Rake

pha

ag

=>.)

4

Nad

iS

=o

ry

ae

Ra

aA

3

ay

RRS

>

eu

_S

-

=)

S.

ae

‘

3 ei

eae

a

ra

SS

ts

~-

is

At

ue

Ly

Sy

e

*

=

bal

%

2

i

fe

SOS,

wey

hy

yt

bY

SS

5

Re

=

es

ma)

:

*y

i

Ca

aN

XS

aap.

a

=>

2

Aas

is

hh

oy

S,

te

o

ws

os

we

*% ea a Bee

Rees

—)

~ ts

eS

y

v>.

=

.

ae

Es

Vix:

S

a"

.

a re

v.

K

Ree

a

2»

as

5

}

sf

ett

bs

BEANS

oe

wT

ey

bias

‘

re!

aR

=

Sate

“*

Ey

Bi eo

aa

2

qd nara

es

ef

is

=

7

2

i)

-

ye

oo

as

aes

i

ae

A

AN

4

n

is.)

aes

ae

Tey

oe

3

=\

on

,

Se ay

SS

oe

ny

Sy

‘—

iG

or

ee ee

~

yi

‘s

©

.

as

os

, ay

S

tee

.

~~

=

i s-=

=

er

‘

‘

>

S

ai

+S

:

Pa

Pr

wy

7

rie

‘

tants

=e

x

fue

3

Ae

ye

La

:

p<

9

=

“ Ne

wet

2

*

oS

ts

So

Ls

~

en

S

> ce

ee

ee

a

ys

%

La

x

<

Oa

+}

ye

.

BA ae!

mths

Me

oa

u

3

at pe

is

7

Ax

Shays

=

ay

2

£

i i

i

‘:

:

eS

cet

Se

See

ants

;

i

°

¢ 35 4

:

3

S

Sere

~<

BS

.

Nae

ve

;

i

ts

:

Fey

xy

vel

.:

ae

om

Shree

:

ty

ayes

s)

i

=

=

$282,

ASE

Se

%

wie

es

“J

S

x

x

3

-*

+e

aR

oe

vn

xe

i

a

‘

"

:

v

.

aS

iB

=

Te

ARs

Ne

in

we

:

5

=|

ah

pet ald

ae

*)

.

~

es

NS

oy

e

4 Wp ES

x’

eye

bs

TS

Ss

a

.

Bsa

a)

hs

eis

yas

38

K

at

4

Sea

=)

>

et

.

>

ie

w

SO

*

MM

.

835

2

oe

:

ae

ay

bal

=

cS

SS

ee

Oey

he

WH

Masa,

=

¥

o

bs

Sent

RN

~~

>

Sy

Re

2 Se,

No

<

Toh

Se)

Mu

ie

:

ay

ty

x.

SS

a

foe.

Be

y

a,

i

~

oS

Tae

‘Ba

is

LT

Bhs

&

ALS

or

a

wx

=

wy

bran’

¥en

lis

i

N

is

Sue

Ss

=)

Le

=

Ss

YS

ce

v4

af

we

zt

Mt

«

at

Ses

2

SS

\

25

ae

SS

Ls

tp

2

ast

a

eS

¥

we

s:

“hee

a

SS

ve

ASS

ae

"

“s

y

ate

.

=s

VY

sy

Se

Re

AN

ae

BY

.

oe

*

ect

ye

rt

ei

ats

NE

we

hs

SE

a

Sh

i.

wy

aN

os

AST

aN

SES

‘om

~e
Estimating resolution as 218
OSD: Weak margin (1.29) for 1710 blob text block, but using orientation anyway: 0
Image too small to scale!! (2x36 vs min width of 3)
Line cannot be recognized!!

exit=0
