‘

ow

aed

ASS

A

—

—

}

70

h

» ae

,

HE AGS

Lm |

cmt

=

+

[

w

-

ws

-

\

a

— |

mk }

i

é 4

aT +

f_

ae,

7]

£ te

Po

>t

ae

see

2

Ae

al

AO

7;

A

of

ww

“i

ed

i

at 4}

ee

ya)

pb I

ae

ba

“A

“1

ty

jag

tx

FO wz

re

fh

jf Ais

Wi,

Vs

ry

by

x

Fat)

Pri

Hie hd

”.

7

4A

», det

ee |

iF}

fede

7

At

rz

‘o?

™

a

4 a

i,

+}

ah

4

AT

Me

A>

i *

4

va, id

wg

cM

Dx

F rae

he

oe

“

ae

~~)

r-e

(4%

Ps.

ral

OF

ce

(AD

RS hae

ia

Pee

"es

ee a

td;

re

Ay

ry

ie

o4

S

te

ao

44

to

east

La

ba cod

p>

Ne

Sf Since = he Ee

vk

oe

$s

‘fF

4

iC

Fat

ts

qi,

ae

:

RF

wh

La

at,

rs

8:

as

Eas

EN

ee Pe

tle

i.

>

gi

es

=, £

9£3

ot 9

mH.

BBE

pi

IF2 9

Sew

1e4

are gee

a eT

~~

Cl

oT

—

"te

» Ce,

“9

7 oe

wr

or

a

et

=

ty

<~

a

fe

BF Leek,

if

o Sf

foot

CR

a

ey

mit

o Row

Ne

Le

7

ee he

ia

a

4 = oe

awe

+

ade

£>

“398

/ \

=

=

=

eres

a

-

—

—

Rf

.

:

o~

if

=

_*

~*

>

Dae,

b

>

Re

pt

RS

ta,

>~

se

Son

Se

*

par

Cd

Mp

a

x :

oan

£

-

at

om

&

Ne?

fa

_&

4

sf

—*

a

. a8

fie

6

ety

‘|

pe

i erate

br ile

HEP 2

{

AS

A

ke

an

ap

OT a

(Ve

\ AS

>

a

ae

oF

we

ory

Oru

TY iL

ss

te

‘a

ww
Estimating resolution as 248

exit=0
