\

» |

| Ft

*

if

\

i

Vy

4

YS

es

34

r

;

%

EN

¥)

&

#

Mi

t

Si

fa

q

Fe

»

ix

2

2

one

if

Ps)

.

475 48

-s

rte

ae

vf

J 4

cay

nS

en

wal

x,

oe

|

e

‘

<.

ba

es

y

4,

:

Any

cron @

c

As

a

eg |

G3

a

—_

3

oq

a

+

rare

5m

$

g

2

“ay

"

:

~

NM

,

bet

i"

3

he

uh

rh

i

t

4

i

vane

5:

ay

.S

La

ra

ty

ip!

Fe

> oh

ie

Fee

ee

$

ex

ti

i

st

%.

rer eon

A’

4

oF

S

SEBO Le

‘e

tg

“

‘a

oe

“t

ms

ie

ree

i

gi

v

fe

ai

rs

his

og

is

al

4

pee

I

Ue

ate

ie,

“si

oe

Kamp

wt,

vs

“tds

par,

ay

EA oe

“a?

Up

‘ay

~

ioe

3d

t

ya

A)

Bat

i

re

,*

uly

“ee

5a

Py

baat

Chis

4~

¥

Y

nee

hig

a

é|

2

Ue

Sie

eZ

te

ete

d

er,

Pi:

Ss

bt oe

Pr

‘4

ys

PL

—_

Per

om

i

:

Pixa

ae

a

Oo

og

g

wd

‘a

“a

fas?

oe ‘2

-

>

ia

at

if

q

2

2 AF 65g

=

~s!

ee

a

+,

I 4

fe

ae

=

oo

ee

a

4 £

a.

ees

oy

mg

-

bi

s

74

a

oe,

=

a

.

ar“

I

a ta

or

%,

2

™

te

Sc

Z

~

+

X.

fo

ee

-

ke

ca

r

oo

Ae

us

pm

ee

Sy

“a?

oJ

Ke

be

Sipe

id

§

x

es

Fiat

Pe

_——

ae

4

>.

az

taal

a

ae

eB

Steg,

ies

Sy J

—_=5

=

\

wok:

ze.

is

=

oN

z

ss

er

\

——

w

~~

ae

a

@

as

i

aN

oS

ae

re

%

€

Fee

=»

eg +

Cay

jie =

a

—

~—~—

tt

tm

Ce

Nee

_—

“Ane

*.

8

1 pot

:

Rg

i

-

=

‘pt

*

%

3

3

i

~

4 ee

ane

»

=

ey,

a

Lx

o

“4

ete

ys

a

Lee

Snel

vay

.

Re

2

LA

ts

ES

Fy:

Z,

‘o

i

a

ye,

&

<=

Se

ees

:

>

y

<t

%

~

Ky

Se

=

*

as¥

~

m

-

2020/5/17 19:30

5

a

4

‘

-
Estimating resolution as 209
OSD: Weak margin (1.61) for 491 blob text block, but using orientation anyway: 0

exit=0
