ES j
: /y ye, aN
/ acre \) —
| Ph Age Ll a
— Pe rt mY |
Saya ds By Wee |
ERS5 xe hi |
a 2M ; Kh NS & ’ 3
a PANG ps |
A A ee |
ro /
Tae ace TD, op wp cae pg eren ee ar \ i =
PE) Bh QS OSM Mae Ju cal A \ SERED CRE? EPRI a eR a
pia ee +3! ee Sates Y \ bran i ae Begs ws ey hy
=) eke UR FES Beet ,/ \ Bie 2” Fae 4 Peg Ae
ee, Gee OL e bi We es eA ee es.
; 2 OF “i A aimee STATE + PMP Ame ¥ =
Es CPOE EEF te XH en 4 EAD SEZ AEES edtcte 7 SATE
eae je ees be 5 A ieee aeons ul ML hy ON Me LP ah
Ny eo nA wee ok eh NR her alr i As 21200 fag Bh oy
: Ose “9 oo e a ie Reale EN ig pis U: at Vig bn Oe ;
Ean sy Bl eee en aN <a cas Eco Pas ia ¢ Laat
ge” ge” ia LIED CE 2). fe ee met oes alk,
rae, Sere CUBE Ree OOO eS ee ees yo
| a i aS eae gE
ee aes i Sees Ge pp
5 Sipe 4 1 be Ee oe A a ee B/S Sg A OE |
: ORE ae [ TA i Se a aged i
es od = ae /;
Fae gpagelmnclagumiee. at eh, \ “ph tect .
remo ee >
/ ‘ as oe age = ;
>. eee SY £ — = =
EE Vim sy
Se NS coos ;
Ba aS
so oS ee —__—
ae ee. oe —
a Beers Ee ee = =e
’ S a | ai Teo VR eS eS
Si Bee ee i Ne
s ‘+ 8S Raha AOR eae Seo we
: Gee gee
1 nears «7 eaters Sper s:
“ eee BES z : Berkoas
_ oN ee Seah
es : ‘ . , See
eae ie ie See Wig ess
Eee Leos es aa
ee ie es : ain! oe
BO ar niede Nee Sagi Scan I

exit=0
