» |

| FF

*

\

\

\

my

4

Vy

il

YS

kL

a*

yt

x

%

a \

¥)

&

Mi

td

Si

bf

\

PAs

Fe

»

ix

=

‘“

one

AW

.

475 48

ray

4

vf

7

J 4

cay

nS

en

f

wal

“i

oe

14

e

ee

ba

ny

es

a Rs

Neal

Any

cron @

Rye

f

ae

As

a

eg |

a

—_

oq

a

NS ey |

.7

rare

5m

os

wage

CARs

1g

,

ie!

bet

ey

pe

uh

rh

oo

<J

i

vane

Bp:

ay

ee

Cp)

.S

La

ra

ty

ip!

Fe

Ye,

ce

Fee

ee

¢

Me

aK

ti

vf

Qu

LEBEL,

74

%.

rer eon

A’

est

oF

‘e

ets

a

“

‘a

oe

“t

was

a

ie

ree

a

fe

gi

v

fe

ai

ew

his

og

i

+e

ef

4

ier

a

Ue

ate

ie,

“si

Kamp

wt,

vs

Y pd

“tds

par,

ay

EA oe

“a?

ae

~

e

ioe

3d

t

ya

ee,

A)

oe

Bat

at

re

,*

uly

SoS |

a

Py

baat

Chis

4~

a

eh

we

hig

ee,

é|

Gt ei

eZ

te

ete

we

Pi:

Ss

er.

bt oe

Pr

we

“Wt

~

ys

PL

—_

Per

om

i

Pir ay

ae” ay

Oo

og

naa

wd

‘a

“a

fas?

at?

a4

>

ia

“>

wf

2 AF 65g

=

~s!

fa

nee

a

+,

I 4

Nn a 8

“

ad P

ae

ee

Fe)

oo

Sgt

2

ee

a.

ees

af

ee

-

2

s

74

a

oe,

eS

a

+A

cy

pe

I

a ta

or

SA

=

te

Sc

o

=e

Ae

a

~

+

2

of

X.

fo

ee

ke

es

se

oo

Ae

us

a

pm

ee

Sy

e,

“a?

oJ

—

Ke

Pe

Sipe

x)

—

—

ho

bed

sail

me

es

Fiat

Pe

_——

ae

a

Rete Sy,

az

ee or.

a

57.

aaa

a Me

—_=5

_

=

,

\

wok:

Reg? &,

i]

oN

“sae pe

er

\

——

w

ang

~~

a

@

as

ie

aN

oS

i>.

ae

as

ee

ED

——

NW

=»

eg +

Cay

jie =

a

oe

~—~—

he

Ce

Nee

_—

“Ane

*.

Pay easy ¢

a

La).

Ley

ens

-

pe

me

on

‘pt

3

i

x“

4 ee

ane

»

'

=

Ve

er

a

Lx

=

“4

ix

ete

ys

Lee

Snel

ay

a

=

Le

tae:

Pe

=

LASS

Fy:

‘o

i

a

ye,

<=

«2

Se

a

See

>

<i

7%

7

i

~

=

Ky

os

Se

<*

oa

mS

=

—

*

eS

Shs

us

2020/5/17 19:30

5

a

‘

-
Estimating resolution as 209

exit=0
