ie | J me
ae H | ;
(oR Es = |
OB - A
my ad
goat ) | goes |
: i‘ om | i \ =
Race G : At 7
ie | at ge wi ae
Lay | 2 a
AYE. Th 4 aw
Sa C2 ares
alt ts L yi base (a
| p A a Rar Mo!
ey vate Je .
SEEN Py ho SN
——_{- ee .
a tz 3 (aN iii OE
, ee ia A Ss Wee Cn. pee: ee ae ee
ea Ce tee 3 ys gare Te Ve gy Via eo ike aha
f biti Ves ee he? ‘ee a) ata ae SBE a OE Z
a ed
Be) \\ wid EL Bees) BS ew aee ~ ARNON aS GERIOE CR MEAS
oo De VARS BEALE L aR al te aig a Eee |
a _ ee Bs , € Vege I BEEBE Boe pee
5 ee oe (A Re ia ease 4 i ON ee ce ee ee oe Gace
at eae Beal 674 Viger Sh fn iin las 19 Oe, pa Baas
gst a ee bee sce & Bes ses Ean
eae Bie ‘pass AN aay eal aan «Gee
= ‘ AS SN Uaaiaee Seen: % = Se a ae io ge SR eS TR
Pe | es oS peerage te
—-} are Res ies ERY RS ie .
re a ee SO 5 ee
—_—_— ae SO Pees oe ee oe pe,
S—— Sg fo eee ——s
ee SY EE Se ay
=) > > a Hoe 9 Ge aes
= 5 eT Ran —— / q
<< SS ee f
> ee ag, OR <7.
: wear a ite 7 eae Ne
= We © mee
oP ae Ys =
s eo. Wo Oe
ee eS ‘ =
ee ee ae le, ey -
ee | _  ——
ee
ee ee ee | S36 ae a Cane oon
VE <f foe a
DEE IP ~ . oo Se
ze Ps if Py ‘ Se oe Se ss
Lg ee ies . | E2020/5/1% 19°30.

exit=0
