a = £>

x

wa

_—*

\

3

.

5

7 eae

OF

if.

NE

me? OP

Lib £8

Mihi

Vida v3

Femy

eS,

¥ef

;

AGE:

oe

;

-

iF

t,

ut

+

“

.

hs

‘2

a)

tw“

rs rae

#

4

hee

sf

Ke

‘?

im

fe

(NKA AG om

tee

AN

NG

z

.

a)

aT

Z%

-

ee i

Le

:

ae

veh

x Y

a

cate

-

—

pe

~~ >

F

ae

ve

ww

te

ae

a

se

2

ee

4

2

pa

vt 7

Ae

me

re Bess

3

4

4

= «=

‘Ss

“ay Z

ee.

Z

4

FF.

gtk

=

al

4S

=f

.

4 a

+

-

oi

io

a

:

ot ea

Le

B

‘Gay

“a

bf

2

“

44,

=

—

eS

oF

,

F

~

ss.

%-

=;

~

xi ag

> =

-*

“a

de t

ae

ee

ed

_

ZZ

Pm

7

vt

-

ed

let Ss

4

ee

_

oS

i

As

;

?

“

NS

£

<

-

bet

5

Bc

BS st

‘ot

tie ss |

ad 52

ff

<5 G

Zz

IS

Bew

Q

~~

i”

oat

“

Poe r%

&~-

=

4 ae

ey

saa

ow

ay.

“Se

“=

ate

N

> ie

=—

ee,

45

a

—

7

—-

=

is 4

ny

> ie

“an

a

ae SH se

“

. ze a

es)

PA

iff

Se 7 w

~~

Ad

—

7

a

—

"3

La

SP ie:

-

Te

So

§

wh

why

ae

-)

at

~~

‘

gts,

i+

>

“vi

on

=

2%

4g bt.

—

a

Lr

Epis

z

=

nin eee

Pf

2%

er.

2

Ss

3

Oa ein

s

ew

Ss

a

re

CARY

<P

EY oes

caer)

re}

JAeee

ae

pean

ie

Pe

a

hin

rsa’

%

~<

—

+>

to

>

aS

SS

ue

eA

:

es

we

Pees

at

hy 4

2

%

ee

ws

Se

ie

ve

ci

—e

ro

Oe ee

x

=

x

OY

om -

=

wD,

&

=

*

-

be

a4

v4

+

;

wa

a

re

H

~

= oe

re

=

ee.

%

oe

ray

%

~ pe

*

h

ws

“—"

-

z

.

& .

See

4

»-

a

mt

*

f

r

*e

an

-

.

.

7

4

int

=,

aay,

—

an 3,

we

So Xo

i

‘s

Pee

at >

oS)

See

co

ay

aa >

T

af

,

:

loa

iF,

2

ot

art

—_

2

——

wt

’

=

a

3

sagas Sa. ae

A

S

‘>

-

~~

C

»

ins

mh

— 4

:

~

- aw

f

yer,

mS

-

:

ae

a

a

Ey,

0

“a

<

,

*

¥

ve

5

i

e

i

”

we

\e

3

w

;

~

~

on

*

“

ne

‘

ner

+

a”

9

>

fy

;

‘Sie

*

«¥

<*

eh

a

<

tA

wre

“"

an

ve

an,

4

“

d

we

a

.

Lo

ye

4

i

Se

rir

x0

eyes

et

ee

ar

Ww

>

5

AON

4

is

bn

i

"

\e

Oey

2m

th

is

3

2

sty

The

“

a

‘ie

fan e

|

are

“

in

.

a

re

2%

Se

ya

aN

_5~

EY

ae

Si

7)

ae tu
Estimating resolution as 230
OSD: Weak margin (1.09), horiz textlines, not CJK: Don't rotate.

exit=0
