ff ee

wa

_—*

3

en

*

Ys

7 eae

see

OF

SA

if.

NE

wath

Lib £8

Mihi

<Z LZ

Lite

»~

refs

AGE:

- rod

oe

Z

kam

iF

t,

ut

+

“

7

Ss

‘2

a)

tw“

rs rae

<

hee

sf

Ke

‘?

im

fe

tify

? =

tee

=

AN

oe Ge

.

-

a)

aT

va

ee i

a

~~

Le

at

ky

s° a

“~

a

cate

o¥.

f° t

=

-

t We

—

pe

~~ >

ae

ve

ate |

aww

oe

ae

sa

a

oes

ee

‘GA

a¥

1

pot

Som

Aw

me

re Bess

_-

38

= «=

‘Ss

ee.

4

7? x

FF.

—

al

2+

-

oi

ge

a

4 a

ot ea

‘Gay

“a

‘

is

% al

“

44,

Nee

Sie o

2

—

“-

eS

oF

ad

~

ss.

>.

%-

: ae

=;

~

xi ag

i

-*

os

wf

be

>

ees

ed

a A

> bn.

Aa

nd

oa

aw

-

aod

af

~

24

_

oS

i

As

mem oa

i

ee

SN

Ay

an

==

bet

>>

ue

i

cir

erm

>*

od

:

ot

wee

ff

<5 G

S

IS

We

~~

oat

uo

-

POE,

&~-

=

4 eZ

=e

saa

ow

ay.

“Se

“=

ate

o

> ie

/N

=—

aa

ee,

7 | ont

45

a

a

—

—-

=

is 4

> ie

“an

~s

a

ae OHS

“

ae =

+

oy

es)

«%

PA

iff

oe

Se 7 w

~~

Ad

—

© ae.

—

Ps)

--

=

La

SP ie:

-

Te

So

why

ae

-)

at

‘

Pa

gts,

i+

>

ow

ges

“vi

4

on

=

2%

teers

of Zeints

<*>

=

nin eee

Pf

2%

er.

rn

Oa ein

s

ew

re

CARY

<P

EY oes

caer)

re}

mL

5

Le ees:

a

hin

rsa’

e

A ee

~<

—

+>

o—

>

to

>

i

aS

SS

ue

~ a4

ee

we

Pees

at

ae

=

ae aeree

ed

ee

ws

Se

ie

ve

-t.-

ro

w

te oe

fet

Se 9

=

re

yo

ee

+

;

>»

At ~

—

eS aS

AS

Be ox.

fact

ray

ee.

—

Ox ead

He Ye

a

x,

“—"

_

aw *

-

aye

-

od

3.

a,

se

om

roe

+t

i

Le

patos

™.

*e

wet

oo

+

te

int

Sk

ta

aay,

—

ot

on

Tse

Fee tah ‘

te

“=

we

é

="

Pee

<i

oS ern

4a

Ame

m+

aa >

T

af

~—i

=

a3

iF,

2

/ 3

ot

art

-

—_

—_

——

a

yh net

’

=

=

ses

a

<>

3

%

a>

A

er

‘>

-

~~

C

“ss

5

ins

mh

_

an

=?

oe

~

aS

-~s

f

yn, 3

au

i

us

mS

tal

se

a

-

ae

a

a>

ee

a

Ey,

0

tel

NE pee

ot

ve

wn

e

S

-m

we

S85

\e

—*

p>

ays

a

~

|

on

‘oe

“

:

ne

7m

ey

ner

a Lat

Sal

a”

9

>

a“

Sar

at

«¥

<*

eh

5

4h

as

*

“"

an

ve

Nee he

~-

Lite

7

d

we

Fisinieiy

ye

~<

hy

mt

wv

Se

rir

he

eyes

a

|

et

ee

ar

Ww

* tes

5

7

bn

i

"

\e

iy oy

2m

th

is

3

2

sty

The

“

a

‘ie

fala

|

are

“

in

.

re

2%

Se

+h

aN

_5~

ae

Si

7)

ae tu
Estimating resolution as 230

exit=0
