€ | 7
teh ~ 6. Diet * . oe b
eens AA eee VS c Lew FPP CF P\tins x a 4 : 7 Sa =] 2 ~t” ££ ere
> 25 , ; A oot b ae , , | : se . “\ my ; j i _ a ; iA “ tom ei i ry
mh he ey a TA: ae ae j mF 4 y “2t os At, . | ids Lotallllin reid siiieed cenciectipeamiastlanatiingdll :
ele: Nein l 75 ty POR oe Paar ae ey ren ee fee OS aH pled ae 7 A ’ ee OY.
OA AS a SE Pa ve | CHAS ee - PE Pope oO a . wo te es, 4 + A > ; ;
Gen = C ngion y *y r) ¢ at Netert | ¢ } “> 2 3 a } Ke ps . foal 4 ? an os 1 rr r : 4
pet 8 eS BUR hye pas 4 ©»: ’ ae ee ee \ aS. are es é ~ nd ata . ost pice : | oe » F
Lo WS eae *y ' nA Se SN ~~ , i ey | & |
aoNs "es 5 - 7 ai 1a Sr a . “ = 4 et <i
Se eae Se pf > ~ncae fe t ¥.‘ 2 Salen 4 | 4: 0ST renee ¢ con ae | —- ye a
tater ee oe : i i P . ; a eas S k " ‘ah nae , : ;
dot te ee eee ee ie Rem Re Be
—- cs + PS, x. v. “le ," - ~ 2 oa =~" * ' me ™~ . “i N\ ~~ > hs ec - - te cs * 5. > _ et Ek . ~~. e ae ot
ipyae —— ae | Sa | ee ; NE oe: - > wok, | . on : Me. | 7 tn ha I 2 ag Sie
EOD 3 sh es to te ye are ~ 7 ‘ ARENT Ep ak Bae + , i Ate > renee i -
~ ys Vie Kt D ar host <. Pe : ¥ “y ‘ So A Se en ie Sy . 4 ' — ’ : ee
a . ape ays . = a - OS eh trey. Cy iy - ; SY ae sehr e
= : = Se es ae “8 ~ ee & - eT, TO : ie 4 A Pn 2
Be. “> —— a ° ro —- 3 i we a . ae. he By - eS es : . _~§ he ee
— 7 Ree S Rdeoes mat. te "3 Sa wane” ' " — ; he 5 Se Fe
eS Sf {i ey SS ee i Pa
= = " pas were. : y <3) L Sa we SS Oe ie 7 ae pe OE.
—— me ime Syek 2) Eee Aa => te Rey x : Je. x > HO eee oe = eee ae
z re pei eo eG ‘ pe a oS Figs dee . : “. rym = “ US re irene
ee - ‘ 92: * en ee age i A ee a > - = eG Oe eee
= ae > : = Sa ~ ee SS “Se dE - * iY: st
eal “Bi -< cae = Px 3 eeeeneres =
oe Ep Oy, : ths AS. Ho — Decay Oo. Ye oss s Set eae
: wate | Sete hse: ne: » ¥ 2 Okay, ~ ee oa > nF bier goo ee eee =
. Met “ Sous zt, ae, $ , = ed \ ifres os Pe are
<i Risso : pee es PD fy ae > a ee
= pan ‘Ye ~- eer ‘ aN ye ee
F - ’ -* ‘iz - a ae és 2 teh ho eft oe a re
& _— - = ptt pas LO ; SES see
=. = - aa ss 7 a. , - ae Pane
. : ‘ oe Aye mK ; —— — ao r . ea ~ i oer
; spe peeG eS satay needle. ~ a8 ot 2 i :
1S Eas Speen ince Dc ae et yr ee Pees ~ 4 . ee
26 Pa gt te Tp te ge TRA SE Ta Nae eo rae Sea = Nae Sa = os = a Oa Ya
oN 4 BEA rn tk Pee eat Se st iy te a rin ar a wie ae > . ao t te, : 2 , ~ . - 4
Serge og Le ee ae ge ee eer ts bp Se a ieee be ; i ie oe . 4 oS
Bein SON Ng oa i Le Peat oe Pa eons ie PO aaa Tai be ee ie ee Fs : a zi :
Pm ete emg Cee EO ah ==
PhS praca A SISO eerie a WG RCL ILD min SE Rie eee Ba Ge- Sy> 8 eas i : ea
os Se yeti Seba sit React «aha ce REE Gate eae ses ae pepe amen i : > ta - a
Son as os sa See ee ae See & “Se : :
ERE Wiss ee aebhee Cheats Se Se See ee aa Pe Oe eee eS a al 2s
Stun CEE * ee Saat hee Set aE oa Ce ere POT ema ey oe Pe 2 :
See wht aaOe cele peat AORN ee oe Sd ea Sr AGI eae Ne ae p oe *< Et Tas ee i) ee ; .
riety irs Saat ane a ein yest a PAS Rin ate power ae we SL Nagas? cere iiss. Z : =a tS Seal Ce
REL AEE Rae Sie eas a oe en = SOBA Ar RS Re Ea a. Se “SR SR ae ieee *7e eared a . Mega fete =
? ree aprece sais haar Pay se ae Cy a Oe Rae pice neat or ose : : : PES SST se ae : er ; . ie
Bain: Po ee arises a: *, Seer aOY BE EA Rte ge <r APIS Fuchs i .. AD Ret es ge as ae — ee bce Sant Toe
Nt en eee a ENTE Wet PPM Sahar eet haa TEI Pool Ite ; . hy Seer BL Fie at ine Soo ee | |e es
fcr Pros ek bale, a eet pee alate LP Re ee ane Ae pe SEF ate , aS: s . : ~ Le ae : P ‘ Sh Re at ae
RLSiieh, tape e re SPN We I es BEALE pla ah aPC ETA tee pop oe esp Re - et Se . : : pea age NTR Ra
er Gt PORe han t Neate a a eee ae RETEST Bi tt ghee Ln ae ee ON BAIL eA, i ~<S- ~ Pe a rz ; : Ge cy gin ang
PEE eS ie 2 Fe ist TO Maina ay Ah Agar he pO yy 0 oe Fie) “y oak ; z < pee its hi ce : x 5 Sipe ite, am
SAR RANE RG Se caste Se eer heaag AN cae ee ai eae ea op SAN EEC pe 3 eat . ‘% wit es - Meee Bs 4) ee e . mg.» SST es Seats
SPE Iga Pe at hoy Gore Opn STO Fe Reh Ge RT Sete Nee nage OU tae aS er wikia wis CS Nita eeietteee MBS pe RPE yam soe PIS te Pn tes SSS ee eee oe
Scag id aaNet gee ed FEY Pe a ei aS tera arene hme rope Boe FURST ae fg aa oT a ne coer rabe ates ae era a ae TSR ie et oe S .
et ea vif ee pee eee PSU RV ETD EI irate ge BeOS OE ET Se eee, | RS ae i 2) eMpan n Pena achat Ce Sac eee nates he * “ai,
ge amet Paes CY ASL APS Fe FR ie peng Acta aie OED en earns ecm ae ee Peepers. Ye fer onc sta cy een PEIN AAT eaten: eit See ENE DELS eee bua ae
FF Piast Eos WS PL ipsesen nt aay Seo cg dees De erga eon Sit Pee es ee hele ont ea Ses at ge MS ae "Rr Ae gages 2 RR igs see 2 ps Diehl ie tg A eS —"
BE gh ag ts OR ee Bad SOS oes ers, prea Far Payot Oe tg te Se aS jee ee Od pe BRN Cc bey Fe ee PAs ate SSeS a Sn ae ee ~ ee
ey SH pe ene hes Be Sgk asthe sees Dae icp te eat er hee ee Lt ee ae > hina? J pee Be | ees emia Mees eS =} Ee EONS PRN Negras Phe One : ae
AE inc eae See Best MRE a EAT POD Page el eos ame er ah Paces ary ae Te Oe oa ppt a eas aa ea il ta RE ee
ae Og SPL Le ee eo eet Go Se Gaon Soe oN nee bP Vagaor BSS EY 7 het or ae es ‘ 9 er < omy > Med ee A 7 a < oes + torisembe Ding Sor RS “Ss a
iain a CO A sept Gort aR oaks tee Be EI thi go hts ae, ape ae” a A at eo Ss 2 4 be ti earn pc re eet SI Ore RRM oe sha = es os ~ sates eet as
Peete id eee aes PROTEERG EOS OIL ELSE PEO cle ea a eee. a «ye aS? TEs Rar nae ead 72 a Soc Rare ic ech Dee:
PD SS a Ph Pir ee PEA et Preteen Kulcesnet Mote wy ee! ia se pT ps ei apa, S Se OT Side 9. Re tea N eg petiolate fee DE RRS RR Ae mE
rina ede eer ais eke PSN NG ERR OI Sie ae ane Sy” ‘a We PS eet. ak es, LS aa? hPa. eee Ss Tra es Dike DOL? Bat a ae ess PERCE a NG ee
Brg me: EE Wa Ca npn Pee LES aw a, OE a ke et = os Re “a bE ecpanies atte eee Pe ce Pee Mes IOS towed ee eR a
eye, Sa ie Ae eh ch pee See ees Rin apbia ts esis . So ae ae PP ator CS sa) mio ar Siete Mune s ost, ENS PE hse tee Cia
Bhd pie en), Benga ate ps te a tl ee 0 eae ee ee Seat, Be
ig, CP ihm ah mo eg Se ghee eh ee aS DOE RANA OIL : “ we me Oe a. ee en ity ay” She ae So ie tae ES cit ge eb BAD, ee ee
; CV REG EPR: TES Be Fis OLAS REA rin OSCR RATE Ay ee So ae 4S) Pot” es OS tee jens oneal oa = ESE pw oh RS Sete, ee RS ee beets Phy SS
eS hige BMP Sr og Tree iad Ae FARR aa a haces ah aap ec Pome ape ee Eatery ' SE a ee = “4 WARNE Ts a rs pone eg tenet Shee aN ae SWART Netto RAT Set
Fg SABLE ae ie OEIC IE GET peat i : EY es” | eee BR Eee Rag eae
a See Peg eleeap bh fore le 9 oh a Se A ee Ae ear tet a a ta rtd - r . —~“e oe (eps, ES < G See ay Vo SIE, ee By SB ea ee . . ey
f 7 ae, FP PD ey LP PONE Oe Es Reg icin) > ¥ fale - per SN Soa NT ee ee ONS el eae Ree POR RS
SLE OEN ROT ERT Bel ee eS Se eg Bape NSS So eS eas
Shaws ch of Sis g StS See ee er tw Men Oe 4eS DR Scag b Pe.” nm See a ths POSSE 2k a =e Tie wae Pe re ee Ne Soc og > Say 5
ect f: op OD fo ya Pera ei hg rates Si Pesea seg tages, AOS A ¥ <a ae be Neo dP oR SN SOR Fae a ee Seah ea
Fol: ee AP Cos ct, tm PAN ee et rng m ets tongue eon betwee Deh ie eae , eS y : TPS) Fos fa gan aes Meee Se Na A te CHINE ee
igs 23, a he ae eG Be OM ther Fee sire eae AS ER Gs Se toon Cyae ore at Rewer v8 5 Se SRS OR SAR REA E REN
Se PLES WEST. Sty orgs TY CB Og Fad rc ken Blok Iya eo ee “s A at RG Sie Ete hie Ad WO tear ire OEE SE SUPA
Sal 2 Fee tye POTS Ie Wer Ae SP IP ie teres ae Liat ae She Sees Z i Nghe ae pial he Ree Sa POS t ag ante at ay ie. Te cake, Se hs
Z POMS Bek OT TS ppt MCA BG APIO Rg Ee RR ee oe ) See ae Sie Re noe he Senn RM cas
Ce, Li FES CELIA Eom, a ees Wager: Rite RET FS roe ice Sota Sees ete Sh teat nti pas Sie Sides SRN Bh Rt ert
LEIS DEA LG DATA Sed ETS A! OR ee Pay an a hee eR IS ae i . : : ed sake SAT RY ee oe ZS Be NCO Sas eS IAP ASO ene
SL) Bae OAS Te wae Sea Soya: Lr EE i erase ep! ICT pved ———* oy Sep Seer tlie Era ie AES oe ~Se  e
i ie a: Vea hye 3 ome e RTS Ee SRR URIAT et Loe a a 3 CRE SAN ERE CRU Sees NORE a eRe
ag Tig ieee es PEN CHG] Te Masi Ss ea ee Sal ferns st . RiRate Joh mie tia’ s Ree Nm SS ee SC eas AS
LENE IR SAE Bates 9 EOE CANA $y a Riess aa am he TSS eee
hg Pepa EAs BES Ee eee Cie PR ee: rk fits it ' 2 . Eee ce ae PRA here so AS a ee
DALAL, BAS a ay EG EZ Fes) f of Raye ae fist ? a Aat NOS ee Ae aS Pe as SS padi aay tS, > NS PASS.
CR: : a Lig oS Ne tc: ye ners (a f ne a -* < ‘ ‘ TA ay, - phe oy ose R Sa : Se > ee Oa
EGE ALISO NATE ak lle a + + BREE ses Da eeaieary ag sons Me ANS
AS EPS “abi a frtiry bse Wass 4 ae : s APO Nas teat x 5 \ > ; '" SRS: Ronee s Tee med Mikstee Deas wei OT LEES Ra
oe : Se ae a ae Ae pat eG WETS RS ‘ fe TN es ee ay tee BE 2g to ea ag Ore SS eae
EN. Lids endl DEE Sa Py : ‘ BE Stee ne Re KS
B ot? pet rg er. 7 . SG Ch ney; 2 id . . ‘ ‘ : D < ) ARETE oS “Ae es Ea 5 a was noe SL
rhs Agree pe BOL PO OFA Wasnt Sty Fed BL dy Me apace . , f ae TRS Dae ace ee TA So ee es a
S29). fot ne ih Si oe i a Abe) MESA bet pal ty a eihag Fe Ns af] . . . tary NaN artehitan sees a ee Sey Se Rae Ns Peed Gare
EPs Be 7) Dot ay Seer a) ie Oe RNAS oe Sy BI Pay renege * . TE Ne Aare eats tices $0 GEES Fx pth Se Be tate eis Dk
PKA Piet boy tse Fs pee pee 3 Es thag Se pe Lhacllae ed _s ee ae peri Re ae meee Sosa) Ss SASS ee
PF is le CF Lead ep ne . 1. So A Date) Als Oe re Ls eM ¥ 7 eat : hile teak i yec bs aa Sp aah as = Sar
ees Uhgas} Rois gee BEG Deis ible ke 2 + gate Ras. ease LEQ SS . EASES NS.
Mes IP GS AT eee 3 eS Ste y , hat, SATS CPU hy, FAP ‘ SN: Oe ree i> SA eee SS Eas Sates
eh Teg pri BL Sp EY om Sate acide ela OT a od * Rae res Osaka ae SS Soe Ts ae Ree Se peot\ ass
Ch i Be DSC SI, Tw BERBER pe GeP ICL: PRET ee es MLE 7 KEN (Ss nage Sots ern oe Re areas RS een tak Ry RS
LOANS MEG Me ie Re hd te Plait or As NL Re OTOL) , aE Ses rere ee TERROR Sy bae DG TR Ce SS tye tes Reet ps
: SHE stb ays Ur ss, ee 4 bees de Oe ee ees fa Bin Ser et Eee 2 See ae SRE ae hk Seat Taek ME REN Naa SY SOS Se
My BND peed Lit Phy , EL TINT ES 055% re) UES Motte gm ’ - , i Ae RL CRS AT Saree ae that eres a Chan sates
a” be ips Dey ate. SALE TEASE Oe aS pel ps ort fs Wate Faia Lae : j ~~ - $ peasy Boe A TS Ai » Roan ut
Meni gee ie) ees apette| SREY A Le Vai epee a y ete tA “nk? ie] J D fate boca ES Le. Ya ee
WALL ih Meee ea Myo “eet TSSe ta Shed Si jeg eras Mika nes be mS v4 , LA Je 4 Qt 2QhY\
7 Rise, i -w5 iS, 2 SEPT LES ef ak OO eRe any. ‘. { is by a 6 yy Eee | t eh Y soe 4 fA VS
Te di oo ee ae OP TRE Be LIAS 2 i ig oe aah poop) \ SW X aS A Se ASSa sy Shes te i hay canes
VN he ois CEL UD Pantene BIST te BMI ae oe JRORSR RCE ala Pt eks Ta 7S AS AS
ne See at mee LE TN LOL Dl HET Pi veh Mw hae bot Ape Ay AL) 3. s Ce Laven gs oT, hale TA ae ee AS SE Se tes fe aca en
so aa TED hoe oO Ps SEES hat aad po er) een SYA Tie, 25 . Cage oe: etic ste a poS
OO TO EN eas MAT LPN LS eee Rig LEA PEO NARS EN NYS - Ja oe RECON : aN eee Sa we
OD hana) f y AIA pats Aad he) Lic tne ee ee oe OP soy ie ‘ ; } Sor eee BO Sou ; yes We tae os oy et, Sie
GLY SE gM MEE Fatt. ’ Pa ET
+ —. - Oe oN JUS ah wk 5 ater SO NT NAN te Sate CORT REIL Sana ca OTN et .
AS Pn SOR Poe AS ~~ ea 322m za ee ae re POMARAS Sen Phebe BAS
s AP ae Soe ae Ea ee Ge AS gs ‘ies Os “ BS as BENE ed ~—*

exit=0
