; - 5 ¢
a _ver 4
. a thet mane ‘Gy Ein
_. »onma , preg es vA Pe (A, aeet Mts = Alnaticlet a
nr ee rete) 2 8 2 ns soe A, ;
: —* wr) iG oe Pi Mg YR ee 7 i 4 v8 A oka = we * , fy Ya
.* . : on =» et a J Sie F. I aN Me OY ois i sa y orag ‘ Lew, > a , cz tae, a >? A a? £
x . gr’. Ee PF : Oa .” ‘ a Sa ae po Mi dy y, a Ay yo) SA fA oe ee? Vat; Ula i
Se oF . 2a Mee ta en . s, pe ~~» \ ieee am y+ cof £ ay? Ligh Tt > PFC mi, iim» : &
Calle Aaa ct, ee es PE ip eS See Ne ~™ gm Ore igh L* "a ete ee, ERNIE pa
Pet oa get ne EE ek perkates te Paes. % . Eh . GaN yy aa GPO Baar ee hale tae Tai Sa ae
. > ah i Slt a , ee oe wk “15 > a a) i > > ~~ J ‘ tt ie cr . / "4 : . —
Se! “yr AD so oY ee i Cony, et SF ie PPI :
, Cal Bae = ” ee — {a eee Teh Pe “ as 4 tie SE a Cag oo i i epider y oS od
ont # ‘ite . 7 : - ; —— ie . - = ‘ i> > " Se, . —. - % on ’ os > IY - rr Wy i ae a .
Ma ae J ee r a & ares Cre oe Se ieee A LN ee On eae u po ees Stee Fg AGF: ee ae >
Le - Pe ae Oa yee # ese ee NE er a AS oe a eS eM aC
ay aed pers se eT. ¥. wt are oe ooo . x \ ey aos me ae er Brae? ae
sn a oe ed 72% ef F Papen 2 gs ie es ag ) > : = pe ed - I ed, at f x a " ne
~ s . Z xi = - eo . * , ”~ . 4 = a ae.
fo ee CPE eae 5 ee, Nee oe ~ SEE AA >
a Sn ne >? Sy ee ‘ _ nes , \ Eee J 7 .. ~ _
: ee | | PP ge . Cy ae es a wie | hg ar Aq e ~ ~
- . oe * Eo . ae DY oS aale : ee “i ff ‘ . “ty, 7
ee ; 3 on bh POT AN Res as- > : - = y
Peas: SS 0 ab iy Ray) ae bs ae ie whos . ar ae
5 Siew s ee ee ; ey ts ee $ a ‘ ae = a NA . yy 4 Bees
3 we = Settee NS ree ae onions ;
SSO ee iy fat fois Bg Fee, S aN *
=. ae ae 7, ors eta = Pry Che, | :
. ~_— © i~-J . - Wasers: — jae 7
Sf , wal Pe. Ley oz OT ests em f } —
“dh eo —— eae 5 oars SE, * yr D. , pA , .
—~ “ - - ? , = e ;
: -. i> ° ue ; a = aes | Gs,
7: be be ae a — == >
° o GR Vs P f ; oo ae, tes = : / qi \ - SS EE => ° = . _ =— |
Se ee es = =
~~ - ee edie, ears Wess i —= "
: OS pee Gar \ '
: x es - — 1 Fy =o om
P . as wnt? y- :
4 = = Sees, Lo ‘ ‘
75. <a en j, - a
% - y sia 4 > y 4 < —
ae a Mey Y 4
.o- ae we Ot: . f
Le} nm ,  ——-_ et | ee
5 © a a bs eas sep areae :
NP Sa pyres LSM we Pe =
By a 2 ’ Bae are ts wins > -
- * Vee Pel om eet) a “wa . =
; ery B Sey a Le
ae + Ki ¢ EAs)
" a eo ot wy PERIAR \F - * P eee ey. >
Se a aie eae ee + a i Rep e pie >A Raa
; a ea CE epee he Pai conn tee " Br sees Ry Pee ie Rigs’ aN ae
es To Ea ees ot? Oe Pee Se RU ee “a ard fhe x
: aw By Ghies ot ees t,o egy fo ceo M See sR ete 3 Re aera fexty Y
a 7 ~~ * we ; es Mae Beh tert eae 3 ; ee Mery ees ~S, ¥ ok Bae ae eS et Ti RO tts ae Banas se i :
Rl: ' . ita Pe Se reef, eee TARE ae een PARTS tate ae bet het ‘
“e : > os Per Gre : ge P = FURR eS ect Rea ME tees Coc
sea pegs gh hae : set ee G2 on) a ANN Res ee hre ss
‘5 ‘ ; ; , ; =. etry ee a Wer Sa Cea Seat M sere
- b 5 Rae ~ ales ‘ es pat ee Ri ssa Ed, Te MGS
i thie renee Coe ‘See a QUE ORS Scie: Med tiaaee Yarrr:
‘ ho . . a ie . -s~ . YAS SRS a> he " Xs ta
J fer pee 3 si ie Pc = Se pe Sams g Sis (hale ho iepees
~ j eo . Me The 2 ee Vinge ve * Tee Eee eater TR R ress ay. ees . Rig, a Mies whe
4a, Vee “eeif | ee 4 a ag ae DN Ge? tne 2 OD : .
‘ ee oy pee 4g ee aes a ; pede oe NRT Ay ero re ee tah at J :
. a) > (eRe ra oo ira “apy ies pe 3 ae Rte ; ‘ :
e . ~ Pa pe ae” ere oh erie + eee ere : ar ’ : Roa We
. DB . Zon: quatre Gites dee FN hs asia A: at : ¥, exe
Seay = CM ee ee a eat Se fi x ea ata
“3 Ae tie ; Wee > ALT ‘ ao geen ee f v’ f ‘ ? / r ut ene
Ae Wer , = —- Meee Fe f . \ 4 Ayo ; aes aos
site a” he i a \ « ea sae
/ 3 Pata 5 52 r . Ww) SST Wabi =
en g f ms ; © Pehs 4s
oe Ma Fe ° ‘ - afl 74 3 - ry —<. ' - wat 4 “t re
= hae 5 ‘ eros AS Hed SOS ROTOR | Re:
= ; ake: Ie ~ Ere RY Sage SS Ste SS
SPE: v0 ‘ Peas ae RE acy eas
i : x‘ L ee 2 ? P rs B - % ; ' ee Joe sy ee LO & Le. gat ee ete hy
: rs yee : RRR Sond OUR ANN RR
4 as 8! ‘ a ° q : Phe Pee bat {sare RSE eae ay:
i tal Use thoy i “ 5 4 Thy Re ete LR Ati Me AE Se Sa EN j Saha yes Ne
Bene ban Ore ni ei Re | MOEN, CT ee SET i hate Dai t oho PRP Ree sane? SNS
Po YL m™ / f whe : j J tit No Pe ay AGEN Myths ‘ 4 Sides Os ae ae ces
Teo } “ gee at ‘9 xn NSS 42; ; - e m Re 4, ue un “at es rm Nae gre =
PASS ARR Nae ae! ; ; ee 4 . pee Ne see Surtees seeds . "
Pie naka he gbe 2 0 ART a eet . pe ROSA AERO Ub aM OMA RR
Keath Le rs Goat sate bE yd ty Sea CRN ata a ai
Te Nan Me oe Bib RAT ttt é thoes heen Rene Sant oon
Oxo Pees he EAS EEA ; beeen Sol ae he Bes RR vars eh 4
es Phe aay a Sarit Crea) yea PS thet Vain ans eae aN fT RORY ROME a
Lins FB Se eB PAP ONKOL Th eT ly ARERR S geen A Sea. Y
Poe WY Wikia) SR terete oo he Phar «fon Pate me a Hay POR ss ES Me Ih SOA eS :| .
Chey | Sed? WATT et neat LAM 4 Fa bee ove fe ay : Ts TR ete eeaeetan Rh ale ypeoks tO ‘. Mdetdanty:
ice Pe ee piper tate ee ainth ces ¥ ag Ht, Aa. , eta’ hata) Bante a rike art | yA a Ta Ne ry Lek? Veter at ’
SS PD Op nents pe Rite Rie oo): oa Pause thas Bnd mer Vict ce a} yt enone Bia ey. nM Rei yar te ut le Sieg pete ee ee
PO tae Se a no a Nae eas, Posi Barto SY a ,, i. edn Staats Bet ie een Mie ae tale Te TSS TOM MEY Em Glico ipo te &
i Lites oer wie oe) : rae ie oy RORER CG ss f ee + ot tT i aperl eee hg ph SRN tat) 0B eB Bo Toe
Tape ace ARs sy ats} ae shes 3 get pen fies

exit=0
