By,

ae

——_,

vy

iN

ay

‘.

Cy

s

NN

I

ty

i

uy

6 Oe

ath

ait

Cary

aq?

y

@

Cd

”

ey

tf

Gg

3

of ode

WS

By

FeAl a!

aed

Ds

Se

a

aay

ai

Ge

ie

a

Be

a

eat

in

a

¥

va

on

He

2

i

bee,

wy

a»

S,

Zz

"A

‘a

ia

io,

a

oP

aaa ET rm

ASS

iz

a

= /:

= he

et

fae rs

Phy

ae

~~

a

4 2

ec]

==

aS

Oo Alea

a

Ss

vr

=

—

ss

—

oe

fis

&

3.

re

i

at

ian

ie
Estimating resolution as 196
Error in boxClipToRectangle: box outside rectangle
Error in pixScanForForeground: invalid box

exit=0
