== People JSON parse and duplicate ID check ==
json ok (549 files)
people ids ok (1122 entries, 1122 unique ids)
== Build tools ==

> history-go@0.0.0 build:tools
> tsc -p tsconfig.tools.build.json

== People invalid place refs ==
Wrote reports/people-invalid-place-refs.json and reports/people-invalid-place-refs.md
== People of places status ==
Wrote reports/people-of-places-status.json and reports/people-of-places-status.md
People: 1122; flat files: 0; geographic files: 547; invalid refs: 0; duplicate IDs: 0
== People place coverage ==
People-place audit complete: reports/people-place-coverage.json
People-place report complete: reports/people-place-coverage.md
== Etne people manifest integration ==
Etne people manifest integration OK (14 recovered people, 1122 active people)
== Etne People of Places batch 9 ==
Etne People of Places batch 9 OK (3 literary people, 3 direct place links)
== Etne People of Places batch 10 ==
Etne People of Places batch 10 OK (3 people, 2 direct physical-place anchors)
== Etne People of Places batch 11 ==
Etne People of Places batch 11 OK (3 museum founders, 1 direct physical-place anchor)
== Etne People of Places batch 12 ==
Etne People of Places batch 12 OK (3 canonical people, 2 newly covered physical places, 0 new people IDs)
== Etne People of Places batch 13 ==
Etne People of Places batch 13 OK (1 founder/head coach, 1 newly covered physical dojo, 1 canonical identity)
== Etne People of Places batch 14 ==
Etne People of Places batch 14 OK (1 bounded collective, 1 newly covered physical pavilion, 1 canonical identity)
== Etne People of Places batch 15 ==
Etne People of Places batch 15 OK (1 named initiator, 1 newly covered physical disc-golf course, 1 canonical identity)
== Etne People of Places batch 16 ==
Etne People of Places batch 16 OK (2 named work leaders, 1 newly covered outdoor sports facility, 2 canonical identities)
== Etne People of Places batch 17 ==
Etne People of Places batch 17 OK (2 named physical construction leaders, 1 newly covered culture hall, 2 canonical identities)
== Etne People of Places batch 18 ==
Etne People of Places batch 18 OK (3 named physical project roles, 1 newly covered swimming facility, 3 canonical identities)
== People check complete ==
