✔ Filosofi beholder eksakt canonical dekning uten å forveksle dekning med universitetsdybde (0.968023ms)
✔ alle artikler har solid strukturell baseline, men struktur er ikke kvalitetsproxy (11.194733ms)
✔ completion er bare grønn når alle artikler er individuelt universitetsreviewet og feltbenchmarken er komplett (0.161272ms)
✔ alle canonicale begreper er skrevet ut i faktisk artikkelprosa (2.430453ms)
✔ kapitlene eier alle emneartikler uten duplikat (0.24054ms)
✔ Filosofi-kildene er inspectable og rollebeskrevet (0.414066ms)
✔ completion-auditen skiller strukturelle porter, universitetsdybde og feltdekning (0.212017ms)
✔ Filosofi-prosa er fri for kjente maskinmønstre og rå ID-er (14.160611ms)
✔ argumentrekonstruksjonen gjentar ikke identisk kontrollsetning i samme artikkel (0.876061ms)
✔ universitetsreviewede artikler får ikke bruke den gamle metamalens argument (2.055992ms)
✔ globale tradisjoner har tradisjonsspesifikke tenkere og eksplisitt universitetsdybde i kildene før komparasjon (1.004151ms)
✔ begrepsavsnitt forklarer begreper uten å tvinges inn i én boilerplate-formel (1.807236ms)
✔ university_depth_reviewed kan ikke motsies av artikkelens egen review-state (1.340261ms)
✔ universitetsstatus kan ikke sertifiseres av kjent generator-malprosa (18.39872ms)
✖ kildeavsnittet må omtale de faktiske emnespesifikke sekundærkildene og ikke et annet emnes kildeliste (2.478173ms)
✔ primærverk skal være reelle argumentankere, ikke bare metadata (2.451723ms)
✔ Filosofi er materialisert og auditert som komplett major-field Fase 3-fag (30.857501ms)
✔ Filosofi beholder fagkart-eide områder og pensum som progresjonslag (21.936308ms)
✔ Filosofi løser emner, metoder, hooks, begreper og teoretikere (18.548589ms)
✔ Filosofi låser argument-first, kildekrav, global kanon og konsistent sluttstatus (11.681244ms)
✔ ingen Filosofi-artikkel kan lenger være selvdeklarert university_depth_polished (1.225266ms)
✔ de fire artiklene som avslørte den falske porten er substansielt universitetsreviewet (0.633647ms)
✔ hver universitetsreviewet artikkel har reelt rekonstruerbart argument, rival og kilder (6.040376ms)
✔ claim-mønster er ikke lenger mekanisk 54 ganger seks (0.394479ms)
✔ Filosofi kan ikke være komplett før alle registrerte artikler har bestått samme port (0.397524ms)
ℹ tests 25
ℹ suites 0
ℹ pass 24
ℹ fail 1
ℹ cancelled 0
ℹ skipped 0
ℹ todo 0
ℹ duration_ms 262.881243

✖ failing tests:

test at tests/fagverk-filosofi-final-quality.test.mjs:61:1
✖ kildeavsnittet må omtale de faktiske emnespesifikke sekundærkildene og ikke et annet emnes kildeliste (2.478173ms)
  AssertionError [ERR_ASSERTION]: em_filosofi_kunnskap_begrunnelse_sannhet: kildedrøftingen navngir Metaphysics, men artikkelen deklarerer ikke sep-metaphysics
      at TestContext.<anonymous> (file:///home/runner/work/History-Go/History-Go/tests/fagverk-filosofi-final-quality.test.mjs:91:14)
      at Test.runInAsyncScope (node:async_hooks:227:14)
      at Test.run (node:internal/test_runner/test:1382:25)
      at Test.processPendingSubtests (node:internal/test_runner/test:960:18)
      at Test.postRun (node:internal/test_runner/test:1522:19)
      at Test.run (node:internal/test_runner/test:1447:12)
      at async Test.processPendingSubtests (node:internal/test_runner/test:960:7) {
    generatedMessage: false,
    code: 'ERR_ASSERTION',
    actual: undefined,
    expected: undefined,
    operator: 'fail',
    diff: 'simple'
  }
