npm warn exec The following package was not found and will be installed: tsx@4.23.1
Skrev data/Civication/historyPeople_index.json: 1240 personer i 15 kategorier.
Hoppet over 5 personer uten id/name/category.
{
  "osloPlaces": 383,
  "requiredNonNaturePlaces": 333,
  "coveredRequiredPlaces": 148,
  "uncoveredRequiredPlaces": 185,
  "requiredCoveragePercent": 44.44,
  "naturePlaces": 50,
  "coveredNaturePlaces": 4,
  "uncoveredNaturePlaces": 46,
  "logicalPeople": 1166,
  "invalidPeopleRefs": 50,
  "geographyConflicts": 0
}

node:internal/modules/run_main:123
    triggerUncaughtException(
    ^
Error [ERR_MODULE_NOT_FOUND]: Cannot find module '/home/runner/work/History-Go/History-Go/tools/audit-oslo-people-latent-coverage.mts' imported from /home/runner/work/History-Go/History-Go/
    at finalizeResolution (node:internal/modules/esm/resolve:283:11)
    at moduleResolve (node:internal/modules/esm/resolve:952:10)
    at defaultResolve (node:internal/modules/esm/resolve:1188:11)
    at nextResolve (node:internal/modules/esm/hooks:864:28)
    at resolveBase (file:///home/runner/.npm/_npx/fd45a72a545557e9/node_modules/tsx/dist/register-zZ7SWseA.mjs:2:8498)
    at async resolveDirectory (file:///home/runner/.npm/_npx/fd45a72a545557e9/node_modules/tsx/dist/register-zZ7SWseA.mjs:2:9578) {
  code: 'ERR_MODULE_NOT_FOUND',
  url: 'file:///home/runner/work/History-Go/History-Go/tools/audit-oslo-people-latent-coverage.mts'
}

Node.js v20.20.2
node:internal/errors:984
  const err = new Error(message);
              ^

Error: Command failed: npx tsx tools/audit-oslo-people-latent-coverage.mts
    at genericNodeError (node:internal/errors:984:15)
    at wrappedFn (node:internal/errors:538:14)
    at checkExecSyncError (node:child_process:891:11)
    at execFileSync (node:child_process:927:15)
    at run (/home/runner/work/History-Go/History-Go/tools/materialize-oslo-people-founder-upgrade.mts:10:50)
    at <anonymous> (/home/runner/work/History-Go/History-Go/tools/materialize-oslo-people-founder-upgrade.mts:90:1)
    at ModuleJob.run (node:internal/modules/esm/module_job:325:25)
    at async ModuleLoader.import (node:internal/modules/esm/loader:606:24)
    at async asyncRunEntryPointWithESMLoader (node:internal/modules/run_main:117:5) {
  status: 1,
  signal: null,
  output: [ null, null, null ],
  pid: 2473,
  stdout: null,
  stderr: null
}

Node.js v20.20.2
