✓ civication-administrasjonsmedarbeider-first-week-praksisfortellinger.test.js
✓ civication-administrasjonsmedarbeider-rollout-playability.test.js
✓ civication-administrasjonsmedarbeider-second-week-praksisfortellinger.test.js
✓ civication-administrasjonsmedarbeider-two-week-flow.test.js
✓ civication-all-badges-life-positions.test.js
✓ civication-answer-followup-contract.test.js
✓ civication-answer-prefetch.test.js
✓ civication-arealplanlegger-mail-plan.test.js
✓ civication-async-answer-surfaces.test.js
✓ civication-avdelingsleder-first-week-praksisfortellinger.test.js
✓ civication-avdelingsleder-playability.test.js
✓ civication-avdelingsleder-second-week-praksisfortellinger.test.js
✓ civication-avdelingsleder-two-week-flow.test.js
✓ civication-badge-career-closeout.test.js
✓ civication-badge-career-contract.test.js
✓ civication-badge-career-matrix.test.js
✓ civication-barnehageassistent-mail-plan.test.js
✓ civication-blocked-job-messages.test.js
✗ civication-boot-split.test.js
✓ civication-brand-access.test.js
✓ civication-brand-employer-bridge.test.js
✓ civication-brand-job-progression.test.js
✓ civication-brand-job-state.test.js
✓ civication-brand-job-ui.test.js
✓ civication-brand-loop-visible-handover.test.js
✓ civication-brand-mail-runtime.test.js
✓ civication-by-arkitekt-rollout-playability.test.js
✓ civication-by-assistent-rollout-playability.test.js
✓ civication-by-career-architecture.test.js
✓ civication-by-prosjektleder-rollout-playability.test.js
✓ civication-by-radgiver-role-world-realism-pilot.test.js
✓ civication-by-radgiver-role-world.test.js
✓ civication-by-saksbehandler-rollout-playability.test.js
✓ civication-canvas-map-groundhopper.test.js
✓ civication-canvas-map-projection.test.js
✓ civication-career-gameplay-matrix.test.js
✓ civication-career-knowledge-bridge.test.js
✓ civication-career-noncareer-reconciliation.test.js
✓ civication-career-outcome-reachability.test.js
✓ civication-career-outcome-view-model.test.js
✓ civication-career-outcomes.test.js
✓ civication-career-role-resolver.test.js
✓ civication-career-rolemodel-ownership.test.js
✓ civication-choice-director-answer-boundary.test.js
✓ civication-choice-director-answer-ownership.test.js
✓ civication-choice-director-career-outcome-middleware.test.js
✓ civication-choice-director-daily-middleware.test.js
✓ civication-choice-director-day-patches-middleware.test.js
✓ civication-choice-director-eligibility-middleware.test.js
✓ civication-choice-director-learning-middleware.test.js
✓ civication-choice-director-mail-runtime-middleware.test.js
✓ civication-choice-director-middleware-spine.test.js
✓ civication-city-layer-icon-only-markers.test.js
✓ civication-city-layer-map-anchor.test.js
✓ civication-city-layer-three-map-anchor.test.js
✓ civication-city-map-entries-loader.test.js
✓ civication-city-map-node-roles.test.js
✓ civication-city-map-read-model.test.js
✓ civication-city-map-unknown-building-type-diagnostic.test.js
✓ civication-city-place-role-classes.test.js
✓ civication-compiled-scene-registry-parity.test.js
✓ civication-compiled-scene-registry.test.js
✓ civication-consequence-feedback.test.js
✓ civication-controller-day1-daily-builder.test.js
✓ civication-controller-first-week-praksisfortellinger.test.js
✓ civication-controller-role-world.test.js
✓ civication-controller-second-week-praksisfortellinger.test.js
✓ civication-controller-two-week-flow.test.js
✓ civication-cross-role-shared-world.test.js
✓ civication-daily-answer-latency-regression.test.js
✓ civication-daily-gameplay-loop.test.js
✓ civication-daily-mail-builder-pending-lock.test.js
✓ civication-daily-mail-force-new-ids.test.js
✓ civication-dailymailbuilder-phase-generators.test.js
✓ civication-dashboard-travel-focus.test.js
✓ civication-day-end-completed-phases.test.js
✓ civication-day-end-summary-score.test.js
✓ civication-day-phase-onappopen-defer.test.js
✓ civication-day-phase-single-owner.test.js
✓ civication-day-phase-ui-day-end.test.js
✓ civication-day-phase-ui-learning-banner.test.js
✓ civication-day-phase-ui-reentry-lock.test.js
✓ civication-day-plan.test.js
✓ civication-day-progression-day-end.test.js
✓ civication-day-roll-new-day.test.js
✓ civication-day-workday-split.test.js
✓ civication-district-modal-embed.test.js
✓ civication-economy-snapshot.test.js
✓ civication-ekspeditor-brand-flow.test.js
✓ civication-ekspeditor-first-week-praksisfortellinger.test.js
✓ civication-ekspeditor-role-world.test.js
✓ civication-ekspeditor-second-week-praksisfortellinger.test.js
✓ civication-ekspeditor-two-week-flow.test.js
✓ civication-ekspeditor-ui-flow.test.js
✓ civication-ekspeditor-workmodel.test.js
✓ civication-event-channels.test.js
✓ civication-event-display-model.test.js
✓ civication-fagarbeider-first-week-praksisfortellinger.test.js
✓ civication-fagarbeider-rollout-playability.test.js
✓ civication-fagarbeider-second-week-praksisfortellinger.test.js
✓ civication-fagarbeider-two-week-flow.test.js
✓ civication-film-tv-career-architecture.test.js
✓ civication-film-tv-kurator-rollout-playability.test.js
✓ civication-film-tv-life-career-split.test.js
✓ civication-film-tv-manusmedarbeider-playability.test.js
✓ civication-film-tv-produksjonsassistent-playability.test.js
✓ civication-film-tv-programleder-playability.test.js
✓ civication-film-tv-regissor-playability.test.js
✓ civication-film-tv-serieskaper-playability.test.js
✓ civication-filosofi-forskning-formidling-playability.test.js
✓ civication-filosofi-undervisning-akademia-playability.test.js
✓ civication-first-week-praksisfortellinger.test.js
✓ civication-formann-first-week-praksisfortellinger.test.js
✓ civication-formann-rollout-playability.test.js
✓ civication-formann-second-week-praksisfortellinger.test.js
✓ civication-formann-two-week-flow.test.js
✓ civication-friend-action-router.test.js
✓ civication-friend-detail-card.test.js
✓ civication-friend-home-anchors.test.js
✓ civication-friend-phase-snapshots.test.js
✓ civication-friend-presence-social-places.test.js
✓ civication-friend-private-messages.test.js
✓ civication-friends-phases.test.js
✓ civication-generalized-work-rhythm.test.js
✓ civication-historie-arkiv-dokumentasjon-playability.test.js
✓ civication-historie-arkiv-work-object-continuity.test.js
✓ civication-history-figures.test.js
✓ civication-history-go-choice-affordance.test.js
✓ civication-history-go-debate-leaning.test.js
✓ civication-history-go-debate-signal.test.js
✓ civication-history-go-debate-surface.test.js
✓ civication-history-go-deeplink-session.test.js
✓ civication-history-go-deeplink.test.js
✓ civication-history-go-leksikon-producer.test.js
✓ civication-history-go-mode.test.js
✓ civication-history-go-reads-signal.test.js
✓ civication-history-go-story-producer.test.js
✓ civication-history-go-task-bridge.test.js
✓ civication-history-life-career-split.test.js
✓ civication-history-people-bridge.test.js
✓ civication-historygo-place-menu.test.js
✓ civication-home-snapshot.test.js
✓ civication-inbox-channels.test.js
✓ civication-inbox-top-action-open-status.test.js
✓ civication-incoming-flow.test.js
✓ civication-institution-authority-foundation.test.js
✓ civication-integrated-life-status.test.js
✓ civication-job-eligibility.test.js
✓ civication-job-learning-view-model.test.js
✓ civication-job-offer-eligibility-ui.test.js
✓ civication-kunst-life-career-split.test.js
✓ civication-lager-og-driftsmedarbeider-first-week-praksisfortellinger.test.js
✓ civication-lager-og-driftsmedarbeider-role-package.test.js
✓ civication-lager-og-driftsmedarbeider-rollout-playability.test.js
✓ civication-lager-og-driftsmedarbeider-second-week-praksisfortellinger.test.js
✓ civication-lager-og-driftsmedarbeider-two-week-flow.test.js
✓ civication-legacy-work-fallback-closed.test.js
✓ civication-life-position-career-split.test.js
✓ civication-life-status-economy-guard.test.js
✓ civication-lifestory-actions.test.js
✓ civication-lifestory-arbeidsledig.test.js
✓ civication-lifestory-barnehageassistent.test.js
✓ civication-lifestory-day3.test.js
✓ civication-lifestory-dayphase-guard.test.js
✓ civication-lifestory-ekspeditor.test.js
✓ civication-lifestory-endings.test.js
✓ civication-lifestory-engine.test.js
✓ civication-lifestory-lifestyle-bridge.test.js
✓ civication-lifestory-livelihood-bridge.test.js
✓ civication-lifestory-place-marker.test.js
✓ civication-lifestory-profile-conditions.test.js
✓ civication-lifestory-renholder.test.js
✓ civication-lifestory-responsive-layout.test.js
✓ civication-lifestory-runner.test.js
✓ civication-lifestory-shell-psyche-bridge.test.js
✗ civication-lifestory-shell-role-bridge.test.js
✓ civication-literature-life-career-split.test.js
✓ civication-literature-life-status-split.test.js
✓ civication-litteratur-redaksjonsmedarbeider-rollout-playability.test.js
✓ civication-litteratur-redaktor-bok-rollout-playability.test.js
✓ civication-livelihood-engine.test.js
✓ civication-livelihood-opportunity-bridge.test.js
✓ civication-mail-choice-uniqueness.test.js
✓ civication-mail-loop.test.js
✓ civication-mail-thread-dedupe.test.js
✓ civication-media-life-career-split.test.js
✓ civication-media-redaksjon-role-world-realism-pilot.test.js
✓ civication-media-redaksjon-rollout-playability.test.js
✓ civication-media-redaksjonell-ledelse-rollout-playability.test.js
✓ civication-mellomleder-first-week-praksisfortellinger.test.js
✓ civication-mellomleder-rollout-playability.test.js
✓ civication-mellomleder-second-week-praksisfortellinger.test.js
✓ civication-mellomleder-two-week-flow.test.js
✓ civication-milestone-highlight.test.js
✗ civication-mini-sections-home-settled.test.js
✓ civication-music-life-career-split.test.js
✓ civication-naeringsliv-finansanalytiker-rollout-playability.test.js
✓ civication-naeringsliv-finansdirektor-rollout-playability.test.js
✓ civication-naeringsliv-life-career-split.test.js
✓ civication-naeringsliv-okonomi-og-finanssjef-rollout-playability.test.js
✓ civication-nature-life-career-split.test.js
✓ civication-next-action-consolidation.test.js
✓ civication-next-action-new-day.test.js
✓ civication-no-evening-work-gate.test.js
✓ civication-outcome-status-ui.test.js
✓ civication-persistent-work-object-foundation.test.js
✓ civication-phase-bundle.test.js
✓ civication-philosophy-life-career-split.test.js
✓ civication-pilot-wave-closure.test.js
✗ civication-place-menu-city-map-role.test.js
✓ civication-player-phase-snapshots.test.js
✓ civication-politics-life-career-split.test.js
✓ civication-politics-role-resolver.test.js
✓ civication-praksisfortellinger-cross-role.test.js
✓ civication-praksisfortellinger-registry-audit.test.js
✓ civication-praksisfortellinger-two-week-flow.test.js
✓ civication-private-phase-mailers.test.js
✓ civication-private-phase-profile-bridge.test.js
✓ civication-psychology-academic-career-ladder.test.js
✓ civication-psychology-career-contract.test.js
✓ civication-psychology-clinical-career-ladder.test.js
✓ civication-psychology-competence.test.js
✗ civication-psychology-entry-career-ladder.test.js
✓ civication-psychology-guidance-career-ladder.test.js
✓ civication-psychology-room-tools.test.js
✓ civication-psykolog-rollout-playability.test.js
✓ civication-psykologi-fagansvarlig-rollout-playability.test.js
✓ civication-psykologi-forsker_psykologi-rollout-playability.test.js
✓ civication-psykologi-miljoarbeid-playability.test.js
✓ civication-psykologi-professor_psykologi-rollout-playability.test.js
✓ civication-readiness-health.test.js
✓ civication-reference-role-playability.test.js
✓ civication-reference-roles-choice-contract.test.js
✓ civication-relationship-engine.test.js
✓ civication-religion-forskning-playability.test.js
✓ civication-religion-life-career-split.test.js
✓ civication-renholder-first-week-praksisfortellinger.test.js
✓ civication-renholder-mail-plan.test.js
✓ civication-renholder-role-package.test.js
✓ civication-renholder-role-world.test.js
✓ civication-renholder-second-week-praksisfortellinger.test.js
✓ civication-renholder-two-week-flow.test.js
✓ civication-role-pack-depth.test.js
✓ civication-role-world-contract.test.js
✓ civication-role-world-realism-matrix.test.js
✓ civication-role-world-rollout-readiness.test.js
✓ civication-role-world-runtime-governance.test.js
✓ civication-scene-director-daily-catalog.test.js
✓ civication-scene-director-ownership.test.js
✓ civication-scene-interaction-contract.test.js
✓ civication-scene-interaction-no-fallback.test.js
✓ civication-scene-pipeline-reachability.test.js
✓ civication-scene-source-adapter-life.test.js
✓ civication-scene-source-adapter-narrative.test.js
✓ civication-scene-source-adapter-private.test.js
✓ civication-scene-source-adapter-social.test.js
✓ civication-scenekunst-life-career-split.test.js
✓ civication-second-week-praksisfortellinger.test.js
✓ civication-semantic-playthrough-gate.test.js
✓ civication-situated-reputation.test.js
✓ civication-social-conversations.test.js
✓ civication-social-encounter-responses.test.js
✓ civication-social-encounters.test.js
✓ civication-social-place-resolver.test.js
✓ civication-spatial-day-bridge.test.js
✓ civication-spatial-day-integration.test.js
✓ civication-sport-life-career-split.test.js
✓ civication-sport-sportsledelse-rollout-playability.test.js
✓ civication-sport-trener-rollout-playability.test.js
✓ civication-sport-utover-role-world-realism-pilot.test.js
✓ civication-sport-utover-role-world.test.js
✓ civication-state-parse-cache.test.js
✓ civication-storage-adapter.test.js
✓ civication-subkultur-arrangementsdrift-playability.test.js
✗ civication-subkultur-career-architecture.test.js
✗ civication-task-gate-inline.test.js
✓ civication-test-mode-ui.test.js
✓ civication-three-map-groundhopper.test.js
✓ civication-three-map-place-miniatures.test.js
✓ civication-three-map-postprocess.test.js
✓ civication-three-map-projection.test.js
✓ civication-travel-state.test.js
✓ civication-ui-workday-helper.test.js
✓ civication-v2-main-flow.test.js
✗ civication-v2-min-dag-ui.test.js
✓ civication-vitenskap-career-architecture.test.js
✓ civication-work-grammar-story-simulation.test.js
✓ civication-work-object-scene-pipeline.test.js
✓ civication-workday-panel-phase-model.test.js

281/289 testfiler OK (16.6s)

8 feilet:

=== civication-boot-split.test.js ===
node:internal/modules/cjs/loader:1433
  throw err;
  ^

Error: Cannot find module 'jsdom'
Require stack:
- /home/runner/work/History-Go/History-Go/tests/civication-boot-split.test.js
    at Function._resolveFilename (node:internal/modules/cjs/loader:1430:15)
    at defaultResolveImpl (node:internal/modules/cjs/loader:1040:19)
    at resolveForCJSWithHooks (node:internal/modules/cjs/loader:1045:22)
    at Function._load (node:internal/modules/cjs/loader:1216:25)
    at wrapModuleLoad (node:internal/modules/cjs/loader:254:19)
    at Module.require (node:internal/modules/cjs/loader:1527:12)
    at require (node:internal/modules/helpers:147:16)
    at Object.<anonymous> (/home/runner/work/History-Go/History-Go/tests/civication-boot-split.test.js:13:19)
    at Module._compile (node:internal/modules/cjs/loader:1781:14)
    at Object..js (node:internal/modules/cjs/loader:1913:10) {
  code: 'MODULE_NOT_FOUND',
  requireStack: [
    '/home/runner/work/History-Go/History-Go/tests/civication-boot-split.test.js'
  ]
}

Node.js v22.23.2

=== civication-lifestory-shell-role-bridge.test.js ===
node:internal/modules/cjs/loader:1433
  throw err;
  ^

Error: Cannot find module 'jsdom'
Require stack:
- /home/runner/work/History-Go/History-Go/tests/civication-lifestory-shell-role-bridge.test.js
    at Function._resolveFilename (node:internal/modules/cjs/loader:1430:15)
    at defaultResolveImpl (node:internal/modules/cjs/loader:1040:19)
    at resolveForCJSWithHooks (node:internal/modules/cjs/loader:1045:22)
    at Function._load (node:internal/modules/cjs/loader:1216:25)
    at wrapModuleLoad (node:internal/modules/cjs/loader:254:19)
    at Module.require (node:internal/modules/cjs/loader:1527:12)
    at require (node:internal/modules/helpers:147:16)
    at Object.<anonymous> (/home/runner/work/History-Go/History-Go/tests/civication-lifestory-shell-role-bridge.test.js:9:19)
    at Module._compile (node:internal/modules/cjs/loader:1781:14)
    at Object..js (node:internal/modules/cjs/loader:1913:10) {
  code: 'MODULE_NOT_FOUND',
  requireStack: [
    '/home/runner/work/History-Go/History-Go/tests/civication-lifestory-shell-role-bridge.test.js'
  ]
}

Node.js v22.23.2

=== civication-mini-sections-home-settled.test.js ===
node:internal/modules/cjs/loader:1433
  throw err;
  ^

Error: Cannot find module 'jsdom'
Require stack:
- /home/runner/work/History-Go/History-Go/tests/civication-mini-sections-home-settled.test.js
    at Function._resolveFilename (node:internal/modules/cjs/loader:1430:15)
    at defaultResolveImpl (node:internal/modules/cjs/loader:1040:19)
    at resolveForCJSWithHooks (node:internal/modules/cjs/loader:1045:22)
    at Function._load (node:internal/modules/cjs/loader:1216:25)
    at wrapModuleLoad (node:internal/modules/cjs/loader:254:19)
    at Module.require (node:internal/modules/cjs/loader:1527:12)
    at require (node:internal/modules/helpers:147:16)
    at Object.<anonymous> (/home/runner/work/History-Go/History-Go/tests/civication-mini-sections-home-settled.test.js:6:19)
    at Module._compile (node:internal/modules/cjs/loader:1781:14)
    at Object..js (node:internal/modules/cjs/loader:1913:10) {
  code: 'MODULE_NOT_FOUND',
  requireStack: [
    '/home/runner/work/History-Go/History-Go/tests/civication-mini-sections-home-settled.test.js'
  ]
}

Node.js v22.23.2

=== civication-place-menu-city-map-role.test.js ===
node:internal/modules/cjs/loader:1433
  throw err;
  ^

Error: Cannot find module 'jsdom'
Require stack:
- /home/runner/work/History-Go/History-Go/tests/civication-place-menu-city-map-role.test.js
    at Function._resolveFilename (node:internal/modules/cjs/loader:1430:15)
    at defaultResolveImpl (node:internal/modules/cjs/loader:1040:19)
    at resolveForCJSWithHooks (node:internal/modules/cjs/loader:1045:22)
    at Function._load (node:internal/modules/cjs/loader:1216:25)
    at wrapModuleLoad (node:internal/modules/cjs/loader:254:19)
    at Module.require (node:internal/modules/cjs/loader:1527:12)
    at require (node:internal/modules/helpers:147:16)
    at Object.<anonymous> (/home/runner/work/History-Go/History-Go/tests/civication-place-menu-city-map-role.test.js:17:19)
    at Module._compile (node:internal/modules/cjs/loader:1781:14)
    at Object..js (node:internal/modules/cjs/loader:1913:10) {
  code: 'MODULE_NOT_FOUND',
  requireStack: [
    '/home/runner/work/History-Go/History-Go/tests/civication-place-menu-city-map-role.test.js'
  ]
}

Node.js v22.23.2

=== civication-psychology-entry-career-ladder.test.js ===
node:internal/modules/cjs/loader:1433
  throw err;
  ^

Error: Cannot find module 'jsdom'
Require stack:
- /home/runner/work/History-Go/History-Go/tests/civication-psychology-entry-career-ladder.test.js
    at Function._resolveFilename (node:internal/modules/cjs/loader:1430:15)
    at defaultResolveImpl (node:internal/modules/cjs/loader:1040:19)
    at resolveForCJSWithHooks (node:internal/modules/cjs/loader:1045:22)
    at Function._load (node:internal/modules/cjs/loader:1216:25)
    at wrapModuleLoad (node:internal/modules/cjs/loader:254:19)
    at Module.require (node:internal/modules/cjs/loader:1527:12)
    at require (node:internal/modules/helpers:147:16)
    at Object.<anonymous> (/home/runner/work/History-Go/History-Go/tests/civication-psychology-entry-career-ladder.test.js:5:19)
    at Module._compile (node:internal/modules/cjs/loader:1781:14)
    at Object..js (node:internal/modules/cjs/loader:1913:10) {
  code: 'MODULE_NOT_FOUND',
  requireStack: [
    '/home/runner/work/History-Go/History-Go/tests/civication-psychology-entry-career-ladder.test.js'
  ]
}

Node.js v22.23.2

=== civication-subkultur-career-architecture.test.js ===
node:internal/modules/cjs/loader:1433
  throw err;
  ^

Error: Cannot find module 'jsdom'
Require stack:
- /home/runner/work/History-Go/History-Go/tests/civication-subkultur-career-architecture.test.js
    at Function._resolveFilename (node:internal/modules/cjs/loader:1430:15)
    at defaultResolveImpl (node:internal/modules/cjs/loader:1040:19)
    at resolveForCJSWithHooks (node:internal/modules/cjs/loader:1045:22)
    at Function._load (node:internal/modules/cjs/loader:1216:25)
    at wrapModuleLoad (node:internal/modules/cjs/loader:254:19)
    at Module.require (node:internal/modules/cjs/loader:1527:12)
    at require (node:internal/modules/helpers:147:16)
    at Object.<anonymous> (/home/runner/work/History-Go/History-Go/tests/civication-subkultur-career-architecture.test.js:6:19)
    at Module._compile (node:internal/modules/cjs/loader:1781:14)
    at Object..js (node:internal/modules/cjs/loader:1913:10) {
  code: 'MODULE_NOT_FOUND',
  requireStack: [
    '/home/runner/work/History-Go/History-Go/tests/civication-subkultur-career-architecture.test.js'
  ]
}

Node.js v22.23.2

=== civication-task-gate-inline.test.js ===
node:internal/modules/cjs/loader:1433
  throw err;
  ^

Error: Cannot find module 'jsdom'
Require stack:
- /home/runner/work/History-Go/History-Go/tests/civication-task-gate-inline.test.js
    at Function._resolveFilename (node:internal/modules/cjs/loader:1430:15)
    at defaultResolveImpl (node:internal/modules/cjs/loader:1040:19)
    at resolveForCJSWithHooks (node:internal/modules/cjs/loader:1045:22)
    at Function._load (node:internal/modules/cjs/loader:1216:25)
    at wrapModuleLoad (node:internal/modules/cjs/loader:254:19)
    at Module.require (node:internal/modules/cjs/loader:1527:12)
    at require (node:internal/modules/helpers:147:16)
    at Object.<anonymous> (/home/runner/work/History-Go/History-Go/tests/civication-task-gate-inline.test.js:16:19)
    at Module._compile (node:internal/modules/cjs/loader:1781:14)
    at Object..js (node:internal/modules/cjs/loader:1913:10) {
  code: 'MODULE_NOT_FOUND',
  requireStack: [
    '/home/runner/work/History-Go/History-Go/tests/civication-task-gate-inline.test.js'
  ]
}

Node.js v22.23.2

=== civication-v2-min-dag-ui.test.js ===
node:internal/modules/cjs/loader:1433
  throw err;
  ^

Error: Cannot find module 'jsdom'
Require stack:
- /home/runner/work/History-Go/History-Go/tests/civication-v2-min-dag-ui.test.js
    at Function._resolveFilename (node:internal/modules/cjs/loader:1430:15)
    at defaultResolveImpl (node:internal/modules/cjs/loader:1040:19)
    at resolveForCJSWithHooks (node:internal/modules/cjs/loader:1045:22)
    at Function._load (node:internal/modules/cjs/loader:1216:25)
    at wrapModuleLoad (node:internal/modules/cjs/loader:254:19)
    at Module.require (node:internal/modules/cjs/loader:1527:12)
    at require (node:internal/modules/helpers:147:16)
    at Object.<anonymous> (/home/runner/work/History-Go/History-Go/tests/civication-v2-min-dag-ui.test.js:12:19)
    at Module._compile (node:internal/modules/cjs/loader:1781:14)
    at Object..js (node:internal/modules/cjs/loader:1913:10) {
  code: 'MODULE_NOT_FOUND',
  requireStack: [
    '/home/runner/work/History-Go/History-Go/tests/civication-v2-min-dag-ui.test.js'
  ]
}

Node.js v22.23.2
