{
  "ok": true,
  "status": "verified_candidate",
  "reason": "Geonorge returnerte ett tydelig adressetreff.",
  "query": "Møllergata 39 Oslo",
  "sourceProvider": "official_address",
  "sourceName": "Geonorge Adresser API v1",
  "sourceUrl": "https://ws.geonorge.no/adresser/v1/sok?sok=M%C3%B8llergata%2039%20Oslo",
  "sourceObjectId": "geonorge-adresser-v1:0301:14943:39",
  "coordinate": {
    "lat": 59.91646694157906,
    "lon": 10.748956340457859,
    "r": 60,
    "locatorType": "building",
    "sourceProvider": "official_address",
    "sourceObjectId": "geonorge-adresser-v1:0301:14943:39",
    "address": {
      "street": "Møllergata",
      "number": "39",
      "postcode": "0179",
      "city": "Oslo",
      "country": "NO"
    },
    "geocodeAccuracy": "rooftop",
    "coordRole": "display_marker",
    "coordStatus": "verified",
    "coordSource": "geonorge_adresser_v1",
    "coordType": "address_point",
    "coordNote": "Offisiell adressekoordinat fra Geonorge Adresser API for Møllergata 39, OSLO. Punktet er representasjonspunktet for adressen og brukes som display-marker, ikke som kai-, vei-, vannflate- eller generelt områdeanker."
  },
  "rawHit": {
    "adressenavn": "Møllergata",
    "adressetekst": "Møllergata 39",
    "adressetilleggsnavn": null,
    "adressekode": 14943,
    "nummer": 39,
    "bokstav": "",
    "kommunenummer": "0301",
    "kommunenavn": "OSLO",
    "gardsnummer": 208,
    "bruksnummer": 435,
    "festenummer": 0,
    "undernummer": null,
    "bruksenhetsnummer": [],
    "objtype": "Vegadresse",
    "poststed": "OSLO",
    "postnummer": "0179",
    "adressetekstutenadressetilleggsnavn": "Møllergata 39",
    "stedfestingverifisert": false,
    "representasjonspunkt": {
      "epsg": "EPSG:4258",
      "lat": 59.91646694157906,
      "lon": 10.748956340457859
    },
    "oppdateringsdato": "2026-03-26T19:41:41"
  }
}
