{
  "ok": true,
  "status": "verified_candidate",
  "reason": "Geonorge returnerte ett tydelig adressetreff.",
  "query": "Kongens gate 15 Oslo",
  "sourceProvider": "official_address",
  "sourceName": "Geonorge Adresser API v1",
  "sourceUrl": "https://ws.geonorge.no/adresser/v1/sok?sok=Kongens%20gate%2015%20Oslo",
  "sourceObjectId": "geonorge-adresser-v1:0301:13846:15",
  "coordinate": {
    "lat": 59.91045277823502,
    "lon": 10.741915500125605,
    "r": 60,
    "locatorType": "building",
    "sourceProvider": "official_address",
    "sourceObjectId": "geonorge-adresser-v1:0301:13846:15",
    "address": {
      "street": "Kongens gate",
      "number": "15",
      "postcode": "0153",
      "city": "Oslo",
      "country": "NO"
    },
    "geocodeAccuracy": "rooftop",
    "coordRole": "display_marker",
    "coordStatus": "verified",
    "coordSource": "geonorge_adresser_v1",
    "coordType": "address_point",
    "coordNote": "Offisiell adressekoordinat fra Geonorge Adresser API for Kongens gate 15, OSLO. Punktet er representasjonspunktet for adressen og brukes som display-marker, ikke som kai-, vei-, vannflate- eller generelt områdeanker."
  },
  "rawHit": {
    "adressenavn": "Kongens gate",
    "adressetekst": "Kongens gate 15",
    "adressetilleggsnavn": null,
    "adressekode": 13846,
    "nummer": 15,
    "bokstav": "",
    "kommunenummer": "0301",
    "kommunenavn": "OSLO",
    "gardsnummer": 207,
    "bruksnummer": 145,
    "festenummer": 0,
    "undernummer": null,
    "bruksenhetsnummer": [],
    "objtype": "Vegadresse",
    "poststed": "OSLO",
    "postnummer": "0153",
    "adressetekstutenadressetilleggsnavn": "Kongens gate 15",
    "stedfestingverifisert": false,
    "representasjonspunkt": {
      "epsg": "EPSG:4258",
      "lat": 59.91045277823502,
      "lon": 10.741915500125605
    },
    "oppdateringsdato": "2020-06-15T18:03:03"
  }
}
