{
  "ok": true,
  "status": "verified_candidate",
  "reason": "Geonorge returnerte flere treff, men ett eksakt adressetreff.",
  "query": "Maridalsveien 3 Oslo",
  "sourceProvider": "official_address",
  "sourceName": "Geonorge Adresser API v1",
  "sourceUrl": "https://ws.geonorge.no/adresser/v1/sok?sok=Maridalsveien%203%20Oslo",
  "sourceObjectId": "geonorge-adresser-v1:0301:14622:3",
  "coordinate": {
    "lat": 59.92065765555904,
    "lon": 10.751597362221323,
    "r": 60,
    "locatorType": "building",
    "sourceProvider": "official_address",
    "sourceObjectId": "geonorge-adresser-v1:0301:14622:3",
    "address": {
      "street": "Maridalsveien",
      "number": "3",
      "postcode": "0178",
      "city": "Oslo",
      "country": "NO"
    },
    "geocodeAccuracy": "rooftop",
    "coordRole": "display_marker",
    "coordStatus": "verified",
    "coordSource": "geonorge_adresser_v1",
    "coordType": "address_point",
    "coordNote": "Offisiell adressekoordinat fra Geonorge Adresser API for Maridalsveien 3, OSLO. Punktet er representasjonspunktet for adressen og brukes som display-marker, ikke som kai-, vei-, vannflate- eller generelt områdeanker."
  },
  "rawHit": {
    "adressenavn": "Maridalsveien",
    "adressetekst": "Maridalsveien 3",
    "adressetilleggsnavn": null,
    "adressekode": 14622,
    "nummer": 3,
    "bokstav": "",
    "kommunenummer": "0301",
    "kommunenavn": "OSLO",
    "gardsnummer": 208,
    "bruksnummer": 395,
    "festenummer": 0,
    "undernummer": null,
    "bruksenhetsnummer": [],
    "objtype": "Vegadresse",
    "poststed": "OSLO",
    "postnummer": "0178",
    "adressetekstutenadressetilleggsnavn": "Maridalsveien 3",
    "stedfestingverifisert": true,
    "representasjonspunkt": {
      "epsg": "EPSG:4258",
      "lat": 59.92065765555904,
      "lon": 10.751597362221323
    },
    "oppdateringsdato": "2026-03-26T19:41:41"
  }
}
