=== targeted Universitetsplassen test ===
✔ Universitetsplassen has exact four By collections and preserved geometry (1.510704ms)
✔ all selected images exist and portrait front is real (0.457698ms)
✔ description packet validates without issues (17.303869ms)
✔ language, leksikon, stories and readings are complete (0.190778ms)
✔ major quiz is unique 8x7 with delayed methods (0.417002ms)
✔ six-dimensional quality gate is 30/30 (0.191099ms)
ℹ tests 6
ℹ suites 0
ℹ pass 6
ℹ fail 0
ℹ cancelled 0
ℹ skipped 0
ℹ todo 0
ℹ duration_ms 95.995176
=== PASS targeted Universitetsplassen test ===
=== places:check ===
npm error Missing script: "places:check"
npm error
npm error To see a list of scripts, run:
npm error   npm run
npm error A complete log of this run can be found in: /home/runner/.npm/_logs/2026-08-29T20_59_53_402Z-debug-0.log
=== FAILED places:check exit=1 ===
