{
  "ok": true,
  "status": "verified_candidate",
  "reason": "Geonorge returnerte ett tydelig adressetreff.",
  "query": "Jarlsborgveien 14 Oslo",
  "sourceProvider": "official_address",
  "sourceName": "Geonorge Adresser API v1",
  "sourceUrl": "https://ws.geonorge.no/adresser/v1/sok?sok=Jarlsborgveien%2014%20Oslo",
  "sourceObjectId": "geonorge-adresser-v1:0301:13413:14",
  "coordinate": {
    "lat": 59.92918854127767,
    "lon": 10.670165670212224,
    "r": 60,
    "locatorType": "building",
    "sourceProvider": "official_address",
    "sourceObjectId": "geonorge-adresser-v1:0301:13413:14",
    "address": {
      "street": "Jarlsborgveien",
      "number": "14",
      "postcode": "0377",
      "city": "Oslo",
      "country": "NO"
    },
    "geocodeAccuracy": "rooftop",
    "coordRole": "display_marker",
    "coordStatus": "verified",
    "coordSource": "geonorge_adresser_v1",
    "coordType": "address_point",
    "coordNote": "Offisiell adressekoordinat fra Geonorge Adresser API for Jarlsborgveien 14, OSLO. Punktet er representasjonspunktet for adressen og brukes som display-marker, ikke som kai-, vei-, vannflate- eller generelt områdeanker."
  },
  "rawHit": {
    "adressenavn": "Jarlsborgveien",
    "adressetekst": "Jarlsborgveien 14",
    "adressetilleggsnavn": null,
    "adressekode": 13413,
    "nummer": 14,
    "bokstav": "",
    "kommunenummer": "0301",
    "kommunenavn": "OSLO",
    "gardsnummer": 29,
    "bruksnummer": 506,
    "festenummer": 0,
    "undernummer": null,
    "bruksenhetsnummer": [],
    "objtype": "Vegadresse",
    "poststed": "OSLO",
    "postnummer": "0377",
    "adressetekstutenadressetilleggsnavn": "Jarlsborgveien 14",
    "stedfestingverifisert": true,
    "representasjonspunkt": {
      "epsg": "EPSG:4258",
      "lat": 59.92918854127767,
      "lon": 10.670165670212224
    },
    "oppdateringsdato": "2020-06-15T18:03:03"
  }
}
