{
  "ok": true,
  "status": "verified_candidate",
  "reason": "Geonorge returnerte ett tydelig adressetreff.",
  "query": "Rådhusgata 37 Oslo",
  "sourceProvider": "official_address",
  "sourceName": "Geonorge Adresser API v1",
  "sourceUrl": "https://ws.geonorge.no/adresser/v1/sok?sok=R%C3%A5dhusgata%2037%20Oslo",
  "sourceObjectId": "geonorge-adresser-v1:0301:16115:37",
  "coordinate": {
    "lat": 59.91082571186472,
    "lon": 10.7367950879606,
    "r": 60,
    "locatorType": "building",
    "sourceProvider": "official_address",
    "sourceObjectId": "geonorge-adresser-v1:0301:16115:37",
    "address": {
      "street": "Rådhusgata",
      "number": "37",
      "postcode": "0158",
      "city": "Oslo",
      "country": "NO"
    },
    "geocodeAccuracy": "rooftop",
    "coordRole": "display_marker",
    "coordStatus": "verified",
    "coordSource": "geonorge_adresser_v1",
    "coordType": "address_point",
    "coordNote": "Offisiell adressekoordinat fra Geonorge Adresser API for Rådhusgata 37, OSLO. Punktet er representasjonspunktet for adressen og brukes som display-marker, ikke som kai-, vei-, vannflate- eller generelt områdeanker."
  },
  "rawHit": {
    "adressenavn": "Rådhusgata",
    "adressetekst": "Rådhusgata 37",
    "adressetilleggsnavn": null,
    "adressekode": 16115,
    "nummer": 37,
    "bokstav": "",
    "kommunenummer": "0301",
    "kommunenavn": "OSLO",
    "gardsnummer": 507,
    "bruksnummer": 8,
    "festenummer": 0,
    "undernummer": null,
    "bruksenhetsnummer": [],
    "objtype": "Vegadresse",
    "poststed": "OSLO",
    "postnummer": "0158",
    "adressetekstutenadressetilleggsnavn": "Rådhusgata 37",
    "stedfestingverifisert": false,
    "representasjonspunkt": {
      "epsg": "EPSG:4258",
      "lat": 59.91082571186472,
      "lon": 10.7367950879606
    },
    "oppdateringsdato": "2025-10-03T12:48:48"
  }
}
