{
  "ok": true,
  "status": "verified_candidate",
  "reason": "Geonorge returnerte ett tydelig adressetreff.",
  "query": "Schæffers gate 5 Oslo",
  "sourceProvider": "official_address",
  "sourceName": "Geonorge Adresser API v1",
  "sourceUrl": "https://ws.geonorge.no/adresser/v1/sok?sok=Sch%C3%A6ffers%20gate%205%20Oslo",
  "sourceObjectId": "geonorge-adresser-v1:0301:16269:5",
  "coordinate": {
    "lat": 59.92127390279403,
    "lon": 10.762304822006952,
    "r": 60,
    "locatorType": "building",
    "sourceProvider": "official_address",
    "sourceObjectId": "geonorge-adresser-v1:0301:16269:5",
    "address": {
      "street": "Schæffers gate",
      "number": "5",
      "postcode": "0558",
      "city": "Oslo",
      "country": "NO"
    },
    "geocodeAccuracy": "rooftop",
    "coordRole": "display_marker",
    "coordStatus": "verified",
    "coordSource": "geonorge_adresser_v1",
    "coordType": "address_point",
    "coordNote": "Offisiell adressekoordinat fra Geonorge Adresser API for Schæffers gate 5, OSLO. Punktet er representasjonspunktet for adressen og brukes som display-marker, ikke som kai-, vei-, vannflate- eller generelt områdeanker."
  },
  "rawHit": {
    "adressenavn": "Schæffers gate",
    "adressetekst": "Schæffers gate 5",
    "adressetilleggsnavn": null,
    "adressekode": 16269,
    "nummer": 5,
    "bokstav": "",
    "kommunenummer": "0301",
    "kommunenavn": "OSLO",
    "gardsnummer": 228,
    "bruksnummer": 327,
    "festenummer": 0,
    "undernummer": null,
    "bruksenhetsnummer": [
      "H0101",
      "H0201",
      "H0202",
      "H0203",
      "H0301",
      "H0302",
      "H0303",
      "H0401",
      "H0402",
      "H0403",
      "L0101"
    ],
    "objtype": "Vegadresse",
    "poststed": "OSLO",
    "postnummer": "0558",
    "adressetekstutenadressetilleggsnavn": "Schæffers gate 5",
    "stedfestingverifisert": false,
    "representasjonspunkt": {
      "epsg": "EPSG:4258",
      "lat": 59.92127390279403,
      "lon": 10.762304822006952
    },
    "oppdateringsdato": "2020-06-15T18:05:05"
  }
}
