{
  "ok": true,
  "status": "verified_candidate",
  "reason": "Geonorge returnerte ett tydelig adressetreff.",
  "query": "Tollbugata 24 Oslo",
  "sourceProvider": "official_address",
  "sourceName": "Geonorge Adresser API v1",
  "sourceUrl": "https://ws.geonorge.no/adresser/v1/sok?sok=Tollbugata%2024%20Oslo",
  "sourceObjectId": "geonorge-adresser-v1:0301:17577:24",
  "coordinate": {
    "lat": 59.91091311290161,
    "lon": 10.741742892068546,
    "r": 60,
    "locatorType": "building",
    "sourceProvider": "official_address",
    "sourceObjectId": "geonorge-adresser-v1:0301:17577:24",
    "address": {
      "street": "Tollbugata",
      "number": "24",
      "postcode": "0157",
      "city": "Oslo",
      "country": "NO"
    },
    "geocodeAccuracy": "rooftop",
    "coordRole": "display_marker",
    "coordStatus": "verified",
    "coordSource": "geonorge_adresser_v1",
    "coordType": "address_point",
    "coordNote": "Offisiell adressekoordinat fra Geonorge Adresser API for Tollbugata 24, OSLO. Punktet er representasjonspunktet for adressen og brukes som display-marker, ikke som kai-, vei-, vannflate- eller generelt områdeanker."
  },
  "rawHit": {
    "adressenavn": "Tollbugata",
    "adressetekst": "Tollbugata 24",
    "adressetilleggsnavn": null,
    "adressekode": 17577,
    "nummer": 24,
    "bokstav": "",
    "kommunenummer": "0301",
    "kommunenavn": "OSLO",
    "gardsnummer": 207,
    "bruksnummer": 355,
    "festenummer": 0,
    "undernummer": null,
    "bruksenhetsnummer": [],
    "objtype": "Vegadresse",
    "poststed": "OSLO",
    "postnummer": "0157",
    "adressetekstutenadressetilleggsnavn": "Tollbugata 24",
    "stedfestingverifisert": false,
    "representasjonspunkt": {
      "epsg": "EPSG:4258",
      "lat": 59.91091311290161,
      "lon": 10.741742892068546
    },
    "oppdateringsdato": "2020-06-15T18:06:06"
  }
}
