{
  "ok": true,
  "status": "verified_candidate",
  "reason": "Geonorge returnerte ett tydelig adressetreff.",
  "query": "Rådhusgata 17 Oslo",
  "sourceProvider": "official_address",
  "sourceName": "Geonorge Adresser API v1",
  "sourceUrl": "https://ws.geonorge.no/adresser/v1/sok?sok=R%C3%A5dhusgata%2017%20Oslo",
  "sourceObjectId": "geonorge-adresser-v1:0301:16115:17",
  "coordinate": {
    "lat": 59.9099817152299,
    "lon": 10.74092866640025,
    "r": 60,
    "locatorType": "building",
    "sourceProvider": "official_address",
    "sourceObjectId": "geonorge-adresser-v1:0301:16115:17",
    "address": {
      "street": "Rådhusgata",
      "number": "17",
      "postcode": "0158",
      "city": "Oslo",
      "country": "NO"
    },
    "geocodeAccuracy": "rooftop",
    "coordRole": "display_marker",
    "coordStatus": "verified",
    "coordSource": "geonorge_adresser_v1",
    "coordType": "address_point",
    "coordNote": "Offisiell adressekoordinat fra Geonorge Adresser API for Rådhusgata 17, OSLO. Punktet er representasjonspunktet for adressen og brukes som display-marker, ikke som kai-, vei-, vannflate- eller generelt områdeanker."
  },
  "rawHit": {
    "adressenavn": "Rådhusgata",
    "adressetekst": "Rådhusgata 17",
    "adressetilleggsnavn": null,
    "adressekode": 16115,
    "nummer": 17,
    "bokstav": "",
    "kommunenummer": "0301",
    "kommunenavn": "OSLO",
    "gardsnummer": 207,
    "bruksnummer": 225,
    "festenummer": 0,
    "undernummer": null,
    "bruksenhetsnummer": [
      "H0101",
      "H0102"
    ],
    "objtype": "Vegadresse",
    "poststed": "OSLO",
    "postnummer": "0158",
    "adressetekstutenadressetilleggsnavn": "Rådhusgata 17",
    "stedfestingverifisert": true,
    "representasjonspunkt": {
      "epsg": "EPSG:4258",
      "lat": 59.9099817152299,
      "lon": 10.74092866640025
    },
    "oppdateringsdato": "2020-06-15T18:06:06"
  }
}
