{
  "ok": true,
  "status": "verified_candidate",
  "reason": "Geonorge returnerte ett tydelig adressetreff.",
  "query": "Kirkegata 10 Oslo",
  "sourceProvider": "official_address",
  "sourceName": "Geonorge Adresser API v1",
  "sourceUrl": "https://ws.geonorge.no/adresser/v1/sok?sok=Kirkegata%2010%20Oslo",
  "sourceObjectId": "geonorge-adresser-v1:0301:13707:10",
  "coordinate": {
    "lat": 59.90962587013713,
    "lon": 10.743320753338548,
    "r": 60,
    "locatorType": "building",
    "sourceProvider": "official_address",
    "sourceObjectId": "geonorge-adresser-v1:0301:13707:10",
    "address": {
      "street": "Kirkegata",
      "number": "10",
      "postcode": "0153",
      "city": "Oslo",
      "country": "NO"
    },
    "geocodeAccuracy": "rooftop",
    "coordRole": "display_marker",
    "coordStatus": "verified",
    "coordSource": "geonorge_adresser_v1",
    "coordType": "address_point",
    "coordNote": "Offisiell adressekoordinat fra Geonorge Adresser API for Kirkegata 10, OSLO. Punktet er representasjonspunktet for adressen og brukes som display-marker, ikke som kai-, vei-, vannflate- eller generelt områdeanker."
  },
  "rawHit": {
    "adressenavn": "Kirkegata",
    "adressetekst": "Kirkegata 10",
    "adressetilleggsnavn": null,
    "adressekode": 13707,
    "nummer": 10,
    "bokstav": "",
    "kommunenummer": "0301",
    "kommunenavn": "OSLO",
    "gardsnummer": 207,
    "bruksnummer": 115,
    "festenummer": 0,
    "undernummer": null,
    "bruksenhetsnummer": [],
    "objtype": "Vegadresse",
    "poststed": "OSLO",
    "postnummer": "0153",
    "adressetekstutenadressetilleggsnavn": "Kirkegata 10",
    "stedfestingverifisert": false,
    "representasjonspunkt": {
      "epsg": "EPSG:4258",
      "lat": 59.90962587013713,
      "lon": 10.743320753338548
    },
    "oppdateringsdato": "2020-06-15T18:04:04"
  }
}
