{
  "ok": true,
  "status": "verified_candidate",
  "reason": "Geonorge returnerte ett tydelig adressetreff.",
  "query": "Keysers gate 1 Oslo",
  "sourceProvider": "official_address",
  "sourceName": "Geonorge Adresser API v1",
  "sourceUrl": "https://ws.geonorge.no/adresser/v1/sok?sok=Keysers%20gate%201%20Oslo",
  "sourceObjectId": "geonorge-adresser-v1:0301:13669:1",
  "coordinate": {
    "lat": 59.917046487498816,
    "lon": 10.743853067869056,
    "r": 60,
    "locatorType": "building",
    "sourceProvider": "official_address",
    "sourceObjectId": "geonorge-adresser-v1:0301:13669:1",
    "address": {
      "street": "Keysers gate",
      "number": "1",
      "postcode": "0165",
      "city": "Oslo",
      "country": "NO"
    },
    "geocodeAccuracy": "rooftop",
    "coordRole": "display_marker",
    "coordStatus": "verified",
    "coordSource": "geonorge_adresser_v1",
    "coordType": "address_point",
    "coordNote": "Offisiell adressekoordinat fra Geonorge Adresser API for Keysers gate 1, OSLO. Punktet er representasjonspunktet for adressen og brukes som display-marker, ikke som kai-, vei-, vannflate- eller generelt områdeanker."
  },
  "rawHit": {
    "adressenavn": "Keysers gate",
    "adressetekst": "Keysers gate 1",
    "adressetilleggsnavn": null,
    "adressekode": 13669,
    "nummer": 1,
    "bokstav": "",
    "kommunenummer": "0301",
    "kommunenavn": "OSLO",
    "gardsnummer": 208,
    "bruksnummer": 358,
    "festenummer": 0,
    "undernummer": null,
    "bruksenhetsnummer": [],
    "objtype": "Vegadresse",
    "poststed": "OSLO",
    "postnummer": "0165",
    "adressetekstutenadressetilleggsnavn": "Keysers gate 1",
    "stedfestingverifisert": false,
    "representasjonspunkt": {
      "epsg": "EPSG:4258",
      "lat": 59.917046487498816,
      "lon": 10.743853067869056
    },
    "oppdateringsdato": "2026-03-26T19:41:41"
  }
}
