{
  "ok": true,
  "status": "verified_candidate",
  "reason": "Geonorge returnerte flere treff, men ett eksakt adressetreff.",
  "query": "Snarøyveien 30 1360 Fornebu",
  "sourceProvider": "official_address",
  "sourceName": "Geonorge Adresser API v1",
  "sourceUrl": "https://ws.geonorge.no/adresser/v1/sok?sok=Snar%C3%B8yveien%2030%201360%20Fornebu",
  "sourceObjectId": "geonorge-adresser-v1:3201:1010:30",
  "coordinate": {
    "lat": 59.899282707028654,
    "lon": 10.627377014318366,
    "r": 60,
    "locatorType": "building",
    "sourceProvider": "official_address",
    "sourceObjectId": "geonorge-adresser-v1:3201:1010:30",
    "address": {
      "street": "Snarøyveien",
      "number": "30",
      "postcode": "1360",
      "city": "FORNEBU",
      "country": "NO"
    },
    "geocodeAccuracy": "rooftop",
    "coordRole": "display_marker",
    "coordStatus": "verified",
    "coordSource": "geonorge_adresser_v1",
    "coordType": "address_point",
    "coordNote": "Offisiell adressekoordinat fra Geonorge Adresser API for Snarøyveien 30, FORNEBU. Punktet er representasjonspunktet for adressen og brukes som display-marker, ikke som kai-, vei-, vannflate- eller generelt områdeanker."
  },
  "rawHit": {
    "adressenavn": "Snarøyveien",
    "adressetekst": "Snarøyveien 30",
    "adressetilleggsnavn": null,
    "adressekode": 1010,
    "nummer": 30,
    "bokstav": "",
    "kommunenummer": "3201",
    "kommunenavn": "BÆRUM",
    "gardsnummer": 41,
    "bruksnummer": 727,
    "festenummer": 0,
    "undernummer": null,
    "bruksenhetsnummer": [],
    "objtype": "Vegadresse",
    "poststed": "FORNEBU",
    "postnummer": "1360",
    "adressetekstutenadressetilleggsnavn": "Snarøyveien 30",
    "stedfestingverifisert": false,
    "representasjonspunkt": {
      "epsg": "EPSG:4258",
      "lat": 59.899282707028654,
      "lon": 10.627377014318366
    },
    "oppdateringsdato": "2024-01-01T00:00:00"
  }
}
