PASS logistikk-infrastruktur-okonomisk-rom: 42 claims, 22 sources
PASS logistikk-infrastruktur-okonomisk-rom: 42 claims, 22 sources
Økonomi og næringsliv quality OK: 5/6 chapters, 38 emners, 27 methods.
Økonomi og næringsliv quality OK: 5/6 chapters, 38 emners, 27 methods.
Fagverk fase 1 OK: 5 materialiserte fag bruker generell motor uten politikkfallback.
Fagverk fase 1 OK: 5 materialiserte fag bruker generell motor uten politikkfallback.
Fagverk inventar OK: 17 toppfag, 1 spesialisering, 72 required kjernefiler, 4 schemafamilier.
✔ Logistikk, infrastruktur og økonomisk rom passes its permanent chapter gate (34.11216ms)
ℹ tests 1
ℹ suites 0
ℹ pass 1
ℹ fail 0
ℹ cancelled 0
ℹ skipped 0
ℹ todo 0
ℹ duration_ms 39.063866
OK: Økonomi og næringsliv university framework validates (36 emners, 6 tracks).
OK: individually reviewed 36 emners; 29 theories, 23 methods, 29 models, 45 measures, 20 datasets.
OK: Økonomi og næringsliv business-school coverage validates (5 tracks, 25 modules, 50 theories, 50 methods, 50 models, 100 measures, 35 datasets, 15 assessment profiles).
Materialized Næringsliv logistics chapter at 5/6.
✔ Arbeid, produksjon og verdiskaping dekker canonicalt domene med redigert og sporbart lærestoff (9.004994ms)
✔ claimspor krever minst én claim per tekstledd (0.169756ms)
✔ Handel, forbruk og marked dekker canonicalt domene med redigert og sporbart lærestoff (5.418482ms)
✔ Kapital, eierskap og finans dekker canonicalt domene med redigert og sporbart lærestoff (9.446361ms)
✔ claimspor krever minst én claim per tekstledd (0.212041ms)
✔ Logistikk, infrastruktur og økonomisk rom passes its permanent chapter gate (46.317507ms)
✖ Teknologi, innovasjon og plattformer passes its permanent chapter gate (38.519459ms)
✔ Økonomi og næringsliv validerer canonical fagpakke og registrerte kapitler (19.618348ms)
ℹ tests 8
ℹ suites 0
ℹ pass 7
ℹ fail 1
ℹ cancelled 0
ℹ skipped 0
ℹ todo 0
ℹ duration_ms 161.337416

✖ failing tests:

test at tests/naeringsliv-chapter-teknologi-innovasjon-plattformer.test.mjs:6:1
✖ Teknologi, innovasjon og plattformer passes its permanent chapter gate (38.519459ms)
  AssertionError [ERR_ASSERTION]: 
  file:///home/runner/work/History-Go/History-Go/scripts/audit-naeringsliv-chapter-teknologi-innovasjon-plattformer.mjs:30
    if (!condition) throw new Error(message);
                          ^
  
  Error: Næringsliv status must state 4 of 6 chapters
      at assert (file:///home/runner/work/History-Go/History-Go/scripts/audit-naeringsliv-chapter-teknologi-innovasjon-plattformer.mjs:30:25)
      at file:///home/runner/work/History-Go/History-Go/scripts/audit-naeringsliv-chapter-teknologi-innovasjon-plattformer.mjs:170:3
      at ModuleJob.run (node:internal/modules/esm/module_job:439:25)
      at async node:internal/modules/esm/loader:643:26
      at async asyncRunEntryPointWithESMLoader (node:internal/modules/run_main:101:5)
  
  Node.js v24.18.0
  
  
  1 !== 0
  
      at TestContext.<anonymous> (file:///home/runner/work/History-Go/History-Go/tests/naeringsliv-chapter-teknologi-innovasjon-plattformer.test.mjs:11:10)
      at Test.runInAsyncScope (node:async_hooks:227:14)
      at Test.run (node:internal/test_runner/test:1325:25)
      at Test.start (node:internal/test_runner/test:1191:17)
      at startSubtestAfterBootstrap (node:internal/test_runner/harness:385:17) {
    generatedMessage: false,
    code: 'ERR_ASSERTION',
    actual: 1,
    expected: 0,
    operator: 'strictEqual',
    diff: 'simple'
  }
