2026-07-18T22:34:54.6701947Z Current runner version: '2.335.1'
2026-07-18T22:34:54.6733598Z ##[group]Runner Image Provisioner
2026-07-18T22:34:54.6734454Z Hosted Compute Agent
2026-07-18T22:34:54.6735192Z Version: 20260707.563
2026-07-18T22:34:54.6736220Z Commit: 02667638d2b423fbc733a8e32a88b44996a3ba6e
2026-07-18T22:34:54.6737363Z Build Date: 2026-07-07T19:33:50Z
2026-07-18T22:34:54.6738609Z Worker ID: {af558bc2-1b63-466c-9a2a-20db429cbc3c}
2026-07-18T22:34:54.6739759Z Azure Region: westus3
2026-07-18T22:34:54.6740711Z ##[endgroup]
2026-07-18T22:34:54.6743551Z ##[group]Operating System
2026-07-18T22:34:54.6744536Z Ubuntu
2026-07-18T22:34:54.6745513Z 24.04.4
2026-07-18T22:34:54.6746318Z LTS
2026-07-18T22:34:54.6747090Z ##[endgroup]
2026-07-18T22:34:54.6748065Z ##[group]Runner Image
2026-07-18T22:34:54.6749080Z Image: ubuntu-24.04
2026-07-18T22:34:54.6750057Z Version: 20260714.240.1
2026-07-18T22:34:54.6752108Z Included Software: https://github.com/actions/runner-images/blob/ubuntu24/20260714.240/images/ubuntu/Ubuntu2404-Readme.md
2026-07-18T22:34:54.6754879Z Image Release: https://github.com/actions/runner-images/releases/tag/ubuntu24%2F20260714.240
2026-07-18T22:34:54.6755904Z ##[endgroup]
2026-07-18T22:34:54.6759260Z ##[group]GITHUB_TOKEN Permissions
2026-07-18T22:34:54.6762164Z Actions: write
2026-07-18T22:34:54.6763575Z ArtifactMetadata: write
2026-07-18T22:34:54.6764546Z Attestations: write
2026-07-18T22:34:54.6765467Z Checks: write
2026-07-18T22:34:54.6766477Z CodeQuality: write
2026-07-18T22:34:54.6767375Z Contents: write
2026-07-18T22:34:54.6768326Z CopilotRequests: write
2026-07-18T22:34:54.6769290Z Deployments: write
2026-07-18T22:34:54.6770229Z Discussions: write
2026-07-18T22:34:54.6771288Z Drives: write
2026-07-18T22:34:54.6772146Z Issues: write
2026-07-18T22:34:54.6773209Z Metadata: read
2026-07-18T22:34:54.6774316Z Models: read
2026-07-18T22:34:54.6775213Z Packages: write
2026-07-18T22:34:54.6776136Z Pages: write
2026-07-18T22:34:54.6777034Z PullRequests: write
2026-07-18T22:34:54.6777971Z RepositoryProjects: write
2026-07-18T22:34:54.6779121Z SecurityEvents: write
2026-07-18T22:34:54.6780131Z Statuses: write
2026-07-18T22:34:54.6781048Z VulnerabilityAlerts: read
2026-07-18T22:34:54.6782102Z ##[endgroup]
2026-07-18T22:34:54.6785093Z Secret source: Actions
2026-07-18T22:34:54.6786011Z Prepare workflow directory
2026-07-18T22:34:54.7223879Z Prepare all required actions
2026-07-18T22:34:54.7279191Z Getting action download info
2026-07-18T22:34:55.0455435Z Download action repository 'actions/checkout@v4' (SHA:34e114876b0b11c390a56381ad16ebd13914f8d5)
2026-07-18T22:34:55.1657693Z Download action repository 'actions/setup-node@v4' (SHA:49933ea5288caeca8642d1e84afbd3f7d6820020)
2026-07-18T22:34:55.4103417Z Complete job name: TypeScript typecheck and build guard
2026-07-18T22:34:55.4858515Z Node 20 is being deprecated. This workflow is running with Node 24 by default. If you need to temporarily use Node 20, you can set the ACTIONS_ALLOW_USE_UNSECURE_NODE_VERSION=true environment variable. For more information see: https://github.blog/changelog/2025-09-19-deprecation-of-node-20-on-github-actions-runners/
2026-07-18T22:34:55.4867655Z ##[group]Run actions/checkout@v4
2026-07-18T22:34:55.4868398Z with:
2026-07-18T22:34:55.4868859Z   repository: Paradispartiet/History-Go
2026-07-18T22:34:55.4873153Z   token: ***
2026-07-18T22:34:55.4873595Z   ssh-strict: true
2026-07-18T22:34:55.4874033Z   ssh-user: git
2026-07-18T22:34:55.4874472Z   persist-credentials: true
2026-07-18T22:34:55.4874963Z   clean: true
2026-07-18T22:34:55.4875402Z   sparse-checkout-cone-mode: true
2026-07-18T22:34:55.4875919Z   fetch-depth: 1
2026-07-18T22:34:55.4876347Z   fetch-tags: false
2026-07-18T22:34:55.4876788Z   show-progress: true
2026-07-18T22:34:55.4877245Z   lfs: false
2026-07-18T22:34:55.4877697Z   submodules: false
2026-07-18T22:34:55.4878153Z   set-safe-directory: true
2026-07-18T22:34:55.4878920Z ##[endgroup]
2026-07-18T22:34:55.5857023Z Syncing repository: Paradispartiet/History-Go
2026-07-18T22:34:55.5859530Z ##[group]Getting Git version info
2026-07-18T22:34:55.5861037Z Working directory is '/home/runner/work/History-Go/History-Go'
2026-07-18T22:34:55.5862976Z [command]/usr/bin/git version
2026-07-18T22:34:55.5936544Z git version 2.54.0
2026-07-18T22:34:55.5992675Z ##[endgroup]
2026-07-18T22:34:55.6009121Z Temporarily overriding HOME='/home/runner/work/_temp/6fe7c5f1-5c96-4437-994b-eefe83fe8b72' before making global git config changes
2026-07-18T22:34:55.6011535Z Adding repository directory to the temporary git global config as a safe directory
2026-07-18T22:34:55.6015210Z [command]/usr/bin/git config --global --add safe.directory /home/runner/work/History-Go/History-Go
2026-07-18T22:34:55.6068277Z Deleting the contents of '/home/runner/work/History-Go/History-Go'
2026-07-18T22:34:55.6073881Z ##[group]Initializing the repository
2026-07-18T22:34:55.6078207Z [command]/usr/bin/git init /home/runner/work/History-Go/History-Go
2026-07-18T22:34:55.6187369Z hint: Using 'master' as the name for the initial branch. This default branch name
2026-07-18T22:34:55.6189136Z hint: will change to "main" in Git 3.0. To configure the initial branch name
2026-07-18T22:34:55.6190824Z hint: to use in all of your new repositories, which will suppress this warning,
2026-07-18T22:34:55.6192003Z hint: call:
2026-07-18T22:34:55.6192814Z hint:
2026-07-18T22:34:55.6193605Z hint: 	git config --global init.defaultBranch <name>
2026-07-18T22:34:55.6194622Z hint:
2026-07-18T22:34:55.6195606Z hint: Names commonly chosen instead of 'master' are 'main', 'trunk' and
2026-07-18T22:34:55.6197172Z hint: 'development'. The just-created branch can be renamed via this command:
2026-07-18T22:34:55.6198355Z hint:
2026-07-18T22:34:55.6198980Z hint: 	git branch -m <name>
2026-07-18T22:34:55.6199759Z hint:
2026-07-18T22:34:55.6200825Z hint: Disable this message with "git config set advice.defaultBranchName false"
2026-07-18T22:34:55.6202758Z Initialized empty Git repository in /home/runner/work/History-Go/History-Go/.git/
2026-07-18T22:34:55.6205564Z [command]/usr/bin/git remote add origin https://github.com/Paradispartiet/History-Go
2026-07-18T22:34:55.6249467Z ##[endgroup]
2026-07-18T22:34:55.6250622Z ##[group]Disabling automatic garbage collection
2026-07-18T22:34:55.6254336Z [command]/usr/bin/git config --local gc.auto 0
2026-07-18T22:34:55.6285294Z ##[endgroup]
2026-07-18T22:34:55.6286552Z ##[group]Setting up auth
2026-07-18T22:34:55.6293229Z [command]/usr/bin/git config --local --name-only --get-regexp core\.sshCommand
2026-07-18T22:34:55.6329756Z [command]/usr/bin/git submodule foreach --recursive sh -c "git config --local --name-only --get-regexp 'core\.sshCommand' && git config --local --unset-all 'core.sshCommand' || :"
2026-07-18T22:34:55.6707898Z [command]/usr/bin/git config --local --name-only --get-regexp http\.https\:\/\/github\.com\/\.extraheader
2026-07-18T22:34:55.6747956Z [command]/usr/bin/git submodule foreach --recursive sh -c "git config --local --name-only --get-regexp 'http\.https\:\/\/github\.com\/\.extraheader' && git config --local --unset-all 'http.https://github.com/.extraheader' || :"
2026-07-18T22:34:55.6980833Z [command]/usr/bin/git config --local --name-only --get-regexp ^includeIf\.gitdir:
2026-07-18T22:34:55.7018483Z [command]/usr/bin/git submodule foreach --recursive git config --local --show-origin --name-only --get-regexp remote.origin.url
2026-07-18T22:34:55.7254762Z [command]/usr/bin/git config --local http.https://github.com/.extraheader AUTHORIZATION: basic ***
2026-07-18T22:34:55.7297267Z ##[endgroup]
2026-07-18T22:34:55.7298661Z ##[group]Fetching the repository
2026-07-18T22:34:55.7308264Z [command]/usr/bin/git -c protocol.version=2 fetch --no-tags --prune --no-recurse-submodules --depth=1 origin +72664234930d3cb8b7a0351da5840c40fba49ac2:refs/remotes/pull/2360/merge
2026-07-18T22:35:02.2345782Z From https://github.com/Paradispartiet/History-Go
2026-07-18T22:35:02.2346984Z  * [new ref]         72664234930d3cb8b7a0351da5840c40fba49ac2 -> pull/2360/merge
2026-07-18T22:35:02.2371358Z ##[endgroup]
2026-07-18T22:35:02.2373268Z ##[group]Determining the checkout info
2026-07-18T22:35:02.2375644Z ##[endgroup]
2026-07-18T22:35:02.2381302Z [command]/usr/bin/git sparse-checkout disable
2026-07-18T22:35:02.2431221Z [command]/usr/bin/git config --local --unset-all extensions.worktreeConfig
2026-07-18T22:35:02.2462065Z ##[group]Checking out the ref
2026-07-18T22:35:02.2466286Z [command]/usr/bin/git checkout --progress --force refs/remotes/pull/2360/merge
2026-07-18T22:35:03.2574845Z Note: switching to 'refs/remotes/pull/2360/merge'.
2026-07-18T22:35:03.2575565Z 
2026-07-18T22:35:03.2576070Z You are in 'detached HEAD' state. You can look around, make experimental
2026-07-18T22:35:03.2577112Z changes and commit them, and you can discard any commits you make in this
2026-07-18T22:35:03.2578258Z state without impacting any branches by switching back to a branch.
2026-07-18T22:35:03.2578886Z 
2026-07-18T22:35:03.2579350Z If you want to create a new branch to retain commits you create, you may
2026-07-18T22:35:03.2580348Z do so (now or later) by using -c with the switch command. Example:
2026-07-18T22:35:03.2580916Z 
2026-07-18T22:35:03.2581172Z   git switch -c <new-branch-name>
2026-07-18T22:35:03.2581577Z 
2026-07-18T22:35:03.2581832Z Or undo this operation with:
2026-07-18T22:35:03.2582192Z 
2026-07-18T22:35:03.2583410Z   git switch -
2026-07-18T22:35:03.2583777Z 
2026-07-18T22:35:03.2584266Z Turn off this advice by setting config variable advice.detachedHead to false
2026-07-18T22:35:03.2584956Z 
2026-07-18T22:35:03.2585678Z HEAD is now at 7266423 Merge 416011237ad7fb6252491bc6e716330b527524f5 into 71ae35044180bcc12e823db3a395e09f44f21dca
2026-07-18T22:35:03.2694790Z ##[endgroup]
2026-07-18T22:35:03.2755554Z [command]/usr/bin/git log -1 --format=%H
2026-07-18T22:35:03.2782591Z 72664234930d3cb8b7a0351da5840c40fba49ac2
2026-07-18T22:35:03.3059757Z Node 20 is being deprecated. This workflow is running with Node 24 by default. If you need to temporarily use Node 20, you can set the ACTIONS_ALLOW_USE_UNSECURE_NODE_VERSION=true environment variable. For more information see: https://github.blog/changelog/2025-09-19-deprecation-of-node-20-on-github-actions-runners/
2026-07-18T22:35:03.3062090Z ##[group]Run actions/setup-node@v4
2026-07-18T22:35:03.3062776Z with:
2026-07-18T22:35:03.3063098Z   node-version: 22
2026-07-18T22:35:03.3063402Z   cache: npm
2026-07-18T22:35:03.3127662Z   always-auth: false
2026-07-18T22:35:03.3128050Z   check-latest: false
2026-07-18T22:35:03.3131509Z   token: ***
2026-07-18T22:35:03.3131826Z ##[endgroup]
2026-07-18T22:35:03.4740824Z Found in cache @ /opt/hostedtoolcache/node/22.23.1/x64
2026-07-18T22:35:03.4746215Z (node:2303) [DEP0040] DeprecationWarning: The `punycode` module is deprecated. Please use a userland alternative instead.
2026-07-18T22:35:03.4747524Z (Use `node --trace-deprecation ...` to show where the warning was created)
2026-07-18T22:35:03.4749211Z ##[group]Environment details
2026-07-18T22:35:05.9463248Z node: v22.23.1
2026-07-18T22:35:05.9463764Z npm: 10.9.8
2026-07-18T22:35:05.9464089Z yarn: 1.22.22
2026-07-18T22:35:05.9465538Z ##[endgroup]
2026-07-18T22:35:05.9513142Z [command]/opt/hostedtoolcache/node/22.23.1/x64/bin/npm config get cache
2026-07-18T22:35:06.1935331Z /home/runner/.npm
2026-07-18T22:35:06.4330997Z Cache hit for: node-cache-Linux-x64-npm-f63bd1ed52a86d7850bc281505970c770f2a4ed121d2cd99efbde06fe2ae2514
2026-07-18T22:35:06.4438074Z (node:2303) [DEP0169] DeprecationWarning: `url.parse()` behavior is not standardized and prone to errors that have security implications. Use the WHATWG URL API instead. CVEs are not issued for `url.parse()` vulnerabilities.
2026-07-18T22:35:07.6918625Z Received 21456757 of 42428277 (50.6%), 20.5 MBs/sec
2026-07-18T22:35:07.8629877Z Received 42428277 of 42428277 (100.0%), 34.6 MBs/sec
2026-07-18T22:35:07.8631125Z Cache Size: ~40 MB (42428277 B)
2026-07-18T22:35:07.8664802Z [command]/usr/bin/tar -xf /home/runner/work/_temp/4ae6605f-3825-4c6d-b5ba-e1e26eb442a4/cache.tzst -P -C /home/runner/work/History-Go/History-Go --use-compress-program unzstd
2026-07-18T22:35:07.9621515Z Cache restored successfully
2026-07-18T22:35:07.9645404Z Cache restored from key: node-cache-Linux-x64-npm-f63bd1ed52a86d7850bc281505970c770f2a4ed121d2cd99efbde06fe2ae2514
2026-07-18T22:35:07.9821670Z ##[group]Run npm install --no-audit --no-fund
2026-07-18T22:35:07.9822124Z [36;1mnpm install --no-audit --no-fund[0m
2026-07-18T22:35:07.9987388Z shell: /usr/bin/bash -e {0}
2026-07-18T22:35:07.9987700Z ##[endgroup]
2026-07-18T22:35:11.3463119Z 
2026-07-18T22:35:11.3473915Z added 55 packages in 3s
2026-07-18T22:35:11.4017109Z ##[group]Run npm run typecheck
2026-07-18T22:35:11.4017427Z [36;1mnpm run typecheck[0m
2026-07-18T22:35:11.4079023Z shell: /usr/bin/bash -e {0}
2026-07-18T22:35:11.4079303Z ##[endgroup]
2026-07-18T22:35:11.5112204Z 
2026-07-18T22:35:11.5112847Z > history-go@0.0.0 typecheck
2026-07-18T22:35:11.5113517Z > tsc -p tsconfig.json
2026-07-18T22:35:11.5113740Z 
2026-07-18T22:35:18.5768208Z ##[group]Run npm run typecheck:scripts
2026-07-18T22:35:18.5768604Z [36;1mnpm run typecheck:scripts[0m
2026-07-18T22:35:18.5827287Z shell: /usr/bin/bash -e {0}
2026-07-18T22:35:18.5827582Z ##[endgroup]
2026-07-18T22:35:18.6832055Z 
2026-07-18T22:35:18.6832888Z > history-go@0.0.0 typecheck:scripts
2026-07-18T22:35:18.6833718Z > tsc -p tsconfig.scripts.json
2026-07-18T22:35:18.6834061Z 
2026-07-18T22:35:19.9504733Z ##[group]Run npm run build:scripts
2026-07-18T22:35:19.9505081Z [36;1mnpm run build:scripts[0m
2026-07-18T22:35:19.9564378Z shell: /usr/bin/bash -e {0}
2026-07-18T22:35:19.9564648Z ##[endgroup]
2026-07-18T22:35:20.0571042Z 
2026-07-18T22:35:20.0571744Z > history-go@0.0.0 build:scripts
2026-07-18T22:35:20.0572321Z > tsc -p tsconfig.scripts.build.json
2026-07-18T22:35:20.0572925Z 
2026-07-18T22:35:21.5315754Z ##[group]Run npm run typecheck:tools
2026-07-18T22:35:21.5316102Z [36;1mnpm run typecheck:tools[0m
2026-07-18T22:35:21.5373891Z shell: /usr/bin/bash -e {0}
2026-07-18T22:35:21.5374157Z ##[endgroup]
2026-07-18T22:35:21.6471818Z 
2026-07-18T22:35:21.6472352Z > history-go@0.0.0 typecheck:tools
2026-07-18T22:35:21.6473315Z > tsc -p tsconfig.tools.json
2026-07-18T22:35:21.6473754Z 
2026-07-18T22:35:23.8437192Z ##[group]Run npm run build:tools
2026-07-18T22:35:23.8437521Z [36;1mnpm run build:tools[0m
2026-07-18T22:35:23.8495303Z shell: /usr/bin/bash -e {0}
2026-07-18T22:35:23.8495571Z ##[endgroup]
2026-07-18T22:35:23.9519852Z 
2026-07-18T22:35:23.9520425Z > history-go@0.0.0 build:tools
2026-07-18T22:35:23.9521053Z > tsc -p tsconfig.tools.build.json
2026-07-18T22:35:23.9521316Z 
2026-07-18T22:35:26.4604328Z Node 20 is being deprecated. This workflow is running with Node 24 by default. If you need to temporarily use Node 20, you can set the ACTIONS_ALLOW_USE_UNSECURE_NODE_VERSION=true environment variable. For more information see: https://github.blog/changelog/2025-09-19-deprecation-of-node-20-on-github-actions-runners/
2026-07-18T22:35:26.4605596Z Post job cleanup.
2026-07-18T22:35:26.5794431Z (node:2500) [DEP0040] DeprecationWarning: The `punycode` module is deprecated. Please use a userland alternative instead.
2026-07-18T22:35:26.5796071Z (Use `node --trace-deprecation ...` to show where the warning was created)
2026-07-18T22:35:26.5798212Z Cache hit occurred on the primary key node-cache-Linux-x64-npm-f63bd1ed52a86d7850bc281505970c770f2a4ed121d2cd99efbde06fe2ae2514, not saving cache.
2026-07-18T22:35:26.5940937Z Node 20 is being deprecated. This workflow is running with Node 24 by default. If you need to temporarily use Node 20, you can set the ACTIONS_ALLOW_USE_UNSECURE_NODE_VERSION=true environment variable. For more information see: https://github.blog/changelog/2025-09-19-deprecation-of-node-20-on-github-actions-runners/
2026-07-18T22:35:26.5942168Z Post job cleanup.
2026-07-18T22:35:26.6806815Z [command]/usr/bin/git version
2026-07-18T22:35:26.6847787Z git version 2.54.0
2026-07-18T22:35:26.6918902Z Temporarily overriding HOME='/home/runner/work/_temp/67c46f1c-3ecb-4b96-9499-481ffa21e8db' before making global git config changes
2026-07-18T22:35:26.6920654Z Adding repository directory to the temporary git global config as a safe directory
2026-07-18T22:35:26.6924365Z [command]/usr/bin/git config --global --add safe.directory /home/runner/work/History-Go/History-Go
2026-07-18T22:35:26.6961340Z [command]/usr/bin/git config --local --name-only --get-regexp core\.sshCommand
2026-07-18T22:35:26.6999558Z [command]/usr/bin/git submodule foreach --recursive sh -c "git config --local --name-only --get-regexp 'core\.sshCommand' && git config --local --unset-all 'core.sshCommand' || :"
2026-07-18T22:35:26.7266122Z [command]/usr/bin/git config --local --name-only --get-regexp http\.https\:\/\/github\.com\/\.extraheader
2026-07-18T22:35:26.7301098Z http.https://github.com/.extraheader
2026-07-18T22:35:26.7313606Z [command]/usr/bin/git config --local --unset-all http.https://github.com/.extraheader
2026-07-18T22:35:26.7359328Z [command]/usr/bin/git submodule foreach --recursive sh -c "git config --local --name-only --get-regexp 'http\.https\:\/\/github\.com\/\.extraheader' && git config --local --unset-all 'http.https://github.com/.extraheader' || :"
2026-07-18T22:35:26.7669695Z [command]/usr/bin/git config --local --name-only --get-regexp ^includeIf\.gitdir:
2026-07-18T22:35:26.7735284Z [command]/usr/bin/git submodule foreach --recursive git config --local --show-origin --name-only --get-regexp remote.origin.url
2026-07-18T22:35:26.8193327Z Cleaning up orphan processes
2026-07-18T22:35:26.8521028Z ##[warning]Node.js 20 is deprecated. The following actions target Node.js 20 but are being forced to run on Node.js 24: actions/checkout@v4, actions/setup-node@v4. For more information see: https://github.blog/changelog/2025-09-19-deprecation-of-node-20-on-github-actions-runners/
