$ npm run audit:quiz-progression

> history-go@0.0.0 audit:quiz-progression
> node scripts/audit-quiz-progression.mjs

{
  "status": "passed",
  "quizFilesChecked": 8,
  "openingPolicy": "data/quiz/regler/QUIZ_NORMAL_OPENING_POLICY_V1.json",
  "checked": [
    {
      "file": "data/quiz/by/deichman_bjorvika_sets.json",
      "profile": "rich_5x7",
      "balance": {
        "total": 35,
        "counts": {
          "fact": 19,
          "context": 9,
          "concept_theory": 7
        },
        "ratios": {
          "fact": 0.543,
          "context": 0.257,
          "concept_theory": 0.2
        }
      },
      "normalOpening": {
        "status": "checked",
        "checkedSets": 2,
        "checkedQuestions": 14
      }
    },
    {
      "file": "data/quiz/historie/grindheim_runestein_sets.json",
      "profile": "narrow_3x7",
      "balance": {
        "total": 21,
        "counts": {
          "fact": 12,
          "context": 5,
          "concept_theory": 4
        },
        "ratios": {
          "fact": 0.571,
          "context": 0.238,
          "concept_theory": 0.19
        }
      },
      "normalOpening": {
        "status": "checked",
        "checkedSets": 2,
        "checkedQuestions": 14
      }
    },
    {
      "file": "data/quiz/historie/grindheim_steinkross_sets.json",
      "profile": "narrow_3x7",
      "balance": {
        "total": 21,
        "counts": {
          "fact": 12,
          "context": 5,
          "concept_theory": 4
        },
        "ratios": {
          "fact": 0.571,
          "context": 0.238,
          "concept_theory": 0.19
        }
      },
      "normalOpening": {
        "status": "checked",
        "checkedSets": 2,
        "checkedQuestions": 14
      }
    },
    {
      "file": "data/quiz/historie/grindheimsveien_nord_gravfelt_sets.json",
      "profile": "narrow_3x7",
      "balance": {
        "total": 21,
        "counts": {
          "fact": 12,
          "context": 5,
          "concept_theory": 4
        },
        "ratios": {
          "fact": 0.571,
          "context": 0.238,
          "concept_theory": 0.19
        }
      },
      "normalOpening": {
        "status": "checked",
        "checkedSets": 2,
        "checkedQuestions": 14
      }
    },
    {
      "file": "data/quiz/historie/hoyland_gravhaug_etne_sets.json",
      "profile": "narrow_3x7",
      "balance": {
        "total": 21,
        "counts": {
          "fact": 12,
          "context": 5,
          "concept_theory": 4
        },
        "ratios": {
          "fact": 0.571,
          "context": 0.238,
          "concept_theory": 0.19
        }
      },
      "normalOpening": {
        "status": "checked",
        "checkedSets": 2,
        "checkedQuestions": 14
      }
    },
    {
      "file": "data/quiz/naeringsliv/telegrafbygningen_sets_merged.json",
      "profile": "rich_5x7",
      "balance": {
        "total": 35,
        "counts": {
          "fact": 27,
          "context": 1,
          "concept_theory": 7
        },
        "ratios": {
          "fact": 0.771,
          "context": 0.029,
          "concept_theory": 0.2
        }
      },
      "normalOpening": {
        "status": "checked",
        "checkedSets": 2,
        "checkedQuestions": 14
      }
    },
    {
      "file": "data/quiz/naeringsliv/oslo_posthus_sets_merged.json",
      "profile": "rich_5x7",
      "balance": {
        "total": 35,
        "counts": {
          "fact": 28,
          "context": 0,
          "concept_theory": 7
        },
        "ratios": {
          "fact": 0.8,
          "context": 0,
          "concept_theory": 0.2
        }
      },
      "normalOpening": {
        "status": "checked",
        "checkedSets": 2,
        "checkedQuestions": 14
      }
    },
    {
      "file": "data/quiz/naeringsliv/havnelageret_sets_merged.json",
      "profile": "rich_5x7",
      "balance": {
        "total": 35,
        "counts": {
          "fact": 26,
          "context": 2,
          "concept_theory": 7
        },
        "ratios": {
          "fact": 0.743,
          "context": 0.057,
          "concept_theory": 0.2
        }
      },
      "normalOpening": {
        "status": "checked",
        "checkedSets": 2,
        "checkedQuestions": 14
      }
    }
  ],
  "failures": []
}
