 D .github/history-v5-8-cold-war-runner.part-01
 D .github/history-v5-8-cold-war-runner.part-02
 D .github/history-v5-8-cold-war-runner.part-03
 M data/fag/fag_manifest.json
 M data/fag/historie/concepts_historie_canonical_v5_5.json
 M data/fag/historie/emnemapping_historie_canonical_v4_5.json
 M data/fag/historie/emner_historie_canonical_v4_5.json
 M data/fag/historie/fagkart_historie_canonical_v4_5.json
 M data/fag/historie/historie_universal_coverage_contract_v1.json
 M data/fag/historie/historie_v5_contract.json
 M data/fag/historie/historiepensum_canonical_v4_5.json
 M data/fag/historie/methods_historie_canonical_v4_5.json
 M data/fag/historie/theory_objects_historie_canonical_v5_5.json
 M data/quiz/production_context/historie/grindheim_runestein.json
 M data/quiz/production_context/historie/grindheim_steinkross.json
 M data/quiz/production_context/historie/grindheimsveien_nord_gravfelt.json
 M data/quiz/production_context/historie/hoyland_gravhaug_etne.json
 M docs/HISTORY_UNIVERSAL_COVERAGE.md
 M docs/HISTORY_V5_5_FREEZE.md
 M reports/historie-universal-coverage/audit-command.log
 M reports/historie-universal-coverage/historie-universal-coverage.json
 M reports/historie-universal-coverage/historie-universal-coverage.md
 M tools/audit-historie-v5-5-quality-depth.mjs
?? data/fag/historie/historie_v5_8_freeze_manifest.json
?? reports/historie-v5/historie-v5-8-cold-war-apply.log
?? reports/historie-v5/historie-v5-8-cold-war-domain-validation.log
?? reports/historie-v5/historie-v5-8-cold-war-expansion.json
?? reports/historie-v5/historie-v5-8-cold-war-git-status.log
?? reports/historie-v5/historie-v5-8-coverage-target-check.log
?? reports/historie-v5/historie-v5-8-inventory-check.log
?? reports/historie-v5/historie-v5-8-quality-depth.json
?? reports/historie-v5/historie-v5-8-quality-depth.md
?? reports/historie-v5/historie-v5-8-quality-freeze-verify.log
?? reports/historie-v5/historie-v5-8-quality-freeze-write.log
?? reports/historie-v5/historie-v5-8-quiz-content-test.log
?? reports/historie-v5/historie-v5-8-quiz-context-rebuild.log
?? reports/historie-v5/historie-v5-8-quiz-production-context-audit.log
?? reports/historie-v5/historie-v5-8-quiz-production-test.log
?? reports/historie-v5/historie-v5-8-quiz-progression-audit.log
?? reports/historie-v5/historie-v5-8-quiz-theory-binding-audit.log
?? reports/historie-v5/historie-v5-8-readiness.json
?? tools/validate-historie-kald-krig-etterkrig.mjs
