M  data/Civication/historyPeople_index.json
M  data/coordinate-evidence/akershus/historie/blaker_skanse.json
A  data/coordinate-evidence/akershus/historie/oscarsborg_festning.json
M  data/people/by/oslo/people_by_oslo.json
M  data/people/kunst/oslo/people_kunst_oslo.json
M  data/places/historie/akershus/places_historie_akershus_batch1/blaker_skanse.json
M  data/places/historie/akershus/places_historie_akershus_batch1/oscarsborg_festning.json
A  reports/akershus-coordinate-blaker-skanse-production-2026-07-26.md
A  reports/akershus-coordinate-blaker-skanse-source-probe/geonorge-skanseveien-43.json
A  reports/akershus-coordinate-blaker-skanse-source-probe/nominatim-blaker-skanse.json
A  reports/akershus-coordinate-blaker-skanse-source-probe/nominatim-selected-object.txt
A  reports/akershus-coordinate-blaker-skanse-source-probe/osm-blaker-skanse-bbox.xml
A  reports/akershus-coordinate-blaker-skanse-source-probe/osm-way-555936228-full.xml
A  reports/akershus-coordinate-blaker-skanse-source-probe/protected-summary.txt
A  reports/akershus-coordinate-blaker-skanse-source-probe/riksantikvaren-enkeltminner-navn-blaker-skanse.json
A  reports/akershus-coordinate-blaker-skanse-source-probe/riksantikvaren-freda-bygning-exact-1876987.json
A  reports/akershus-coordinate-blaker-skanse-source-probe/riksantikvaren-freda-bygning-exact-1877018.json
A  reports/akershus-coordinate-blaker-skanse-source-probe/riksantikvaren-freda-bygning-exact-1877181.json
A  reports/akershus-coordinate-blaker-skanse-source-probe/riksantikvaren-freda-bygninger-collections.json
A  reports/akershus-coordinate-blaker-skanse-source-probe/riksantikvaren-freda-bygninger-fredabygninger-bbox.json
A  reports/akershus-coordinate-blaker-skanse-source-probe/riksantikvaren-freda-bygninger-fredabygninger-navn-blaker-skanse.json
A  reports/akershus-coordinate-blaker-skanse-source-probe/riksantikvaren-freda-bygninger-fredabygninger-navn-blaker.json
A  reports/akershus-coordinate-blaker-skanse-source-probe/riksantikvaren-kulturmiljoer-collections.json
A  reports/akershus-coordinate-blaker-skanse-source-probe/riksantikvaren-kulturmiljoer-kulturmiljoer-bbox.json
A  reports/akershus-coordinate-blaker-skanse-source-probe/riksantikvaren-kulturmiljoer-kulturmiljoer-navn-blaker-skanse.json
A  reports/akershus-coordinate-blaker-skanse-source-probe/riksantikvaren-kulturmiljoer-kulturmiljoer-navn-blaker.json
A  reports/akershus-coordinate-blaker-skanse-source-probe/riksantikvaren-lokaliteter-navn-blaker-skanse.json
A  reports/akershus-coordinate-blaker-skanse-source-probe/riksantikvaren-target-collections.txt
A  reports/akershus-coordinate-blaker-skanse-source-probe/source-summary.txt
A  reports/akershus-coordinate-oscarsborg-source-probe-2026-07-26.md
A  reports/akershus-coordinate-oscarsborg-source-probe/official-source-summary.json
A  reports/akershus-coordinate-oscarsborg-source-probe/osm-candidate-summary.json
A  tests/oslo-radhus-core-people-profiles.test.js
M  tests/person-popup-v2.test.js
?? reports/historie-v5/historie-v5-8-main-sync-fetch.log
?? reports/historie-v5/historie-v5-8-main-sync-merge.log
?? reports/historie-v5/historie-v5-8-main-sync-status.log
?? reports/historie-v5/historie-v5-8-main-sync-workflow-exclusions.log
