 D .github/history-v5-7-war-interwar-runner.part-01
 D .github/history-v5-7-war-interwar-runner.part-02
 D .github/history-v5-7-war-interwar-runner.part-03
 D .github/history-v5-7-war-interwar-runner.part-04
 D .github/history-v5-7-war-interwar-runner.part-05
 D .github/history-v5-7-war-interwar-runner.part-06
 M data/fag/fag_manifest.json
 M data/fag/historie/concepts_historie_canonical_v5_5.json
 M data/fag/historie/emnemapping_historie_canonical_v4_5.json
 M data/fag/historie/emner_historie_canonical_v4_5.json
 M data/fag/historie/fagkart_historie_canonical_v4_5.json
 M data/fag/historie/historie_universal_coverage_contract_v1.json
 M data/fag/historie/historie_v5_contract.json
 M data/fag/historie/historiepensum_canonical_v4_5.json
 M data/fag/historie/methods_historie_canonical_v4_5.json
 M data/fag/historie/theory_objects_historie_canonical_v5_5.json
 M data/quiz/production_context/historie/grindheim_runestein.json
 M data/quiz/production_context/historie/grindheim_steinkross.json
 M data/quiz/production_context/historie/grindheimsveien_nord_gravfelt.json
 M data/quiz/production_context/historie/hoyland_gravhaug_etne.json
 M docs/HISTORY_UNIVERSAL_COVERAGE.md
 M docs/HISTORY_V5_5_FREEZE.md
 M reports/historie-universal-coverage/audit-command.log
 M reports/historie-universal-coverage/historie-universal-coverage.json
 M reports/historie-universal-coverage/historie-universal-coverage.md
 M tools/audit-historie-v5-5-quality-depth.mjs
?? data/fag/historie/historie_v5_7_freeze_manifest.json
?? reports/historie-v5/historie-v5-7-coverage-target-check.log
?? reports/historie-v5/historie-v5-7-inventory-check.log
?? reports/historie-v5/historie-v5-7-quality-depth.json
?? reports/historie-v5/historie-v5-7-quality-depth.md
?? reports/historie-v5/historie-v5-7-quality-freeze-verify.log
?? reports/historie-v5/historie-v5-7-quality-freeze-write.log
?? reports/historie-v5/historie-v5-7-quiz-content-test.log
?? reports/historie-v5/historie-v5-7-quiz-context-rebuild.log
?? reports/historie-v5/historie-v5-7-quiz-production-context-audit.log
?? reports/historie-v5/historie-v5-7-quiz-production-test.log
?? reports/historie-v5/historie-v5-7-quiz-progression-audit.log
?? reports/historie-v5/historie-v5-7-quiz-theory-binding-audit.log
?? reports/historie-v5/historie-v5-7-readiness.json
?? reports/historie-v5/historie-v5-7-war-interwar-apply.log
?? reports/historie-v5/historie-v5-7-war-interwar-domain-validation.log
?? reports/historie-v5/historie-v5-7-war-interwar-expansion.json
?? reports/historie-v5/historie-v5-7-war-interwar-git-status.log
?? tools/validate-historie-forste-verdenskrig-mellomkrig.mjs
