
> history-go@0.0.0 audit:quiz-theory-binding
> node scripts/audit-quiz-theory-binding.mjs

{
  "status": "passed",
  "quizFilesChecked": 8,
  "checked": [
    {
      "file": "data/quiz/by/deichman_bjorvika_sets.json",
      "questions": 35,
      "theoryQuestions": 3,
      "methodQuestions": 2
    },
    {
      "file": "data/quiz/historie/grindheim_runestein_sets.json",
      "questions": 21,
      "theoryQuestions": 2,
      "methodQuestions": 4
    },
    {
      "file": "data/quiz/historie/grindheim_steinkross_sets.json",
      "questions": 21,
      "theoryQuestions": 2,
      "methodQuestions": 4
    },
    {
      "file": "data/quiz/historie/grindheimsveien_nord_gravfelt_sets.json",
      "questions": 21,
      "theoryQuestions": 2,
      "methodQuestions": 4
    },
    {
      "file": "data/quiz/historie/hoyland_gravhaug_etne_sets.json",
      "questions": 21,
      "theoryQuestions": 1,
      "methodQuestions": 4
    },
    {
      "file": "data/quiz/naeringsliv/telegrafbygningen_sets_merged.json",
      "questions": 35,
      "theoryQuestions": 1,
      "methodQuestions": 7
    },
    {
      "file": "data/quiz/naeringsliv/oslo_posthus_sets_merged.json",
      "questions": 35,
      "theoryQuestions": 1,
      "methodQuestions": 7
    },
    {
      "file": "data/quiz/naeringsliv/havnelageret_sets_merged.json",
      "questions": 35,
      "theoryQuestions": 1,
      "methodQuestions": 7
    }
  ],
  "failures": []
}
