{
  "status": "INCOMPLETE",
  "expectedSummary": {
    "covered_cells": 58,
    "partial_cells": 1,
    "missing_cells": 0
  },
  "actualSummary": {
    "total_cells": 59,
    "covered_cells": 58,
    "partial_cells": 1,
    "missing_cells": 0,
    "production_passes": 5,
    "production_gaps": 6
  },
  "required": {
    "time": {
      "kald_krig_1945_1991": "COVERED"
    },
    "actors": {
      "bonder_landsbygd": "COVERED",
      "religiøse_fellesskap": "COVERED",
      "fattige_marginaliserte": "COVERED"
    }
  }
}
