{
  "status": "INCOMPLETE",
  "summary": {
    "total_cells": 59,
    "covered_cells": 54,
    "partial_cells": 5,
    "missing_cells": 0,
    "production_passes": 5,
    "production_gaps": 6
  },
  "required": {
    "time": {
      "imperialisme_1870_1914": "COVERED",
      "forste_verdenskrig_1914_1918": "COVERED",
      "mellomkrigstiden": "COVERED"
    },
    "theme": {
      "kulturhistorie": "COVERED",
      "idehistorie": "COVERED",
      "kunsthistorie": "COVERED"
    },
    "geography": {
      "norden": "COVERED",
      "europa": "COVERED",
      "afrika": "COVERED",
      "asia": "COVERED",
      "amerika": "COVERED",
      "midtosten": "COVERED"
    }
  }
}
