 D .github/history-v5-6-prehistory-runner.mjs.gz.b64
 D .github/history-v5-6-prehistory-runner.part-00
 D .github/history-v5-6-prehistory-runner.part-01
 D .github/history-v5-6-prehistory-runner.part-02
 D .github/history-v5-6-prehistory-runner.part-03
 D .github/history-v5-6-prehistory-runner.part-04
 D .github/workflows/one-time-history-v5-6-prehistory.yml
 M data/fag/fag_manifest.json
 M data/fag/historie/concepts_historie_canonical_v5_5.json
 M data/fag/historie/emnemapping_historie_canonical_v4_5.json
 M data/fag/historie/emner_historie_canonical_v4_5.json
 M data/fag/historie/fagkart_historie_canonical_v4_5.json
 M data/fag/historie/historie_universal_coverage_contract_v1.json
 M data/fag/historie/historie_v5_contract.json
 M data/fag/historie/historiepensum_canonical_v4_5.json
 M data/fag/historie/methods_historie_canonical_v4_5.json
 M data/fag/historie/theory_objects_historie_canonical_v5_5.json
 M docs/HISTORY_UNIVERSAL_COVERAGE.md
 M docs/HISTORY_V5_5_FREEZE.md
 M reports/historie-universal-coverage/audit-command.log
 M reports/historie-universal-coverage/historie-universal-coverage.json
 M reports/historie-universal-coverage/historie-universal-coverage.md
 M tools/audit-historie-universal-coverage.mjs
 M tools/audit-historie-v5-5-quality-depth.mjs
?? data/fag/historie/historie_v5_6_freeze_manifest.json
?? reports/historie-v5/historie-v5-6-inventory-check.log
?? reports/historie-v5/historie-v5-6-prehistory-apply.log
?? reports/historie-v5/historie-v5-6-prehistory-domain-validation.log
?? reports/historie-v5/historie-v5-6-prehistory-expansion.json
?? reports/historie-v5/historie-v5-6-prehistory-publish.log
?? reports/historie-v5/historie-v5-6-quality-depth.json
?? reports/historie-v5/historie-v5-6-quality-depth.md
?? reports/historie-v5/historie-v5-6-quality-freeze-verify.log
?? reports/historie-v5/historie-v5-6-quality-freeze-write.log
?? reports/historie-v5/historie-v5-6-readiness.json
?? tools/validate-historie-forhistorie-arkeologi.mjs
