TAP version 13
# Subtest: schemaet skiller eksplisitt mellom vanlig språk og dialektlag
ok 1 - schemaet skiller eksplisitt mellom vanlig språk og dialektlag
  ---
  duration_ms: 1.887133
  ...
# Subtest: dialektinnhold kan bare eies av canonical area-Places
ok 2 - dialektinnhold kan bare eies av canonical area-Places
  ---
  duration_ms: 86.269175
  ...
# Subtest: Etne-piloten er et reelt, eksplisitt area-eid dialektlag
ok 3 - Etne-piloten er et reelt, eksplisitt area-eid dialektlag
  ---
  duration_ms: 77.656524
  ...
# Subtest: Sagene-utvidelsen er et reelt area-eid og kildebelagt oslomål-lag
ok 4 - Sagene-utvidelsen er et reelt area-eid og kildebelagt oslomål-lag
  ---
  duration_ms: 70.908262
  ...
# Subtest: Oslo-atlaset skiller historisk øst/vest og multietnisk norsk uten bydelsstereotypier
ok 5 - Oslo-atlaset skiller historisk øst/vest og multietnisk norsk uten bydelsstereotypier
  ---
  duration_ms: 62.962413
  ...
# Subtest: enkelt-Places kan ha Språkleksikon uten å bli dialekt-eiere
ok 6 - enkelt-Places kan ha Språkleksikon uten å bli dialekt-eiere
  ---
  duration_ms: 61.75093
  ...
# Subtest: runtime nekter dialektlag på ikke-area Places og beholder laget i Knowledge-metadata
ok 7 - runtime nekter dialektlag på ikke-area Places og beholder laget i Knowledge-metadata
  ---
  duration_ms: 0.536774
  ...
# Subtest: områdeeid dialektlag fremheves uten å bli en egen PlaceCard-runding
ok 8 - områdeeid dialektlag fremheves uten å bli en egen PlaceCard-runding
  ---
  duration_ms: 0.571896
  ...
# Subtest: dokumentasjon og checklist skiller Språkleksikon fra det områdebundne dialektlaget
ok 9 - dokumentasjon og checklist skiller Språkleksikon fra det områdebundne dialektlaget
  ---
  duration_ms: 1.080118
  ...
# Subtest: Språkatlas Norge dekker hele dialektlandskapet uten å gjøre språkgrenser eller mennesker absolutte
ok 10 - Språkatlas Norge dekker hele dialektlandskapet uten å gjøre språkgrenser eller mennesker absolutte
  ---
  duration_ms: 1.782979
  ...
# Subtest: Place-artikler kobler seg til Språkatlas Norge uten å lage en ny PlaceCard-runding
ok 11 - Place-artikler kobler seg til Språkatlas Norge uten å lage en ny PlaceCard-runding
  ---
  duration_ms: 63.363786
  ...
# Subtest: Språkatlaset er klikkbart og tastaturnavigerbart uten å endre canonical eierskap
ok 12 - Språkatlaset er klikkbart og tastaturnavigerbart uten å endre canonical eierskap
  ---
  duration_ms: 0.741778
  ...
# Subtest: Språkatlaset behandler hovedområder som orientering og lokale talemål som eget nivå
ok 13 - Språkatlaset behandler hovedområder som orientering og lokale talemål som eget nivå
  ---
  duration_ms: 1.697672
  ...
# Subtest: Språkatlas research coverage er nasjonal og kildebåret
ok 14 - Språkatlas research coverage er nasjonal og kildebåret
  ---
  duration_ms: 1.563463
  ...
# Subtest: Lokale talemålsprofiler materialiserer konkrete påstander med direkte kildebelegg
ok 15 - Lokale talemålsprofiler materialiserer konkrete påstander med direkte kildebelegg
  ---
  duration_ms: 1.750551
  ...
# Subtest: Evidensmaterialiserte lokalprofiler har en generell kvalitetsport og forskningsstyrt andre gruppe
ok 16 - Evidensmaterialiserte lokalprofiler har en generell kvalitetsport og forskningsstyrt andre gruppe
  ---
  duration_ms: 1.703551
  ...
# Subtest: Lokal evidens skiller regional ramme, direkte korpus og separate språk
ok 17 - Lokal evidens skiller regional ramme, direkte korpus og separate språk
  ---
  duration_ms: 1.433962
  ...
# Subtest: Språkatlas kobler bare eksplisitte talemåls-Places til lokale profiler
ok 18 - Språkatlas kobler bare eksplisitte talemåls-Places til lokale profiler
  ---
  duration_ms: 78.701842
  ...
# Subtest: Språkatlas → Places bruker canonical manifest og sentral kartnavigasjon også for atlas-only Places
ok 19 - Språkatlas → Places bruker canonical manifest og sentral kartnavigasjon også for atlas-only Places
  ---
  duration_ms: 0.746995
  ...
# Subtest: Språkatlas → Places v2 gir alle evidence_materialized-profiler et eksplisitt area-Place-spor uten å kopiere evidensen
ok 20 - Språkatlas → Places v2 gir alle evidence_materialized-profiler et eksplisitt area-Place-spor uten å kopiere evidensen
  ---
  duration_ms: 79.072709
  ...
1..20
# tests 20
# suites 0
# pass 20
# fail 0
# cancelled 0
# skipped 0
# todo 0
# duration_ms 686.166653
