Civication 4H-C full-suite failure
run=32028052865

117:✓ civication-history-people-bridge.test.js
118:✓ civication-historygo-place-menu.test.js
119:✓ civication-home-snapshot.test.js
120:✓ civication-inbox-channels.test.js
121:✓ civication-inbox-top-action-open-status.test.js
122:✓ civication-incoming-flow.test.js
123:✓ civication-integrated-life-status.test.js
124:✓ civication-job-eligibility.test.js
125:✓ civication-job-learning-view-model.test.js
126:✓ civication-job-offer-eligibility-ui.test.js
127:✓ civication-kunst-life-career-split.test.js
128:✓ civication-lager-og-driftsmedarbeider-first-week-praksisfortellinger.test.js
129:✓ civication-lager-og-driftsmedarbeider-role-package.test.js
130:✓ civication-lager-og-driftsmedarbeider-second-week-praksisfortellinger.test.js
131:✓ civication-lager-og-driftsmedarbeider-two-week-flow.test.js
132:✓ civication-legacy-work-fallback-closed.test.js
133:✓ civication-life-position-career-split.test.js
134:✓ civication-life-status-economy-guard.test.js
135:✓ civication-lifestory-actions.test.js
136:✓ civication-lifestory-arbeidsledig.test.js
137:✓ civication-lifestory-barnehageassistent.test.js
138:✓ civication-lifestory-day3.test.js
139:✓ civication-lifestory-dayphase-guard.test.js
140:✓ civication-lifestory-ekspeditor.test.js
141:✓ civication-lifestory-endings.test.js
142:✓ civication-lifestory-engine.test.js
143:✓ civication-lifestory-lifestyle-bridge.test.js
144:✓ civication-lifestory-livelihood-bridge.test.js
145:✓ civication-lifestory-place-marker.test.js
146:✓ civication-lifestory-profile-conditions.test.js
147:✓ civication-lifestory-renholder.test.js
148:✓ civication-lifestory-responsive-layout.test.js
149:✓ civication-lifestory-runner.test.js
150:✓ civication-lifestory-shell-psyche-bridge.test.js
151:✓ civication-lifestory-shell-role-bridge.test.js
152:✓ civication-literature-life-career-split.test.js
153:✓ civication-literature-life-status-split.test.js
154:✓ civication-livelihood-engine.test.js
155:✓ civication-livelihood-opportunity-bridge.test.js
156:✓ civication-mail-choice-uniqueness.test.js
157:✓ civication-mail-loop.test.js
158:✓ civication-mail-thread-dedupe.test.js
159:✓ civication-media-life-career-split.test.js
160:✓ civication-mellomleder-first-week-praksisfortellinger.test.js
161:✓ civication-mellomleder-second-week-praksisfortellinger.test.js
162:✓ civication-mellomleder-two-week-flow.test.js
163:✓ civication-milestone-highlight.test.js
164:✓ civication-mini-sections-home-settled.test.js
165:✓ civication-music-life-career-split.test.js
166:✓ civication-naeringsliv-life-career-split.test.js
167:✓ civication-nature-life-career-split.test.js
168:✓ civication-next-action-consolidation.test.js
169:✓ civication-next-action-new-day.test.js
170:✓ civication-no-evening-work-gate.test.js
171:✓ civication-outcome-status-ui.test.js
172:✓ civication-phase-bundle.test.js
173:✓ civication-philosophy-life-career-split.test.js
174:✓ civication-place-menu-city-map-role.test.js
175:✓ civication-player-phase-snapshots.test.js
176:✓ civication-politics-life-career-split.test.js
177:✓ civication-politics-role-resolver.test.js
178:✓ civication-praksisfortellinger-cross-role.test.js
179:✓ civication-praksisfortellinger-registry-audit.test.js
180:✓ civication-praksisfortellinger-two-week-flow.test.js
181:✓ civication-private-phase-mailers.test.js
182:✓ civication-private-phase-profile-bridge.test.js
183:✓ civication-psychology-academic-career-ladder.test.js
184:✓ civication-psychology-career-contract.test.js
185:✓ civication-psychology-clinical-career-ladder.test.js
186:✓ civication-psychology-competence.test.js
187:✓ civication-psychology-entry-career-ladder.test.js
188:✓ civication-psychology-guidance-career-ladder.test.js
189:✓ civication-psychology-room-tools.test.js
190:✓ civication-readiness-health.test.js
191:✓ civication-reference-role-playability.test.js
192:✓ civication-reference-roles-choice-contract.test.js
193:✓ civication-relationship-engine.test.js
194:✓ civication-religion-life-career-split.test.js
195:✓ civication-renholder-first-week-praksisfortellinger.test.js
196:✓ civication-renholder-mail-plan.test.js
197:✓ civication-renholder-role-package.test.js
198:✓ civication-renholder-second-week-praksisfortellinger.test.js
199:✓ civication-renholder-two-week-flow.test.js
200:✓ civication-role-pack-depth.test.js
201:✓ civication-scene-director-daily-catalog.test.js
202:✓ civication-scene-director-ownership.test.js
203:✗ civication-scene-interaction-contract.test.js
204:✓ civication-scene-interaction-no-fallback.test.js
205:✓ civication-scene-pipeline-reachability.test.js
206:✓ civication-scene-source-adapter-life.test.js
207:✓ civication-scene-source-adapter-narrative.test.js
208:✓ civication-scene-source-adapter-private.test.js
209:✓ civication-scene-source-adapter-social.test.js
210:✓ civication-scenekunst-life-career-split.test.js
211:✓ civication-second-week-praksisfortellinger.test.js
212:✓ civication-social-conversations.test.js
213:✓ civication-social-encounter-responses.test.js
214:✓ civication-social-encounters.test.js
215:✓ civication-social-place-resolver.test.js
216:✓ civication-sport-life-career-split.test.js
217:✓ civication-state-parse-cache.test.js
218:✓ civication-storage-adapter.test.js
219:✓ civication-subkultur-career-architecture.test.js
220:✓ civication-task-gate-inline.test.js
221:✓ civication-test-mode-ui.test.js
222:✓ civication-three-map-groundhopper.test.js
223:✓ civication-three-map-place-miniatures.test.js
224:✓ civication-three-map-postprocess.test.js
225:✓ civication-three-map-projection.test.js
226:✓ civication-travel-state.test.js
227:✓ civication-ui-workday-helper.test.js
228:✓ civication-v2-main-flow.test.js
229:✓ civication-v2-min-dag-ui.test.js
230:✓ civication-vitenskap-career-architecture.test.js
231:✓ civication-work-grammar-story-simulation.test.js
232:✓ civication-workday-panel-phase-model.test.js
238:=== civication-scene-interaction-contract.test.js ===
239:AssertionError [ERR_ASSERTION]: reelt tom canonical kilde kan fortsatt bruke eksisterende fallback i denne porten
243:    at /home/runner/work/History-Go/History-Go/tests/civication-scene-interaction-contract.test.js:215:10 {
245:  code: 'ERR_ASSERTION',

--- tail ---
✓ civication-canvas-map-groundhopper.test.js
✓ civication-canvas-map-projection.test.js
✓ civication-career-gameplay-matrix.test.js
✓ civication-career-knowledge-bridge.test.js
✓ civication-career-outcome-reachability.test.js
✓ civication-career-outcome-view-model.test.js
✓ civication-career-outcomes.test.js
✓ civication-career-role-resolver.test.js
✓ civication-choice-director-answer-boundary.test.js
✓ civication-choice-director-answer-ownership.test.js
✓ civication-choice-director-career-outcome-middleware.test.js
✓ civication-choice-director-daily-middleware.test.js
✓ civication-choice-director-day-patches-middleware.test.js
✓ civication-choice-director-eligibility-middleware.test.js
✓ civication-choice-director-learning-middleware.test.js
✓ civication-choice-director-mail-runtime-middleware.test.js
✓ civication-choice-director-middleware-spine.test.js
✓ civication-city-layer-icon-only-markers.test.js
✓ civication-city-layer-map-anchor.test.js
✓ civication-city-layer-three-map-anchor.test.js
✓ civication-city-map-entries-loader.test.js
✓ civication-city-map-node-roles.test.js
✓ civication-city-map-read-model.test.js
✓ civication-city-map-unknown-building-type-diagnostic.test.js
✓ civication-city-place-role-classes.test.js
✓ civication-compiled-scene-registry-parity.test.js
✓ civication-compiled-scene-registry.test.js
✓ civication-consequence-feedback.test.js
✓ civication-controller-day1-daily-builder.test.js
✓ civication-controller-first-week-praksisfortellinger.test.js
✓ civication-controller-second-week-praksisfortellinger.test.js
✓ civication-controller-two-week-flow.test.js
✓ civication-daily-answer-latency-regression.test.js
✓ civication-daily-gameplay-loop.test.js
✓ civication-daily-mail-builder-pending-lock.test.js
✓ civication-daily-mail-force-new-ids.test.js
✓ civication-dailymailbuilder-phase-generators.test.js
✓ civication-dashboard-travel-focus.test.js
✓ civication-day-end-completed-phases.test.js
✓ civication-day-end-summary-score.test.js
✓ civication-day-phase-onappopen-defer.test.js
✓ civication-day-phase-single-owner.test.js
✓ civication-day-phase-ui-day-end.test.js
✓ civication-day-phase-ui-learning-banner.test.js
✓ civication-day-phase-ui-reentry-lock.test.js
✓ civication-day-plan.test.js
✓ civication-day-progression-day-end.test.js
✓ civication-day-roll-new-day.test.js
✓ civication-day-workday-split.test.js
✓ civication-district-modal-embed.test.js
✓ civication-economy-snapshot.test.js
✓ civication-ekspeditor-brand-flow.test.js
✓ civication-ekspeditor-first-week-praksisfortellinger.test.js
✓ civication-ekspeditor-second-week-praksisfortellinger.test.js
✓ civication-ekspeditor-two-week-flow.test.js
✓ civication-ekspeditor-ui-flow.test.js
✓ civication-ekspeditor-workmodel.test.js
✓ civication-event-channels.test.js
✓ civication-event-display-model.test.js
✓ civication-fagarbeider-first-week-praksisfortellinger.test.js
✓ civication-fagarbeider-second-week-praksisfortellinger.test.js
✓ civication-fagarbeider-two-week-flow.test.js
✓ civication-film-tv-career-architecture.test.js
✓ civication-film-tv-life-career-split.test.js
✓ civication-film-tv-produksjonsassistent-playability.test.js
✓ civication-first-week-praksisfortellinger.test.js
✓ civication-formann-first-week-praksisfortellinger.test.js
✓ civication-formann-second-week-praksisfortellinger.test.js
✓ civication-formann-two-week-flow.test.js
✓ civication-friend-action-router.test.js
✓ civication-friend-detail-card.test.js
✓ civication-friend-home-anchors.test.js
✓ civication-friend-phase-snapshots.test.js
✓ civication-friend-presence-social-places.test.js
✓ civication-friend-private-messages.test.js
✓ civication-friends-phases.test.js
✓ civication-history-figures.test.js
✓ civication-history-go-debate-leaning.test.js
✓ civication-history-go-debate-signal.test.js
✓ civication-history-go-debate-surface.test.js
✓ civication-history-go-deeplink.test.js
✓ civication-history-go-leksikon-producer.test.js
✓ civication-history-go-reads-signal.test.js
✓ civication-history-go-story-producer.test.js
✓ civication-history-go-task-bridge.test.js
✓ civication-history-life-career-split.test.js
✓ civication-history-people-bridge.test.js
✓ civication-historygo-place-menu.test.js
✓ civication-home-snapshot.test.js
✓ civication-inbox-channels.test.js
✓ civication-inbox-top-action-open-status.test.js
✓ civication-incoming-flow.test.js
✓ civication-integrated-life-status.test.js
✓ civication-job-eligibility.test.js
✓ civication-job-learning-view-model.test.js
✓ civication-job-offer-eligibility-ui.test.js
✓ civication-kunst-life-career-split.test.js
✓ civication-lager-og-driftsmedarbeider-first-week-praksisfortellinger.test.js
✓ civication-lager-og-driftsmedarbeider-role-package.test.js
✓ civication-lager-og-driftsmedarbeider-second-week-praksisfortellinger.test.js
✓ civication-lager-og-driftsmedarbeider-two-week-flow.test.js
✓ civication-legacy-work-fallback-closed.test.js
✓ civication-life-position-career-split.test.js
✓ civication-life-status-economy-guard.test.js
✓ civication-lifestory-actions.test.js
✓ civication-lifestory-arbeidsledig.test.js
✓ civication-lifestory-barnehageassistent.test.js
✓ civication-lifestory-day3.test.js
✓ civication-lifestory-dayphase-guard.test.js
✓ civication-lifestory-ekspeditor.test.js
✓ civication-lifestory-endings.test.js
✓ civication-lifestory-engine.test.js
✓ civication-lifestory-lifestyle-bridge.test.js
✓ civication-lifestory-livelihood-bridge.test.js
✓ civication-lifestory-place-marker.test.js
✓ civication-lifestory-profile-conditions.test.js
✓ civication-lifestory-renholder.test.js
✓ civication-lifestory-responsive-layout.test.js
✓ civication-lifestory-runner.test.js
✓ civication-lifestory-shell-psyche-bridge.test.js
✓ civication-lifestory-shell-role-bridge.test.js
✓ civication-literature-life-career-split.test.js
✓ civication-literature-life-status-split.test.js
✓ civication-livelihood-engine.test.js
✓ civication-livelihood-opportunity-bridge.test.js
✓ civication-mail-choice-uniqueness.test.js
✓ civication-mail-loop.test.js
✓ civication-mail-thread-dedupe.test.js
✓ civication-media-life-career-split.test.js
✓ civication-mellomleder-first-week-praksisfortellinger.test.js
✓ civication-mellomleder-second-week-praksisfortellinger.test.js
✓ civication-mellomleder-two-week-flow.test.js
✓ civication-milestone-highlight.test.js
✓ civication-mini-sections-home-settled.test.js
✓ civication-music-life-career-split.test.js
✓ civication-naeringsliv-life-career-split.test.js
✓ civication-nature-life-career-split.test.js
✓ civication-next-action-consolidation.test.js
✓ civication-next-action-new-day.test.js
✓ civication-no-evening-work-gate.test.js
✓ civication-outcome-status-ui.test.js
✓ civication-phase-bundle.test.js
✓ civication-philosophy-life-career-split.test.js
✓ civication-place-menu-city-map-role.test.js
✓ civication-player-phase-snapshots.test.js
✓ civication-politics-life-career-split.test.js
✓ civication-politics-role-resolver.test.js
✓ civication-praksisfortellinger-cross-role.test.js
✓ civication-praksisfortellinger-registry-audit.test.js
✓ civication-praksisfortellinger-two-week-flow.test.js
✓ civication-private-phase-mailers.test.js
✓ civication-private-phase-profile-bridge.test.js
✓ civication-psychology-academic-career-ladder.test.js
✓ civication-psychology-career-contract.test.js
✓ civication-psychology-clinical-career-ladder.test.js
✓ civication-psychology-competence.test.js
✓ civication-psychology-entry-career-ladder.test.js
✓ civication-psychology-guidance-career-ladder.test.js
✓ civication-psychology-room-tools.test.js
✓ civication-readiness-health.test.js
✓ civication-reference-role-playability.test.js
✓ civication-reference-roles-choice-contract.test.js
✓ civication-relationship-engine.test.js
✓ civication-religion-life-career-split.test.js
✓ civication-renholder-first-week-praksisfortellinger.test.js
✓ civication-renholder-mail-plan.test.js
✓ civication-renholder-role-package.test.js
✓ civication-renholder-second-week-praksisfortellinger.test.js
✓ civication-renholder-two-week-flow.test.js
✓ civication-role-pack-depth.test.js
✓ civication-scene-director-daily-catalog.test.js
✓ civication-scene-director-ownership.test.js
✗ civication-scene-interaction-contract.test.js
✓ civication-scene-interaction-no-fallback.test.js
✓ civication-scene-pipeline-reachability.test.js
✓ civication-scene-source-adapter-life.test.js
✓ civication-scene-source-adapter-narrative.test.js
✓ civication-scene-source-adapter-private.test.js
✓ civication-scene-source-adapter-social.test.js
✓ civication-scenekunst-life-career-split.test.js
✓ civication-second-week-praksisfortellinger.test.js
✓ civication-social-conversations.test.js
✓ civication-social-encounter-responses.test.js
✓ civication-social-encounters.test.js
✓ civication-social-place-resolver.test.js
✓ civication-sport-life-career-split.test.js
✓ civication-state-parse-cache.test.js
✓ civication-storage-adapter.test.js
✓ civication-subkultur-career-architecture.test.js
✓ civication-task-gate-inline.test.js
✓ civication-test-mode-ui.test.js
✓ civication-three-map-groundhopper.test.js
✓ civication-three-map-place-miniatures.test.js
✓ civication-three-map-postprocess.test.js
✓ civication-three-map-projection.test.js
✓ civication-travel-state.test.js
✓ civication-ui-workday-helper.test.js
✓ civication-v2-main-flow.test.js
✓ civication-v2-min-dag-ui.test.js
✓ civication-vitenskap-career-architecture.test.js
✓ civication-work-grammar-story-simulation.test.js
✓ civication-workday-panel-phase-model.test.js

227/228 testfiler OK (24.6s)

1 feilet:

=== civication-scene-interaction-contract.test.js ===
AssertionError [ERR_ASSERTION]: reelt tom canonical kilde kan fortsatt bruke eksisterende fallback i denne porten

false !== true

    at /home/runner/work/History-Go/History-Go/tests/civication-scene-interaction-contract.test.js:215:10 {
  generatedMessage: false,
  code: 'ERR_ASSERTION',
  actual: false,
  expected: true,
  operator: 'strictEqual',
  diff: 'simple'
}
