{
  "ok": true,
  "status": "verified_candidate",
  "reason": "Geonorge returnerte ett tydelig adressetreff.",
  "query": "Martin Linges vei 25 1364 Fornebu",
  "sourceProvider": "official_address",
  "sourceName": "Geonorge Adresser API v1",
  "sourceUrl": "https://ws.geonorge.no/adresser/v1/sok?sok=Martin%20Linges%20vei%2025%201364%20Fornebu",
  "sourceObjectId": "geonorge-adresser-v1:3201:1566:25",
  "coordinate": {
    "lat": 59.89478742780154,
    "lon": 10.629427258419572,
    "r": 60,
    "locatorType": "building",
    "sourceProvider": "official_address",
    "sourceObjectId": "geonorge-adresser-v1:3201:1566:25",
    "address": {
      "street": "Martin Linges vei",
      "number": "25",
      "postcode": "1364",
      "city": "FORNEBU",
      "country": "NO"
    },
    "geocodeAccuracy": "rooftop",
    "coordRole": "display_marker",
    "coordStatus": "verified",
    "coordSource": "geonorge_adresser_v1",
    "coordType": "address_point",
    "coordNote": "Offisiell adressekoordinat fra Geonorge Adresser API for Martin Linges vei 25, FORNEBU. Punktet er representasjonspunktet for adressen og brukes som display-marker, ikke som kai-, vei-, vannflate- eller generelt områdeanker."
  },
  "rawHit": {
    "adressenavn": "Martin Linges vei",
    "adressetekst": "Martin Linges vei 25",
    "adressetilleggsnavn": null,
    "adressekode": 1566,
    "nummer": 25,
    "bokstav": "",
    "kommunenummer": "3201",
    "kommunenavn": "BÆRUM",
    "gardsnummer": 41,
    "bruksnummer": 779,
    "festenummer": 0,
    "undernummer": null,
    "bruksenhetsnummer": [],
    "objtype": "Vegadresse",
    "poststed": "FORNEBU",
    "postnummer": "1364",
    "adressetekstutenadressetilleggsnavn": "Martin Linges vei 25",
    "stedfestingverifisert": true,
    "representasjonspunkt": {
      "epsg": "EPSG:4258",
      "lat": 59.89478742780154,
      "lon": 10.629427258419572
    },
    "oppdateringsdato": "2024-01-01T00:00:00"
  }
}
