materializer_sha=ce62c5eb4122540b74e7a0687e65a1926a5520ecbd03caf9d15a78763b6c9441

> history-go@0.0.0 places:index:build
> npm run build:tools && node dist/tools/build_places_index.mjs


> history-go@0.0.0 build:tools
> tsc -p tsconfig.tools.build.json

Wrote 1431 places -> data/places/places_index.json; skipped 13 disabled place(s); applied 213 category override(s)

> history-go@0.0.0 quiz:context
> node scripts/build-quiz-production-context.mjs --category naeringsliv --target telegrafbygningen --output data/quiz/production_context/naeringsliv/telegrafbygningen.json

Skrev data/quiz/production_context/naeringsliv/telegrafbygningen.json

> history-go@0.0.0 quiz:context
> node scripts/build-quiz-production-context.mjs --category naeringsliv --target oslo_posthus --output data/quiz/production_context/naeringsliv/oslo_posthus.json

Skrev data/quiz/production_context/naeringsliv/oslo_posthus.json

> history-go@0.0.0 quiz:context
> node scripts/build-quiz-production-context.mjs --category naeringsliv --target havnelageret --output data/quiz/production_context/naeringsliv/havnelageret.json

Skrev data/quiz/production_context/naeringsliv/havnelageret.json
OK: Næringsliv Oslo professional materialization validates (63 questions, 16 calculations, 3 places).
npm error Missing script: "places:emners:check"
npm error
npm error Did you mean one of these?
npm error   npm run places:coords:check # run the "places:coords:check" package script
npm error   npm run places:index:check # run the "places:index:check" package script
npm error   npm run places:emner:check # run the "places:emner:check" package script
npm error
npm error To see a list of scripts, run:
npm error   npm run
npm error A complete log of this run can be found in: /home/runner/.npm/_logs/2026-07-27T08_35_17_289Z-debug-0.log
