 M data/fag/fag_manifest.json
 M data/fag/historie/emner_historie_canonical_v4_5.json
 M data/fag/historie/historie_universal_coverage_contract_v1.json
 M data/fag/historie/historie_v5_8_freeze_manifest.json
 M data/fag/historie/historie_v5_contract.json
 M data/quiz/production_context/historie/grindheim_runestein.json
 M data/quiz/production_context/historie/grindheim_steinkross.json
 M data/quiz/production_context/historie/grindheimsveien_nord_gravfelt.json
 M data/quiz/production_context/historie/hoyland_gravhaug_etne.json
 M docs/DATA_PRODUCTION_CONTRACT.md
 M docs/HISTORY_UNIVERSAL_COVERAGE.md
 M docs/README.md
 M docs/SUBJECT_FILE_CONTRACT.md
 M docs/documentation_registry.json
 M reports/documentation-governance/inventory.json
 M reports/historie-universal-coverage/audit-command.log
 M reports/historie-universal-coverage/historie-universal-coverage.json
 M reports/historie-universal-coverage/historie-universal-coverage.md
 M reports/historie-v5/historie-v5-8-quality-depth.json
 M reports/historie-v5/historie-v5-8-quality-depth.md
 M tools/audit-historie-universal-coverage.mjs
?? data/fag/historie/case_requirements_historie_canonical_v1.json
?? data/fag/historie/claims_historie_canonical_v1.json
?? data/fag/historie/place_evidence_historie_v1.json
?? data/fag/historie/sources_historie_canonical_v1.json
?? data/fag/profiles/
?? docs/HISTORY_PROFILE_EVIDENCE_ARCHITECTURE.md
?? reports/historie-geographic-profiles/
?? reports/historie-profile-evidence/
?? tools/audit-historie-geographic-profile.mjs
?? tools/validate-historie-profile-evidence.mjs
