
> history-go@0.0.0 audit:quiz-production-context
> node scripts/audit-quiz-production-context.mjs

{
  "status": "passed",
  "categoriesWithQuizProduction": 3,
  "quizFilesChecked": 8,
  "checked": [
    {
      "categoryId": "by",
      "file": "data/quiz/by/deichman_bjorvika_sets.json",
      "targetId": "deichman_bjorvika",
      "questions": 35
    },
    {
      "categoryId": "historie",
      "file": "data/quiz/historie/grindheim_runestein_sets.json",
      "targetId": "grindheim_runestein",
      "questions": 21
    },
    {
      "categoryId": "historie",
      "file": "data/quiz/historie/grindheim_steinkross_sets.json",
      "targetId": "grindheim_steinkross",
      "questions": 21
    },
    {
      "categoryId": "historie",
      "file": "data/quiz/historie/grindheimsveien_nord_gravfelt_sets.json",
      "targetId": "grindheimsveien_nord_gravfelt",
      "questions": 21
    },
    {
      "categoryId": "historie",
      "file": "data/quiz/historie/hoyland_gravhaug_etne_sets.json",
      "targetId": "hoyland_gravhaug_etne",
      "questions": 21
    },
    {
      "categoryId": "naeringsliv",
      "file": "data/quiz/naeringsliv/telegrafbygningen_sets_merged.json",
      "targetId": "telegrafbygningen",
      "questions": 35
    },
    {
      "categoryId": "naeringsliv",
      "file": "data/quiz/naeringsliv/oslo_posthus_sets_merged.json",
      "targetId": "oslo_posthus",
      "questions": 35
    },
    {
      "categoryId": "naeringsliv",
      "file": "data/quiz/naeringsliv/havnelageret_sets_merged.json",
      "targetId": "havnelageret",
      "questions": 35
    }
  ],
  "failures": []
}
