{
  "candidates": [
    {
      "id": "leif_bjornar_larsen",
      "name": "Leif Bjørnar Larsen",
      "aliases": [
        "Leif Bjørnar Larsen",
        "Leif Bjornar Larsen",
        "Leif B. Larsen",
        "Leif Bj. Larsen"
      ]
    },
    {
      "id": "torleiv_sydnes",
      "name": "Torleiv Sydnes",
      "aliases": [
        "Torleiv Sydnes",
        "T. Sydnes"
      ]
    }
  ],
  "placeId": "skanevik_idrettsanlegg",
  "baseline": {
    "files": 544,
    "entries": 1115,
    "identityHits": {
      "leif_bjornar_larsen": [],
      "torleiv_sydnes": []
    },
    "placeLinkHits": []
  },
  "current": {
    "files": 545,
    "entries": 1117,
    "identityHits": {
      "leif_bjornar_larsen": [
        {
          "file": "people/sport/vestland/etne/people_skanevik_idrettsanlegg_batch1.json",
          "id": "leif_bjornar_larsen",
          "name": "Leif Bjørnar Larsen"
        }
      ],
      "torleiv_sydnes": [
        {
          "file": "people/sport/vestland/etne/people_skanevik_idrettsanlegg_batch1.json",
          "id": "torleiv_sydnes",
          "name": "Torleiv Sydnes"
        }
      ]
    },
    "placeLinkHits": [
      {
        "file": "people/sport/vestland/etne/people_skanevik_idrettsanlegg_batch1.json",
        "id": "leif_bjornar_larsen",
        "name": "Leif Bjørnar Larsen"
      },
      {
        "file": "people/sport/vestland/etne/people_skanevik_idrettsanlegg_batch1.json",
        "id": "torleiv_sydnes",
        "name": "Torleiv Sydnes"
      }
    ]
  }
}
