2026-07-18T22:24:06.2769847Z Current runner version: '2.335.1'
2026-07-18T22:24:06.2793889Z ##[group]Runner Image Provisioner
2026-07-18T22:24:06.2794879Z Hosted Compute Agent
2026-07-18T22:24:06.2795473Z Version: 20260707.563
2026-07-18T22:24:06.2796076Z Commit: 02667638d2b423fbc733a8e32a88b44996a3ba6e
2026-07-18T22:24:06.2796875Z Build Date: 2026-07-07T19:33:50Z
2026-07-18T22:24:06.2797550Z Worker ID: {8f089c37-a07e-4c9e-90ac-bd11d369e1ef}
2026-07-18T22:24:06.2798594Z Azure Region: westus
2026-07-18T22:24:06.2799254Z ##[endgroup]
2026-07-18T22:24:06.2801129Z ##[group]Operating System
2026-07-18T22:24:06.2801871Z Ubuntu
2026-07-18T22:24:06.2802394Z 24.04.4
2026-07-18T22:24:06.2802977Z LTS
2026-07-18T22:24:06.2803549Z ##[endgroup]
2026-07-18T22:24:06.2804095Z ##[group]Runner Image
2026-07-18T22:24:06.2804712Z Image: ubuntu-24.04
2026-07-18T22:24:06.2805292Z Version: 20260714.240.1
2026-07-18T22:24:06.2806627Z Included Software: https://github.com/actions/runner-images/blob/ubuntu24/20260714.240/images/ubuntu/Ubuntu2404-Readme.md
2026-07-18T22:24:06.2808152Z Image Release: https://github.com/actions/runner-images/releases/tag/ubuntu24%2F20260714.240
2026-07-18T22:24:06.2809390Z ##[endgroup]
2026-07-18T22:24:06.2810479Z ##[group]GITHUB_TOKEN Permissions
2026-07-18T22:24:06.2812761Z Contents: read
2026-07-18T22:24:06.2813400Z Metadata: read
2026-07-18T22:24:06.2813956Z ##[endgroup]
2026-07-18T22:24:06.2816057Z Secret source: Actions
2026-07-18T22:24:06.2816850Z Prepare workflow directory
2026-07-18T22:24:06.3209561Z Prepare all required actions
2026-07-18T22:24:06.3247653Z Getting action download info
2026-07-18T22:24:06.6336441Z Download action repository 'actions/checkout@v4' (SHA:34e114876b0b11c390a56381ad16ebd13914f8d5)
2026-07-18T22:24:06.7790018Z Download action repository 'actions/setup-node@v4' (SHA:49933ea5288caeca8642d1e84afbd3f7d6820020)
2026-07-18T22:24:06.9706238Z Complete job name: People data
2026-07-18T22:24:07.0461923Z Node 20 is being deprecated. This workflow is running with Node 24 by default. If you need to temporarily use Node 20, you can set the ACTIONS_ALLOW_USE_UNSECURE_NODE_VERSION=true environment variable. For more information see: https://github.blog/changelog/2025-09-19-deprecation-of-node-20-on-github-actions-runners/
2026-07-18T22:24:07.0471047Z ##[group]Run actions/checkout@v4
2026-07-18T22:24:07.0471790Z with:
2026-07-18T22:24:07.0472248Z   repository: Paradispartiet/History-Go
2026-07-18T22:24:07.0475980Z   token: ***
2026-07-18T22:24:07.0476407Z   ssh-strict: true
2026-07-18T22:24:07.0476840Z   ssh-user: git
2026-07-18T22:24:07.0477337Z   persist-credentials: true
2026-07-18T22:24:07.0477814Z   clean: true
2026-07-18T22:24:07.0478443Z   sparse-checkout-cone-mode: true
2026-07-18T22:24:07.0478967Z   fetch-depth: 1
2026-07-18T22:24:07.0479387Z   fetch-tags: false
2026-07-18T22:24:07.0479819Z   show-progress: true
2026-07-18T22:24:07.0480287Z   lfs: false
2026-07-18T22:24:07.0480717Z   submodules: false
2026-07-18T22:24:07.0481190Z   set-safe-directory: true
2026-07-18T22:24:07.0481970Z ##[endgroup]
2026-07-18T22:24:07.1485703Z Syncing repository: Paradispartiet/History-Go
2026-07-18T22:24:07.1488860Z ##[group]Getting Git version info
2026-07-18T22:24:07.1490174Z Working directory is '/home/runner/work/History-Go/History-Go'
2026-07-18T22:24:07.1491538Z [command]/usr/bin/git version
2026-07-18T22:24:07.1597954Z git version 2.54.0
2026-07-18T22:24:07.1624900Z ##[endgroup]
2026-07-18T22:24:07.1642987Z Temporarily overriding HOME='/home/runner/work/_temp/5ef44e1b-dc21-4bf6-964d-2804ebc939f7' before making global git config changes
2026-07-18T22:24:07.1645186Z Adding repository directory to the temporary git global config as a safe directory
2026-07-18T22:24:07.1649342Z [command]/usr/bin/git config --global --add safe.directory /home/runner/work/History-Go/History-Go
2026-07-18T22:24:07.1708011Z Deleting the contents of '/home/runner/work/History-Go/History-Go'
2026-07-18T22:24:07.1712386Z ##[group]Initializing the repository
2026-07-18T22:24:07.1717829Z [command]/usr/bin/git init /home/runner/work/History-Go/History-Go
2026-07-18T22:24:07.1866589Z hint: Using 'master' as the name for the initial branch. This default branch name
2026-07-18T22:24:07.1868197Z hint: will change to "main" in Git 3.0. To configure the initial branch name
2026-07-18T22:24:07.1870069Z hint: to use in all of your new repositories, which will suppress this warning,
2026-07-18T22:24:07.1870917Z hint: call:
2026-07-18T22:24:07.1871619Z hint:
2026-07-18T22:24:07.1872507Z hint: 	git config --global init.defaultBranch <name>
2026-07-18T22:24:07.1873553Z hint:
2026-07-18T22:24:07.1874549Z hint: Names commonly chosen instead of 'master' are 'main', 'trunk' and
2026-07-18T22:24:07.1876177Z hint: 'development'. The just-created branch can be renamed via this command:
2026-07-18T22:24:07.1877420Z hint:
2026-07-18T22:24:07.1878097Z hint: 	git branch -m <name>
2026-07-18T22:24:07.1879116Z hint:
2026-07-18T22:24:07.1880204Z hint: Disable this message with "git config set advice.defaultBranchName false"
2026-07-18T22:24:07.1881945Z Initialized empty Git repository in /home/runner/work/History-Go/History-Go/.git/
2026-07-18T22:24:07.1887361Z [command]/usr/bin/git remote add origin https://github.com/Paradispartiet/History-Go
2026-07-18T22:24:07.1973642Z ##[endgroup]
2026-07-18T22:24:07.1974971Z ##[group]Disabling automatic garbage collection
2026-07-18T22:24:07.1977794Z [command]/usr/bin/git config --local gc.auto 0
2026-07-18T22:24:07.2010712Z ##[endgroup]
2026-07-18T22:24:07.2011912Z ##[group]Setting up auth
2026-07-18T22:24:07.2019660Z [command]/usr/bin/git config --local --name-only --get-regexp core\.sshCommand
2026-07-18T22:24:07.2062263Z [command]/usr/bin/git submodule foreach --recursive sh -c "git config --local --name-only --get-regexp 'core\.sshCommand' && git config --local --unset-all 'core.sshCommand' || :"
2026-07-18T22:24:07.2490245Z [command]/usr/bin/git config --local --name-only --get-regexp http\.https\:\/\/github\.com\/\.extraheader
2026-07-18T22:24:07.2529203Z [command]/usr/bin/git submodule foreach --recursive sh -c "git config --local --name-only --get-regexp 'http\.https\:\/\/github\.com\/\.extraheader' && git config --local --unset-all 'http.https://github.com/.extraheader' || :"
2026-07-18T22:24:07.2760814Z [command]/usr/bin/git config --local --name-only --get-regexp ^includeIf\.gitdir:
2026-07-18T22:24:07.2799332Z [command]/usr/bin/git submodule foreach --recursive git config --local --show-origin --name-only --get-regexp remote.origin.url
2026-07-18T22:24:07.3029574Z [command]/usr/bin/git config --local http.https://github.com/.extraheader AUTHORIZATION: basic ***
2026-07-18T22:24:07.3067224Z ##[endgroup]
2026-07-18T22:24:07.3068154Z ##[group]Fetching the repository
2026-07-18T22:24:07.3078135Z [command]/usr/bin/git -c protocol.version=2 fetch --no-tags --prune --no-recurse-submodules --depth=1 origin +b20e9c009fb5ef2b93c0bd41a5262b822e59a4ed:refs/remotes/pull/2356/merge
2026-07-18T22:24:14.5946065Z From https://github.com/Paradispartiet/History-Go
2026-07-18T22:24:14.5948037Z  * [new ref]         b20e9c009fb5ef2b93c0bd41a5262b822e59a4ed -> pull/2356/merge
2026-07-18T22:24:14.5987512Z ##[endgroup]
2026-07-18T22:24:14.5988946Z ##[group]Determining the checkout info
2026-07-18T22:24:14.5990747Z ##[endgroup]
2026-07-18T22:24:14.5996362Z [command]/usr/bin/git sparse-checkout disable
2026-07-18T22:24:14.6049168Z [command]/usr/bin/git config --local --unset-all extensions.worktreeConfig
2026-07-18T22:24:14.6080834Z ##[group]Checking out the ref
2026-07-18T22:24:14.6087914Z [command]/usr/bin/git checkout --progress --force refs/remotes/pull/2356/merge
2026-07-18T22:24:15.6206128Z Updating files:  71% (4730/6605)
2026-07-18T22:24:15.6263939Z Updating files:  72% (4756/6605)
2026-07-18T22:24:15.6321699Z Updating files:  73% (4822/6605)
2026-07-18T22:24:15.6415763Z Updating files:  74% (4888/6605)
2026-07-18T22:24:15.6464192Z Updating files:  75% (4954/6605)
2026-07-18T22:24:15.6520989Z Updating files:  76% (5020/6605)
2026-07-18T22:24:15.6546049Z Updating files:  77% (5086/6605)
2026-07-18T22:24:15.6572037Z Updating files:  78% (5152/6605)
2026-07-18T22:24:15.6599578Z Updating files:  79% (5218/6605)
2026-07-18T22:24:15.6658120Z Updating files:  80% (5284/6605)
2026-07-18T22:24:15.6686097Z Updating files:  81% (5351/6605)
2026-07-18T22:24:15.6723385Z Updating files:  82% (5417/6605)
2026-07-18T22:24:15.6764755Z Updating files:  83% (5483/6605)
2026-07-18T22:24:15.6814057Z Updating files:  84% (5549/6605)
2026-07-18T22:24:15.6870994Z Updating files:  85% (5615/6605)
2026-07-18T22:24:15.6902666Z Updating files:  86% (5681/6605)
2026-07-18T22:24:15.6927852Z Updating files:  87% (5747/6605)
2026-07-18T22:24:15.6985324Z Updating files:  88% (5813/6605)
2026-07-18T22:24:15.7018300Z Updating files:  89% (5879/6605)
2026-07-18T22:24:15.7126601Z Updating files:  90% (5945/6605)
2026-07-18T22:24:15.7183772Z Updating files:  91% (6011/6605)
2026-07-18T22:24:15.7223015Z Updating files:  92% (6077/6605)
2026-07-18T22:24:15.7279176Z Updating files:  93% (6143/6605)
2026-07-18T22:24:15.7305323Z Updating files:  94% (6209/6605)
2026-07-18T22:24:15.7342712Z Updating files:  95% (6275/6605)
2026-07-18T22:24:15.7389350Z Updating files:  96% (6341/6605)
2026-07-18T22:24:15.7440891Z Updating files:  97% (6407/6605)
2026-07-18T22:24:15.7477345Z Updating files:  98% (6473/6605)
2026-07-18T22:24:15.7530522Z Updating files:  99% (6539/6605)
2026-07-18T22:24:15.7531209Z Updating files: 100% (6605/6605)
2026-07-18T22:24:15.7531761Z Updating files: 100% (6605/6605), done.
2026-07-18T22:24:15.7602820Z Note: switching to 'refs/remotes/pull/2356/merge'.
2026-07-18T22:24:15.7603411Z 
2026-07-18T22:24:15.7603803Z You are in 'detached HEAD' state. You can look around, make experimental
2026-07-18T22:24:15.7604699Z changes and commit them, and you can discard any commits you make in this
2026-07-18T22:24:15.7605563Z state without impacting any branches by switching back to a branch.
2026-07-18T22:24:15.7606066Z 
2026-07-18T22:24:15.7606743Z If you want to create a new branch to retain commits you create, you may
2026-07-18T22:24:15.7607584Z do so (now or later) by using -c with the switch command. Example:
2026-07-18T22:24:15.7608061Z 
2026-07-18T22:24:15.7608524Z   git switch -c <new-branch-name>
2026-07-18T22:24:15.7608854Z 
2026-07-18T22:24:15.7609058Z Or undo this operation with:
2026-07-18T22:24:15.7609348Z 
2026-07-18T22:24:15.7609524Z   git switch -
2026-07-18T22:24:15.7609749Z 
2026-07-18T22:24:15.7610147Z Turn off this advice by setting config variable advice.detachedHead to false
2026-07-18T22:24:15.7610724Z 
2026-07-18T22:24:15.7611362Z HEAD is now at b20e9c0 Merge db6e43972e5cab4a3c23e7b20becc44a79e2ad31 into fe87c5d4af51e4eae9ce97ce064f372e01843225
2026-07-18T22:24:15.7720265Z ##[endgroup]
2026-07-18T22:24:15.7771944Z [command]/usr/bin/git log -1 --format=%H
2026-07-18T22:24:15.7800617Z b20e9c009fb5ef2b93c0bd41a5262b822e59a4ed
2026-07-18T22:24:15.8068102Z Node 20 is being deprecated. This workflow is running with Node 24 by default. If you need to temporarily use Node 20, you can set the ACTIONS_ALLOW_USE_UNSECURE_NODE_VERSION=true environment variable. For more information see: https://github.blog/changelog/2025-09-19-deprecation-of-node-20-on-github-actions-runners/
2026-07-18T22:24:15.8070145Z ##[group]Run actions/setup-node@v4
2026-07-18T22:24:15.8070457Z with:
2026-07-18T22:24:15.8070693Z   node-version: 20
2026-07-18T22:24:15.8070954Z   always-auth: false
2026-07-18T22:24:15.8071209Z   check-latest: false
2026-07-18T22:24:15.8073893Z   token: ***
2026-07-18T22:24:15.8074139Z ##[endgroup]
2026-07-18T22:24:15.9548045Z Attempting to download 20...
2026-07-18T22:24:15.9656313Z (node:2296) [DEP0040] DeprecationWarning: The `punycode` module is deprecated. Please use a userland alternative instead.
2026-07-18T22:24:15.9657460Z (Use `node --trace-deprecation ...` to show where the warning was created)
2026-07-18T22:24:16.6717572Z Acquiring 20.20.2 - x64 from https://github.com/actions/node-versions/releases/download/20.20.2-23521894959/node-20.20.2-linux-x64.tar.gz
2026-07-18T22:24:17.0536454Z Extracting ...
2026-07-18T22:24:17.0658772Z [command]/usr/bin/tar xz --strip 1 --warning=no-unknown-keyword --overwrite -C /home/runner/work/_temp/8936394a-c77c-47ca-b7bd-828d46f88359 -f /home/runner/work/_temp/97f5f85c-9016-432a-b122-6b251d0bbef3
2026-07-18T22:24:18.0831364Z Adding to the cache ...
2026-07-18T22:24:19.9166470Z ##[group]Environment details
2026-07-18T22:24:20.1452739Z node: v20.20.2
2026-07-18T22:24:20.1453518Z npm: 10.8.2
2026-07-18T22:24:20.1454090Z yarn: 1.22.22
2026-07-18T22:24:20.1455079Z ##[endgroup]
2026-07-18T22:24:20.1645328Z ##[group]Run npm install --no-audit --no-fund
2026-07-18T22:24:20.1645757Z [36;1mnpm install --no-audit --no-fund[0m
2026-07-18T22:24:20.1730476Z shell: /usr/bin/bash -e {0}
2026-07-18T22:24:20.1730833Z ##[endgroup]
2026-07-18T22:24:23.0305062Z 
2026-07-18T22:24:23.0315667Z added 55 packages in 3s
2026-07-18T22:24:23.0476138Z ##[group]Run bash scripts/check-people.sh
2026-07-18T22:24:23.0476726Z [36;1mbash scripts/check-people.sh[0m
2026-07-18T22:24:23.0558589Z shell: /usr/bin/bash -e {0}
2026-07-18T22:24:23.0559023Z ##[endgroup]
2026-07-18T22:24:23.0695508Z == People JSON parse and duplicate ID check ==
2026-07-18T22:24:23.1260708Z json ok (552 files)
2026-07-18T22:24:23.1263544Z people ids ok (1127 entries, 1127 unique ids)
2026-07-18T22:24:23.1301778Z == Build tools ==
2026-07-18T22:24:23.2456771Z 
2026-07-18T22:24:23.2457473Z > history-go@0.0.0 build:tools
2026-07-18T22:24:23.2458578Z > tsc -p tsconfig.tools.build.json
2026-07-18T22:24:23.2459030Z 
2026-07-18T22:24:26.1959631Z == People invalid place refs ==
2026-07-18T22:24:26.3621126Z Wrote reports/people-invalid-place-refs.json and reports/people-invalid-place-refs.md
2026-07-18T22:24:26.3674553Z == People of places status ==
2026-07-18T22:24:26.5595466Z Wrote reports/people-of-places-status.json and reports/people-of-places-status.md
2026-07-18T22:24:26.5600084Z People: 1127; flat files: 0; geographic files: 550; invalid refs: 0; duplicate IDs: 0
2026-07-18T22:24:26.5682456Z == People place coverage ==
2026-07-18T22:24:26.7080951Z People-place audit complete: reports/people-place-coverage.json
2026-07-18T22:24:26.7085846Z People-place report complete: reports/people-place-coverage.md
2026-07-18T22:24:26.7169285Z == Etne people manifest integration ==
2026-07-18T22:24:26.7674926Z Etne people manifest integration OK (14 recovered people, 1127 active people)
2026-07-18T22:24:26.7709948Z == Etne People of Places batch 9 ==
2026-07-18T22:24:26.8207327Z Etne People of Places batch 9 OK (3 literary people, 3 direct place links)
2026-07-18T22:24:26.8242469Z == Etne People of Places batch 10 ==
2026-07-18T22:24:26.8743008Z Etne People of Places batch 10 OK (3 people, 2 direct physical-place anchors)
2026-07-18T22:24:26.8777590Z == Etne People of Places batch 11 ==
2026-07-18T22:24:26.9256861Z Etne People of Places batch 11 OK (3 museum founders, 1 direct physical-place anchor)
2026-07-18T22:24:26.9289622Z == Etne People of Places batch 12 ==
2026-07-18T22:24:26.9786648Z Etne People of Places batch 12 OK (3 canonical people, 2 newly covered physical places, 0 new people IDs)
2026-07-18T22:24:26.9820267Z == Etne People of Places batch 13 ==
2026-07-18T22:24:27.0387005Z Etne People of Places batch 13 OK (1 founder/head coach, 1 newly covered physical dojo, 1 canonical identity)
2026-07-18T22:24:27.0423309Z == Etne People of Places batch 14 ==
2026-07-18T22:24:27.0971210Z Etne People of Places batch 14 OK (1 bounded collective, 1 newly covered physical pavilion, 1 canonical identity)
2026-07-18T22:24:27.1005618Z == Etne People of Places batch 15 ==
2026-07-18T22:24:27.1525954Z Etne People of Places batch 15 OK (1 named initiator, 1 newly covered physical disc-golf course, 1 canonical identity)
2026-07-18T22:24:27.1559900Z == Etne People of Places batch 16 ==
2026-07-18T22:24:27.2135748Z Etne People of Places batch 16 OK (2 named work leaders, 1 newly covered outdoor sports facility, 2 canonical identities)
2026-07-18T22:24:27.2168928Z == Etne People of Places batch 17 ==
2026-07-18T22:24:27.2850964Z Etne People of Places batch 17 OK (2 named physical construction leaders, 1 newly covered culture hall, 2 canonical identities)
2026-07-18T22:24:27.2889347Z == Etne People of Places batch 18 ==
2026-07-18T22:24:27.3527347Z Etne People of Places batch 18 OK (3 named physical project roles, 1 newly covered swimming facility, 3 canonical identities)
2026-07-18T22:24:27.3560063Z == Etne People of Places batch 19 ==
2026-07-18T22:24:27.4075164Z Etne People of Places batch 19 OK (1 documented construction leader, 1 newly covered power plant, 1 canonical identity)
2026-07-18T22:24:27.4108056Z == Etne People of Places batch 20 ==
2026-07-18T22:24:27.4705244Z Etne People of Places batch 20 OK (3 documented initiators/builders, 1 newly covered disc golf course, 3 canonical identities)
2026-07-18T22:24:27.4737946Z == Etne People of Places batch 21 ==
2026-07-18T22:24:27.5284027Z Etne People of Places batch 21 OK (1 documented pumptrack builder, 1 newly covered place, 1 canonical identity)
2026-07-18T22:24:27.5317627Z == People check complete ==
2026-07-18T22:24:27.5426795Z Node 20 is being deprecated. This workflow is running with Node 24 by default. If you need to temporarily use Node 20, you can set the ACTIONS_ALLOW_USE_UNSECURE_NODE_VERSION=true environment variable. For more information see: https://github.blog/changelog/2025-09-19-deprecation-of-node-20-on-github-actions-runners/
2026-07-18T22:24:27.5428065Z Post job cleanup.
2026-07-18T22:24:27.6702088Z (node:2537) [DEP0040] DeprecationWarning: The `punycode` module is deprecated. Please use a userland alternative instead.
2026-07-18T22:24:27.6703463Z (Use `node --trace-deprecation ...` to show where the warning was created)
2026-07-18T22:24:27.6939471Z Node 20 is being deprecated. This workflow is running with Node 24 by default. If you need to temporarily use Node 20, you can set the ACTIONS_ALLOW_USE_UNSECURE_NODE_VERSION=true environment variable. For more information see: https://github.blog/changelog/2025-09-19-deprecation-of-node-20-on-github-actions-runners/
2026-07-18T22:24:27.6941599Z Post job cleanup.
2026-07-18T22:24:27.7824008Z [command]/usr/bin/git version
2026-07-18T22:24:27.7869632Z git version 2.54.0
2026-07-18T22:24:27.7913976Z Temporarily overriding HOME='/home/runner/work/_temp/9d570358-639d-4091-afe0-3117e5d1b120' before making global git config changes
2026-07-18T22:24:27.7915838Z Adding repository directory to the temporary git global config as a safe directory
2026-07-18T22:24:27.7919751Z [command]/usr/bin/git config --global --add safe.directory /home/runner/work/History-Go/History-Go
2026-07-18T22:24:27.7959049Z [command]/usr/bin/git config --local --name-only --get-regexp core\.sshCommand
2026-07-18T22:24:27.8020620Z [command]/usr/bin/git submodule foreach --recursive sh -c "git config --local --name-only --get-regexp 'core\.sshCommand' && git config --local --unset-all 'core.sshCommand' || :"
2026-07-18T22:24:27.8290738Z [command]/usr/bin/git config --local --name-only --get-regexp http\.https\:\/\/github\.com\/\.extraheader
2026-07-18T22:24:27.8322920Z http.https://github.com/.extraheader
2026-07-18T22:24:27.8337184Z [command]/usr/bin/git config --local --unset-all http.https://github.com/.extraheader
2026-07-18T22:24:27.8372247Z [command]/usr/bin/git submodule foreach --recursive sh -c "git config --local --name-only --get-regexp 'http\.https\:\/\/github\.com\/\.extraheader' && git config --local --unset-all 'http.https://github.com/.extraheader' || :"
2026-07-18T22:24:27.8641290Z [command]/usr/bin/git config --local --name-only --get-regexp ^includeIf\.gitdir:
2026-07-18T22:24:27.8685520Z [command]/usr/bin/git submodule foreach --recursive git config --local --show-origin --name-only --get-regexp remote.origin.url
2026-07-18T22:24:27.9167731Z Cleaning up orphan processes
2026-07-18T22:24:27.9500391Z ##[warning]Node.js 20 is deprecated. The following actions target Node.js 20 but are being forced to run on Node.js 24: actions/checkout@v4, actions/setup-node@v4. For more information see: https://github.blog/changelog/2025-09-19-deprecation-of-node-20-on-github-actions-runners/
